
 Start         Length     Name                   Class
 0001:00401000 0005D7DCH .text                   CODE
 0002:0045F000 00000800H .itext                  ICODE
 0003:00460000 00002C3CH .data                   DATA
 0004:00463000 00004CFCH .bss                    BSS
 0005:00000000 00000038H .tls                    TLS


Detailed map of segments

 0001:00000000 000057C5 C=CODE     S=.text    G=(none)   M=System   ACBP=A9
 0001:000057C8 00000105 C=CODE     S=.text    G=(none)   M=SysInit  ACBP=A9
 0001:000058D0 00000058 C=CODE     S=.text    G=(none)   M=Types    ACBP=A9
 0001:00005928 00000B3C C=CODE     S=.text    G=(none)   M=Windows  ACBP=A9
 0001:00006464 000002D8 C=CODE     S=.text    G=(none)   M=SysConst ACBP=A9
 0001:0000673C 00006791 C=CODE     S=.text    G=(none)   M=SysUtils ACBP=A9
 0001:0000CED0 000007EE C=CODE     S=.text    G=(none)   M=VarUtils ACBP=A9
 0001:0000D6C0 00002990 C=CODE     S=.text    G=(none)   M=Variants ACBP=A9
 0001:00010050 000000F8 C=CODE     S=.text    G=(none)   M=RTLConsts ACBP=A9
 0001:00010148 00000887 C=CODE     S=.text    G=(none)   M=TypInfo  ACBP=A9
 0001:000109D0 00009C6D C=CODE     S=.text    G=(none)   M=Classes  ACBP=A9
 0001:0001A640 00000191 C=CODE     S=.text    G=(none)   M=Contnrs  ACBP=A9
 0001:0001A7D4 00001262 C=CODE     S=.text    G=(none)   M=HelpIntfs ACBP=A9
 0001:0001BA38 00000772 C=CODE     S=.text    G=(none)   M=MultiMon ACBP=A9
 0001:0001C1AC 000000A6 C=CODE     S=.text    G=(none)   M=CommCtrl ACBP=A9
 0001:0001C254 00000218 C=CODE     S=.text    G=(none)   M=Consts   ACBP=A9
 0001:0001C46C 0000005D C=CODE     S=.text    G=(none)   M=IniFiles ACBP=A9
 0001:0001C4CC 000005C5 C=CODE     S=.text    G=(none)   M=Registry ACBP=A9
 0001:0001CA94 00007632 C=CODE     S=.text    G=(none)   M=Graphics ACBP=A9
 0001:000240C8 0000016A C=CODE     S=.text    G=(none)   M=SyncObjs ACBP=A9
 0001:00024234 00000BB9 C=CODE     S=.text    G=(none)   M=UxTheme  ACBP=A9
 0001:00024DF0 00000194 C=CODE     S=.text    G=(none)   M=DwmApi   ACBP=A9
 0001:00024F84 00003B6F C=CODE     S=.text    G=(none)   M=StdCtrls ACBP=A9
 0001:00028AF4 0000003A C=CODE     S=.text    G=(none)   M=Printers ACBP=A9
 0001:00028B30 00000D76 C=CODE     S=.text    G=(none)   M=GraphUtil ACBP=A9
 0001:000298A8 00000316 C=CODE     S=.text    G=(none)   M=ExtCtrls ACBP=A9
 0001:00029BC0 000006A4 C=CODE     S=.text    G=(none)   M=Dialogs  ACBP=A9
 0001:0002A264 0000003A C=CODE     S=.text    G=(none)   M=Clipbrd  ACBP=A9
 0001:0002A2A0 0000012D C=CODE     S=.text    G=(none)   M=StdActns ACBP=A9
 0001:0002A3D0 0000030E C=CODE     S=.text    G=(none)   M=FlatSB   ACBP=A9
 0001:0002A6E0 00007AE1 C=CODE     S=.text    G=(none)   M=Menus    ACBP=A9
 0001:000321C4 00013D78 C=CODE     S=.text    G=(none)   M=Controls ACBP=A9
 0001:00045F3C 00000B76 C=CODE     S=.text    G=(none)   M=Themes   ACBP=A9
 0001:00046AB4 000016DD C=CODE     S=.text    G=(none)   M=ImgList  ACBP=A9
 0001:00048194 00001332 C=CODE     S=.text    G=(none)   M=ActnList ACBP=A9
 0001:000494C8 0000F484 C=CODE     S=.text    G=(none)   M=Forms    ACBP=A9
 0001:0005894C 00000339 C=CODE     S=.text    G=(none)   M=Base64   ACBP=A9
 0001:00058C88 0000156A C=CODE     S=.text    G=(none)   M=Sha1     ACBP=A9
 0001:0005A1F4 000014E1 C=CODE     S=.text    G=(none)   M=DCPcrypt ACBP=A9
 0001:0005B6D8 000012A6 C=CODE     S=.text    G=(none)   M=DES      ACBP=A9
 0001:0005C980 0000096E C=CODE     S=.text    G=(none)   M=EDcode   ACBP=A9
 0001:0005D2F0 000002D9 C=CODE     S=.text    G=(none)   M=Unit1    ACBP=A9
 0001:0005D5CC 00000210 C=CODE     S=.text    G=(none)   M=EDoceInfo ACBP=A9
 0002:00000000 00000095 C=ICODE    S=.itext   G=(none)   M=System   ACBP=A9
 0002:00000098 00000011 C=ICODE    S=.itext   G=(none)   M=Windows  ACBP=A9
 0002:000000AC 00000088 C=ICODE    S=.itext   G=(none)   M=SysUtils ACBP=A9
 0002:00000134 0000000F C=ICODE    S=.itext   G=(none)   M=VarUtils ACBP=A9
 0002:00000144 000000AA C=ICODE    S=.itext   G=(none)   M=Variants ACBP=A9
 0002:000001F0 00000008 C=ICODE    S=.itext   G=(none)   M=TypInfo  ACBP=A9
 0002:000001F8 00000092 C=ICODE    S=.itext   G=(none)   M=Classes  ACBP=A9
 0002:0000028C 00000008 C=ICODE    S=.itext   G=(none)   M=HelpIntfs ACBP=A9
 0002:00000294 0000000F C=ICODE    S=.itext   G=(none)   M=MultiMon ACBP=A9
 0002:000002A4 00000008 C=ICODE    S=.itext   G=(none)   M=IniFiles ACBP=A9
 0002:000002AC 00000008 C=ICODE    S=.itext   G=(none)   M=Registry ACBP=A9
 0002:000002B4 000000FB C=ICODE    S=.itext   G=(none)   M=Graphics ACBP=A9
 0002:000003B0 0000001B C=ICODE    S=.itext   G=(none)   M=UxTheme  ACBP=A9
 0002:000003CC 00000008 C=ICODE    S=.itext   G=(none)   M=DwmApi   ACBP=A9
 0002:000003D4 00000008 C=ICODE    S=.itext   G=(none)   M=Printers ACBP=A9
 0002:000003DC 00000098 C=ICODE    S=.itext   G=(none)   M=GraphUtil ACBP=A9
 0002:00000474 00000044 C=ICODE    S=.itext   G=(none)   M=ExtCtrls ACBP=A9
 0002:000004B8 0000003D C=ICODE    S=.itext   G=(none)   M=Dialogs  ACBP=A9
 0002:000004F8 00000058 C=ICODE    S=.itext   G=(none)   M=Clipbrd  ACBP=A9
 0002:00000550 0000000F C=ICODE    S=.itext   G=(none)   M=FlatSB   ACBP=A9
 0002:00000560 00000085 C=ICODE    S=.itext   G=(none)   M=Menus    ACBP=A9
 0002:000005E8 0000008F C=ICODE    S=.itext   G=(none)   M=Controls ACBP=A9
 0002:00000678 00000008 C=ICODE    S=.itext   G=(none)   M=Themes   ACBP=A9
 0002:00000680 0000002A C=ICODE    S=.itext   G=(none)   M=ActnList ACBP=A9
 0002:000006AC 00000070 C=ICODE    S=.itext   G=(none)   M=Forms    ACBP=A9
 0002:0000071C 0000001E C=ICODE    S=.itext   G=(none)   M=Sha1     ACBP=A9
 0002:0000073C 00000022 C=ICODE    S=.itext   G=(none)   M=DCPcrypt ACBP=A9
 0002:00000760 00000036 C=ICODE    S=.itext   G=(none)   M=DES      ACBP=A9
 0002:00000798 00000014 C=ICODE    S=.itext   G=(none)   M=EDcode   ACBP=A9
 0002:000007AC 00000053 C=ICODE    S=.itext   G=(none)   M=EDoceInfo ACBP=A9
 0003:00000000 00000788 C=DATA     S=.data    G=DGROUP   M=System   ACBP=A9
 0003:00000788 00000020 C=DATA     S=.data    G=DGROUP   M=SysInit  ACBP=A9
 0003:000007A8 00000250 C=DATA     S=.data    G=DGROUP   M=SysUtils ACBP=A9
 0003:000009F8 00000008 C=DATA     S=.data    G=DGROUP   M=VarUtils ACBP=A9
 0003:00000A00 0000008E C=DATA     S=.data    G=DGROUP   M=Variants ACBP=A9
 0003:00000A90 0000000C C=DATA     S=.data    G=DGROUP   M=TypInfo  ACBP=A9
 0003:00000A9C 00000064 C=DATA     S=.data    G=DGROUP   M=Classes  ACBP=A9
 0003:00000B00 00000008 C=DATA     S=.data    G=DGROUP   M=IniFiles ACBP=A9
 0003:00000B08 00000008 C=DATA     S=.data    G=DGROUP   M=Registry ACBP=A9
 0003:00000B10 0000030C C=DATA     S=.data    G=DGROUP   M=Graphics ACBP=A9
 0003:00000E1C 0000005C C=DATA     S=.data    G=DGROUP   M=StdCtrls ACBP=A9
 0003:00000E78 00000004 C=DATA     S=.data    G=DGROUP   M=Printers ACBP=A9
 0003:00000E7C 00000450 C=DATA     S=.data    G=DGROUP   M=GraphUtil ACBP=A9
 0003:000012CC 00000074 C=DATA     S=.data    G=DGROUP   M=Dialogs  ACBP=A9
 0003:00001340 0000012C C=DATA     S=.data    G=DGROUP   M=Menus    ACBP=A9
 0003:0000146C 00000140 C=DATA     S=.data    G=DGROUP   M=Controls ACBP=A9
 0003:000015AC 00000068 C=DATA     S=.data    G=DGROUP   M=Themes   ACBP=A9
 0003:00001614 00000020 C=DATA     S=.data    G=DGROUP   M=ImgList  ACBP=A9
 0003:00001634 0000013C C=DATA     S=.data    G=DGROUP   M=Forms    ACBP=A9
 0003:00001770 00000040 C=DATA     S=.data    G=DGROUP   M=Base64   ACBP=A9
 0003:000017B0 00000028 C=DATA     S=.data    G=DGROUP   M=Sha1     ACBP=A9
 0003:000017D8 00001068 C=DATA     S=.data    G=DGROUP   M=DES      ACBP=A9
 0003:00002840 00000005 C=DATA     S=.data    G=DGROUP   M=EDcode   ACBP=A9
 0004:00000000 000027F0 C=BSS      S=.bss     G=DGROUP   M=System   ACBP=A9
 0004:000027F0 0000000C C=BSS      S=.bss     G=DGROUP   M=SysInit  ACBP=A9
 0004:000027FC 00000008 C=BSS      S=.bss     G=DGROUP   M=Windows  ACBP=A9
 0004:00002804 00002108 C=BSS      S=.bss     G=DGROUP   M=SysUtils ACBP=A9
 0004:0000490C 0000005C C=BSS      S=.bss     G=DGROUP   M=VarUtils ACBP=A9
 0004:00004968 00000040 C=BSS      S=.bss     G=DGROUP   M=Variants ACBP=A9
 0004:000049A8 00000004 C=BSS      S=.bss     G=DGROUP   M=TypInfo  ACBP=A9
 0004:000049AC 00000040 C=BSS      S=.bss     G=DGROUP   M=Classes  ACBP=A9
 0004:000049EC 00000008 C=BSS      S=.bss     G=DGROUP   M=HelpIntfs ACBP=A9
 0004:000049F4 00000031 C=BSS      S=.bss     G=DGROUP   M=MultiMon ACBP=A9
 0004:00004A28 00000004 C=BSS      S=.bss     G=DGROUP   M=IniFiles ACBP=A9
 0004:00004A2C 00000004 C=BSS      S=.bss     G=DGROUP   M=Registry ACBP=A9
 0004:00004A30 00000060 C=BSS      S=.bss     G=DGROUP   M=Graphics ACBP=A9
 0004:00004A90 000000DC C=BSS      S=.bss     G=DGROUP   M=UxTheme  ACBP=A9
 0004:00004B6C 00000010 C=BSS      S=.bss     G=DGROUP   M=DwmApi   ACBP=A9
 0004:00004B7C 00000004 C=BSS      S=.bss     G=DGROUP   M=Printers ACBP=A9
 0004:00004B80 00000010 C=BSS      S=.bss     G=DGROUP   M=GraphUtil ACBP=A9
 0004:00004B90 00000008 C=BSS      S=.bss     G=DGROUP   M=ExtCtrls ACBP=A9
 0004:00004B98 0000000C C=BSS      S=.bss     G=DGROUP   M=Dialogs  ACBP=A9
 0004:00004BA4 0000000C C=BSS      S=.bss     G=DGROUP   M=Clipbrd  ACBP=A9
 0004:00004BB0 00000034 C=BSS      S=.bss     G=DGROUP   M=FlatSB   ACBP=A9
 0004:00004BE4 00000010 C=BSS      S=.bss     G=DGROUP   M=Menus    ACBP=A9
 0004:00004BF4 00000088 C=BSS      S=.bss     G=DGROUP   M=Controls ACBP=A9
 0004:00004C7C 0000000C C=BSS      S=.bss     G=DGROUP   M=Themes   ACBP=A9
 0004:00004C88 00000008 C=BSS      S=.bss     G=DGROUP   M=ImgList  ACBP=A9
 0004:00004C90 00000004 C=BSS      S=.bss     G=DGROUP   M=ActnList ACBP=A9
 0004:00004C94 00000031 C=BSS      S=.bss     G=DGROUP   M=Forms    ACBP=A9
 0004:00004CC8 00000004 C=BSS      S=.bss     G=DGROUP   M=Sha1     ACBP=A9
 0004:00004CCC 0000000C C=BSS      S=.bss     G=DGROUP   M=DCPcrypt ACBP=A9
 0004:00004CD8 00000004 C=BSS      S=.bss     G=DGROUP   M=DES      ACBP=A9
 0004:00004CDC 0000001C C=BSS      S=.bss     G=DGROUP   M=EDcode   ACBP=A9
 0004:00004CF8 00000004 C=BSS      S=.bss     G=DGROUP   M=Unit1    ACBP=A9
 0005:00000000 00000008 C=TLS      S=.tls     G=(none)   M=System   ACBP=A9
 0005:00000008 00000008 C=TLS      S=.tls     G=(none)   M=Classes  ACBP=A9
 0005:00000010 00000028 C=TLS      S=.tls     G=(none)   M=GraphUtil ACBP=A9


  Address             Publics by Name

 0004:00004C90       ActnList..9
 0001:000485BC       ActnList..TActionLink
 0001:00048194       ActnList..TContainedAction
 0001:000484B4       ActnList..TCustomAction
 0001:000482B8       ActnList..TCustomActionList
 0001:00048398       ActnList..TShortCutList
 0002:00000680       ActnList.ActnList
 0001:00049498       ActnList.Finalization
 0001:00048CAC       ActnList.TActionLink.IsCaptionLinked
 0001:00048CC0       ActnList.TActionLink.IsCheckedLinked
 0001:00048CD4       ActnList.TActionLink.IsEnabledLinked
 0001:00048CE8       ActnList.TActionLink.IsGroupIndexLinked
 0001:00048CFC       ActnList.TActionLink.IsHelpContextLinked
 0001:00048D10       ActnList.TActionLink.IsHelpLinked
 0001:00048D24       ActnList.TActionLink.IsHintLinked
 0001:00048D38       ActnList.TActionLink.IsImageIndexLinked
 0001:00048D4C       ActnList.TActionLink.IsShortCutLinked
 0001:00048D60       ActnList.TActionLink.IsVisibleLinked
 0001:00048D74       ActnList.TActionLink.SetAutoCheck
 0001:00048D78       ActnList.TActionLink.SetCaption
 0001:00048D7C       ActnList.TActionLink.SetChecked
 0001:00048D80       ActnList.TActionLink.SetEnabled
 0001:00048D84       ActnList.TActionLink.SetGroupIndex
 0001:00048D88       ActnList.TActionLink.SetHelpContext
 0001:00048D8C       ActnList.TActionLink.SetHelpKeyword
 0001:00048D90       ActnList.TActionLink.SetHelpType
 0001:00048D94       ActnList.TActionLink.SetHint
 0001:00048D98       ActnList.TActionLink.SetImageIndex
 0001:00048D9C       ActnList.TActionLink.SetShortCut
 0001:00048DA0       ActnList.TActionLink.SetVisible
 0001:0004868C       ActnList.TContainedAction.Destroy
 0001:000487F8       ActnList.TContainedAction.Execute
 0001:000486C0       ActnList.TContainedAction.GetIndex
 0001:000486DC       ActnList.TContainedAction.GetParentComponent
 0001:000486EC       ActnList.TContainedAction.HasParent
 0001:000486D8       ActnList.TContainedAction.IsCategoryStored
 0001:000486FC       ActnList.TContainedAction.ReadState
 0001:000487A4       ActnList.TContainedAction.SetActionList
 0001:00048778       ActnList.TContainedAction.SetCategory
 0001:00048730       ActnList.TContainedAction.SetIndex
 0001:000487CC       ActnList.TContainedAction.SetParentComponent
 0001:00048850       ActnList.TContainedAction.Update
 0001:00048E48       ActnList.TCustomAction.AssignTo
 0001:00048DA4       ActnList.TCustomAction.Create
 0001:00048DF8       ActnList.TCustomAction.Destroy
 0001:00049368       ActnList.TCustomAction.DoHint
 0001:00049390       ActnList.TCustomAction.Execute
 0001:000493F4       ActnList.TCustomAction.GetSecondaryShortCuts
 0001:0004941C       ActnList.TCustomAction.HandleShortCut
 0001:00048EF8       ActnList.TCustomAction.SetCaption
 0001:00048F58       ActnList.TCustomAction.SetChecked
 0001:00049060       ActnList.TCustomAction.SetEnabled
 0001:00049144       ActnList.TCustomAction.SetHelpContext
 0001:000490DC       ActnList.TCustomAction.SetHelpKeyword
 0001:0004919C       ActnList.TCustomAction.SetHint
 0001:000491FC       ActnList.TCustomAction.SetImageIndex
 0001:0004931C       ActnList.TCustomAction.SetName
 0001:00049258       ActnList.TCustomAction.SetShortCut
 0001:000492BC       ActnList.TCustomAction.SetVisible
 0001:00048A80       ActnList.TCustomActionList.AddAction
 0001:00048ABC       ActnList.TCustomActionList.Change
 0001:000488A8       ActnList.TCustomActionList.Create
 0001:00048914       ActnList.TCustomActionList.Destroy
 0001:00048BC8       ActnList.TCustomActionList.ExecuteAction
 0001:000489DC       ActnList.TCustomActionList.GetAction
 0001:000489F0       ActnList.TCustomActionList.GetActionCount
 0001:00048964       ActnList.TCustomActionList.GetChildren
 0001:00048A2C       ActnList.TCustomActionList.ImageListChange
 0001:00048B24       ActnList.TCustomActionList.IsShortCut
 0001:00048A38       ActnList.TCustomActionList.Notification
 0001:00048AA0       ActnList.TCustomActionList.RemoveAction
 0001:000489AC       ActnList.TCustomActionList.SetChildOrder
 0001:000489F8       ActnList.TCustomActionList.SetImages
 0001:00048C08       ActnList.TCustomActionList.SetState
 0001:00048BE8       ActnList.TCustomActionList.UpdateAction
 0001:00049428       ActnList.TShortCutList.Add
 0001:00049454       ActnList.TShortCutList.IndexOfShortCut
 0003:00001770       Base64.B64
 0001:00058AF4       Base64.Base64Decode
 0001:00058C28       Base64.Base64DecodeStr
 0001:0005894C       Base64.Base64Encode
 0001:00058A9C       Base64.Base64EncodeStr
 0004:000049B8       Classes..95
 0001:00010F18       Classes..EBitsError
 0001:00010E08       Classes..EClassNotFound
 0001:00010FD0       Classes..EComponentError
 0001:00010C4C       Classes..EFCreateError
 0001:00010D00       Classes..EFilerError
 0001:00010BEC       Classes..EFileStreamError
 0001:00010CA8       Classes..EFOpenError
 0001:00011088       Classes..EInvalidOperation
 0001:00010EC0       Classes..EListError
 0001:0001102C       Classes..EOutOfResources
 0001:00010D58       Classes..EReadError
 0001:00010E64       Classes..EResNotFound
 0001:00010B90       Classes..EStreamError
 0001:00010F70       Classes..EStringListError
 0001:00011BF4       Classes..EThread
 0001:00010DB0       Classes..EWriteError
 0001:00011F1C       Classes..TBasicAction
 0001:00011E9C       Classes..TBasicActionLink
 0001:000111A4       Classes..TBits
 0001:00011AA0       Classes..TClassFinder
 0001:00011D3C       Classes..TComponent
 0001:00011794       Classes..TCustomMemoryStream
 0001:00011AFC       Classes..TFiler
 0001:0001170C       Classes..TFileStream
 0001:00011694       Classes..THandleStream
 0001:00012DC4       Classes..TIntConst
 0001:000112E8       Classes..TInterfacedPersistent
 0001:000110E8       Classes..TList
 0001:00011810       Classes..TMemoryStream
 0001:000111F8       Classes..TPersistent
 0001:00015DCC       Classes..TPropFixup
 0001:00015E44       Classes..TPropIntfFixup
 0001:00011B60       Classes..TReader
 0001:000120A0       Classes..TRegGroup
 0001:000120F8       Classes..TRegGroups
 0001:0001188C       Classes..TResourceStream
 0001:00011624       Classes..TStream
 0001:00011A18       Classes..TStreamAdapter
 0001:0001150C       Classes..TStringList
 0001:000113D4       Classes..TStrings
 0001:0001114C       Classes..TThreadList
 0001:00012D68       Classes.ActivateClassGroup
 0003:00000A9C       Classes.AddDataModule
 0001:000160A4       Classes.AddFinished
 0001:000160DC       Classes.AddNotFinished
 0001:00016C50       Classes.AddSubComponentsToLoaded
 0001:0001A4B4       Classes.AllocateHWnd
 0003:00000AAC       Classes.ApplicationHandleException
 0003:00000AB4       Classes.ApplicationShowException
 0001:000130C0       Classes.BeginGlobalLoading
 0003:00000AD4       Classes.BlockCode
 0001:00012064       Classes.Bounds
 0001:0001A3F0       Classes.CalcJmpOffset
 0001:00016C8C       Classes.CheckSubComponents
 0001:00019160       Classes.CheckSynchronize
 0002:000001F8       Classes.Classes
 0001:00012B2C       Classes.ClassNotFound
 0001:00016D6C       Classes.ComponentCreated
 0001:00016DEC       Classes.CreateComponent
 0001:0001A568       Classes.DeallocateHWnd
 0001:00019120       Classes.DoneThreadSynchronization
 0001:00013F18       Classes.DoWrite
 0001:00013148       Classes.EndGlobalLoading
 0001:000126CC       Classes.Error
 0001:00015C04       Classes.Error
 0003:00000AC4       Classes.FilerSignature
 0001:0001A590       Classes.Finalization
 0001:00012BEC       Classes.FindClass
 0001:00016F9C       Classes.FindExistingComponent
 0001:00012FD8       Classes.FindGlobalComponent
 0004:000049C4       Classes.FindGlobalComponentProcs
 0001:00012E80       Classes.FindIdentToInt
 0001:00015FD8       Classes.FindNestedComponent
 0001:00017F40       Classes.FindUniqueName
 0001:0001A35C       Classes.FreeIntConstList
 0001:0001A490       Classes.FreeObjectInstance
 0001:00012B98       Classes.GetClass
 0001:00012B20       Classes.GetFieldClassTable
 0004:000049C8       Classes.GlobalFixupList
 0001:00016124       Classes.GlobalFixupReferences
 0005:0000000C       Classes.GlobalLists
 0005:00000008       Classes.GlobalLoaded
 0004:000049AC       Classes.GlobalNameSpace
 0001:00012D14       Classes.GroupDescendentsWith
 0001:00017710       Classes.HandleException
 0001:00012EFC       Classes.IdentToInt
 0001:000131A4       Classes.InitComponent
 0001:0001324C       Classes.InitInheritedComponent
 0001:000190EC       Classes.InitThreadSynchronization
 0004:000049E4       Classes.InstBlockList
 0004:000049E8       Classes.InstFreeList
 0004:000049BC       Classes.IntConstList
 0001:0001303C       Classes.InternalReadComponentRes
 0001:00012F3C       Classes.IntToIdent
 0001:0001208C       Classes.InvalidPoint
 0001:00013018       Classes.IsUniqueGlobalComponentName
 0004:000049B0       Classes.IsUniqueGlobalComponentNameProc
 0001:0001A3F8       Classes.MakeObjectInstance
 0001:000138B4       Classes.Min
 0001:0001A3C8       Classes.ModuleUnload
 0003:00000AC8       Classes.NilMethod
 0001:00013118       Classes.NotifyGlobalLoading
 0001:00012014       Classes.Point
 0001:00012458       Classes.PointerInModule
 0001:00016444       Classes.PropertyNotFound
 0001:00017810       Classes.PropPathError
 0001:00016438       Classes.PropValueError
 0001:000153F4       Classes.RaiseException
 0001:00018AF4       Classes.ReadCustomVariant
 0001:00016420       Classes.ReadError
 0001:00016D8C       Classes.Recover
 0001:0001203C       Classes.Rect
 0004:000049C0       Classes.RegGroups
 0001:00012C0C       Classes.RegisterClass
 0001:00012F80       Classes.RegisterFindGlobalComponentProc
 0001:00012E54       Classes.RegisterIntegerConsts
 0003:00000AA4       Classes.RemoveDataModule
 0001:000162F0       Classes.RemoveFixupReferences
 0001:0001639C       Classes.RemoveFixups
 0001:00016734       Classes.RemoveGlobalFixup
 0001:00019138       Classes.ResetSyncEvent
 0001:00014078       Classes.ReturnAddr
 0001:000133DC       Classes.ReturnAddr
 0001:00016EFC       Classes.SetCompName
 0001:00016470       Classes.SetElementValue
 0001:00017B68       Classes.SetInterfaceReference
 0001:00017A84       Classes.SetIntIdent
 0001:00017ACC       Classes.SetObjectIdent
 0001:00016D04       Classes.SetSubComponentState
 0001:00017B0C       Classes.SetVariantReference
 0001:00018614       Classes.SkipBinary
 0001:00018644       Classes.SkipCollection
 0001:000185EC       Classes.SkipList
 0001:0001202C       Classes.SmallPoint
 0001:00012CC8       Classes.StartClassGroup
 0001:0001A3D0       Classes.StdWndProc
 0001:0001521C       Classes.StringListCompareStrings
 0004:000049B4       Classes.SyncEvent
 0003:00000AD0       Classes.SyncList
 0001:00019DC8       Classes.TBasicAction.Change
 0001:00019C5C       Classes.TBasicAction.Create
 0001:00019CA0       Classes.TBasicAction.Destroy
 0001:00019D34       Classes.TBasicAction.Execute
 0001:00019D04       Classes.TBasicAction.ExecuteTarget
 0001:00019D00       Classes.TBasicAction.HandlesTarget
 0001:00019D08       Classes.TBasicAction.Notification
 0001:00019DDC       Classes.TBasicAction.RegisterChanges
 0001:00019E28       Classes.TBasicAction.SetActionComponent
 0001:00019D6C       Classes.TBasicAction.SetOnExecute
 0001:00019DE8       Classes.TBasicAction.UnRegisterChanges
 0001:00019D50       Classes.TBasicAction.Update
 0001:00019D30       Classes.TBasicAction.UpdateTarget
 0001:00019BAC       Classes.TBasicActionLink.AssignClient
 0001:00019BE4       Classes.TBasicActionLink.Change
 0001:00019B68       Classes.TBasicActionLink.Create
 0001:00019BB0       Classes.TBasicActionLink.Destroy
 0001:00019BFC       Classes.TBasicActionLink.Execute
 0001:00019C44       Classes.TBasicActionLink.IsOnExecuteLinked
 0001:00019C18       Classes.TBasicActionLink.SetAction
 0001:00019C48       Classes.TBasicActionLink.SetOnExecute
 0001:00019C50       Classes.TBasicActionLink.Update
 0001:0001386C       Classes.TBits.Destroy
 0001:0001389C       Classes.TBits.Error
 0001:00013990       Classes.TBits.OpenBit
 0001:00013964       Classes.TBits.SetBit
 0001:000138C0       Classes.TBits.SetSize
 0001:0001293C       Classes.TClassFinder.Create
 0001:00012A68       Classes.TClassFinder.Destroy
 0001:00012A98       Classes.TClassFinder.GetClass
 0001:00013C90       Classes.TCollection.Add
 0001:00013CB0       Classes.TCollection.Clear
 0001:00019400       Classes.TComponent.BeforeDestruction
 0001:00019938       Classes.TComponent.ChangeName
 0001:00019338       Classes.TComponent.Create
 0001:000196C8       Classes.TComponent.DefineProperties
 0001:00019384       Classes.TComponent.Destroy
 0001:00019590       Classes.TComponent.DestroyComponents
 0001:000195EC       Classes.TComponent.Destroying
 0001:00019A74       Classes.TComponent.ExecuteAction
 0001:00019858       Classes.TComponent.FindComponent
 0001:0001940C       Classes.TComponent.FreeNotification
 0001:0001975C       Classes.TComponent.GetChildOwner
 0001:00019760       Classes.TComponent.GetChildParent
 0001:00019754       Classes.TComponent.GetChildren
 0001:0001994C       Classes.TComponent.GetComponent
 0001:00019978       Classes.TComponent.GetComponentCount
 0001:00019764       Classes.TComponent.GetNamePath
 0001:00019778       Classes.TComponent.GetOwner
 0001:00019780       Classes.TComponent.GetParentComponent
 0001:00019750       Classes.TComponent.HasParent
 0001:000194A0       Classes.TComponent.Insert
 0001:000194F4       Classes.TComponent.InsertComponent
 0001:00019B64       Classes.TComponent.IntfGetComponent
 0001:000197A0       Classes.TComponent.Loaded
 0001:00019668       Classes.TComponent.Notification
 0001:000197AC       Classes.TComponent.PaletteCreated
 0001:00019AE4       Classes.TComponent.QueryInterface
 0001:00019460       Classes.TComponent.ReadLeft
 0001:000197B0       Classes.TComponent.ReadState
 0001:00019474       Classes.TComponent.ReadTop
 0001:000194CC       Classes.TComponent.Remove
 0001:00019558       Classes.TComponent.RemoveComponent
 0001:0001964C       Classes.TComponent.RemoveFreeNotification
 0001:00019628       Classes.TComponent.RemoveNotification
 0001:00019AC4       Classes.TComponent.SafeCallException
 0001:0001977C       Classes.TComponent.SetChildOrder
 0001:00019988       Classes.TComponent.SetComponentIndex
 0001:000199DC       Classes.TComponent.SetDesigning
 0001:000198A8       Classes.TComponent.SetName
 0001:00019784       Classes.TComponent.SetParentComponent
 0001:00019A2C       Classes.TComponent.SetReference
 0001:00019A9C       Classes.TComponent.UpdateAction
 0001:00019794       Classes.TComponent.Updated
 0001:00019ADC       Classes.TComponent.UpdateRegistry
 0001:00019788       Classes.TComponent.Updating
 0001:00019840       Classes.TComponent.ValidateContainer
 0001:00019854       Classes.TComponent.ValidateInsert
 0001:000197C0       Classes.TComponent.ValidateRename
 0001:00019488       Classes.TComponent.WriteLeft
 0001:000197B8       Classes.TComponent.WriteState
 0001:00019494       Classes.TComponent.WriteTop
 0001:00019B24       Classes.TComponent._AddRef
 0001:00019B44       Classes.TComponent._Release
 0001:000159B0       Classes.TCustomMemoryStream.Read
 0001:000159E8       Classes.TCustomMemoryStream.Seek
 0001:000159A8       Classes.TCustomMemoryStream.SetPointer
 0001:00015D58       Classes.TFiler.Create
 0001:00015DA0       Classes.TFiler.Destroy
 0001:00015DC8       Classes.TFiler.SetRoot
 0001:00015800       Classes.TFileStream.Create
 0001:000157BC       Classes.TFileStream.Create
 0001:00015974       Classes.TFileStream.Destroy
 0001:000156F8       Classes.THandleStream.Create
 0001:00015734       Classes.THandleStream.Read
 0001:00015754       Classes.THandleStream.Seek
 0001:00015794       Classes.THandleStream.SetSize
 0001:00015780       Classes.THandleStream.SetSize
 0001:00015744       Classes.THandleStream.Write
 0004:000049CC       Classes.ThreadLock
 0001:00012E1C       Classes.TIntConst.Create
 0001:00013BD8       Classes.TInterfacedPersistent.AfterConstruction
 0001:00013C68       Classes.TInterfacedPersistent.QueryInterface
 0001:00013C28       Classes.TInterfacedPersistent._AddRef
 0001:00013C48       Classes.TInterfacedPersistent._Release
 0001:00013334       Classes.TList.Add
 0001:00013368       Classes.TList.Clear
 0001:00013380       Classes.TList.Delete
 0001:00013314       Classes.TList.Destroy
 0001:000133E0       Classes.TList.Error
 0001:00013418       Classes.TList.Error
 0001:0001346C       Classes.TList.Expand
 0001:00013484       Classes.TList.First
 0001:0001348C       Classes.TList.Get
 0001:000134B4       Classes.TList.Grow
 0001:000134E8       Classes.TList.IndexOf
 0001:00013508       Classes.TList.Insert
 0001:00013574       Classes.TList.Last
 0001:000136A0       Classes.TList.Notify
 0001:00013580       Classes.TList.Put
 0001:000135D0       Classes.TList.Remove
 0001:000135F0       Classes.TList.SetCapacity
 0001:0001362C       Classes.TList.SetCount
 0001:00015A38       Classes.TMemoryStream.Clear
 0001:00015A0C       Classes.TMemoryStream.Destroy
 0001:00015A50       Classes.TMemoryStream.LoadFromStream
 0001:00015ADC       Classes.TMemoryStream.Realloc
 0001:00015A88       Classes.TMemoryStream.SetCapacity
 0001:00015AB0       Classes.TMemoryStream.SetSize
 0001:00015B5C       Classes.TMemoryStream.Write
 0001:00013A34       Classes.TPersistent.Assign
 0001:00013A48       Classes.TPersistent.AssignError
 0001:00013B18       Classes.TPersistent.AssignTo
 0001:00013B20       Classes.TPersistent.DefineProperties
 0001:00013A08       Classes.TPersistent.Destroy
 0001:00013B24       Classes.TPersistent.GetNamePath
 0001:00013BD4       Classes.TPersistent.GetOwner
 0001:00015EA4       Classes.TPropFixup.Create
 0001:00015EFC       Classes.TPropFixup.MakeGlobalReference
 0001:00015F44       Classes.TPropFixup.ResolveReference
 0001:00015F54       Classes.TPropIntfFixup.ResolveReference
 0001:000164C4       Classes.TReader.CheckValue
 0001:00016524       Classes.TReader.DefineBinaryProperty
 0001:000164E8       Classes.TReader.DefineProperty
 0001:00016488       Classes.TReader.Destroy
 0001:000167B0       Classes.TReader.DoFixupReferences
 0001:0001660C       Classes.TReader.EndOfList
 0001:00016620       Classes.TReader.Error
 0001:00018940       Classes.TReader.FindAncestorComponent
 0001:00018A38       Classes.TReader.FindComponentClass
 0001:000166CC       Classes.TReader.FindMethod
 0001:00016644       Classes.TReader.FindMethodInstance
 0001:000168F4       Classes.TReader.FlushBuffer
 0001:00016918       Classes.TReader.FreeFixups
 0001:00016954       Classes.TReader.GetFieldClass
 0001:000169EC       Classes.TReader.GetPosition
 0001:00016A04       Classes.TReader.NextValue
 0001:00016A14       Classes.TReader.PropertyError
 0001:00016A28       Classes.TReader.Read
 0001:00016AB0       Classes.TReader.ReadBoolean
 0001:00016A74       Classes.TReader.ReadBuffer
 0001:00016AC4       Classes.TReader.ReadChar
 0001:00016B80       Classes.TReader.ReadCollection
 0001:00017040       Classes.TReader.ReadComponent
 0001:00017480       Classes.TReader.ReadCurrency
 0001:00017280       Classes.TReader.ReadData
 0001:000172F0       Classes.TReader.ReadDataInner
 0001:000174D0       Classes.TReader.ReadDate
 0001:000173F8       Classes.TReader.ReadDouble
 0001:000173C0       Classes.TReader.ReadFloat
 0001:00017514       Classes.TReader.ReadIdent
 0001:0001767C       Classes.TReader.ReadInt64
 0001:00017610       Classes.TReader.ReadInteger
 0001:000176C0       Classes.TReader.ReadListBegin
 0001:000176C8       Classes.TReader.ReadListEnd
 0001:000176D0       Classes.TReader.ReadPrefix
 0001:0001782C       Classes.TReader.ReadProperty
 0001:00017C28       Classes.TReader.ReadPropValue
 0001:00017FA0       Classes.TReader.ReadRootComponent
 0001:000182D4       Classes.TReader.ReadSet
 0001:00018390       Classes.TReader.ReadSignature
 0001:0001743C       Classes.TReader.ReadSingle
 0001:000183B4       Classes.TReader.ReadStr
 0001:000183F0       Classes.TReader.ReadString
 0001:00018590       Classes.TReader.ReadValue
 0001:00018CBC       Classes.TReader.ReadVariant
 0001:00016B24       Classes.TReader.ReadWideChar
 0001:000184AC       Classes.TReader.ReadWideString
 0001:000189F8       Classes.TReader.ReferenceName
 0001:00018A10       Classes.TReader.SetName
 0001:00018AAC       Classes.TReader.SkipBytes
 0001:00018898       Classes.TReader.SkipComponent
 0001:00018850       Classes.TReader.SkipProperty
 0001:000185A4       Classes.TReader.SkipSetBody
 0001:000186A0       Classes.TReader.SkipValue
 0001:00012150       Classes.TRegGroup.AddClass
 0001:0001215C       Classes.TRegGroup.BestClass
 0001:000121BC       Classes.TRegGroup.BestGroup
 0001:0001222C       Classes.TRegGroup.Create
 0001:00012288       Classes.TRegGroup.Destroy
 0001:000122C8       Classes.TRegGroup.GetClass
 0001:00012330       Classes.TRegGroup.InGroup
 0001:00012374       Classes.TRegGroup.RegisterClass
 0001:00012434       Classes.TRegGroup.Registered
 0001:00012478       Classes.TRegGroup.UnregisterModuleClasses
 0001:00012524       Classes.TRegGroups.Activate
 0001:00012570       Classes.TRegGroups.Create
 0001:000125E4       Classes.TRegGroups.Destroy
 0001:00012644       Classes.TRegGroups.FindGroup
 0001:00012688       Classes.TRegGroups.GetClass
 0001:0001275C       Classes.TRegGroups.GroupWith
 0001:00012828       Classes.TRegGroups.Lock
 0001:00012834       Classes.TRegGroups.RegisterClass
 0001:0001284C       Classes.TRegGroups.Registered
 0001:00012890       Classes.TRegGroups.StartGroup
 0001:000128E0       Classes.TRegGroups.Unlock
 0001:000128EC       Classes.TRegGroups.UnregisterModuleClasses
 0001:00015BAC       Classes.TResourceStream.Create
 0001:00015D10       Classes.TResourceStream.Destroy
 0001:00015CA4       Classes.TResourceStream.Initialize
 0001:00015D40       Classes.TResourceStream.Write
 0001:000155A4       Classes.TStream.CopyFrom
 0001:00015308       Classes.TStream.GetPosition
 0001:0001533C       Classes.TStream.GetSize
 0001:00015534       Classes.TStream.ReadBuffer
 0001:00015698       Classes.TStream.ReadComponent
 0001:00015440       Classes.TStream.Seek
 0001:000154C4       Classes.TStream.Seek
 0001:00015328       Classes.TStream.SetPosition
 0001:000153A0       Classes.TStream.SetSize
 0001:00015388       Classes.TStream.SetSize
 0001:0001538C       Classes.TStream.SetSize64
 0001:0001556C       Classes.TStream.WriteBuffer
 0001:0001A344       Classes.TStreamAdapter.Clone
 0001:0001A298       Classes.TStreamAdapter.Commit
 0001:0001A090       Classes.TStreamAdapter.CopyTo
 0001:00019E54       Classes.TStreamAdapter.Create
 0001:00019EA0       Classes.TStreamAdapter.Destroy
 0001:0001A2B0       Classes.TStreamAdapter.LockRegion
 0001:00019ED8       Classes.TStreamAdapter.Read
 0001:0001A2A4       Classes.TStreamAdapter.Revert
 0001:00019FA8       Classes.TStreamAdapter.Seek
 0001:0001A02C       Classes.TStreamAdapter.SetSize
 0001:0001A2C8       Classes.TStreamAdapter.Stat
 0001:0001A2BC       Classes.TStreamAdapter.UnlockRegion
 0001:00019F40       Classes.TStreamAdapter.Write
 0001:00014C88       Classes.TStringList.Add
 0001:00014C98       Classes.TStringList.AddObject
 0001:00014CFC       Classes.TStringList.Changed
 0001:00014D18       Classes.TStringList.Changing
 0001:00014D34       Classes.TStringList.Clear
 0001:00015284       Classes.TStringList.CompareStrings
 0001:0001524C       Classes.TStringList.CustomSort
 0001:00014D74       Classes.TStringList.Delete
 0001:00014C2C       Classes.TStringList.Destroy
 0001:00014DE0       Classes.TStringList.Exchange
 0001:00014E3C       Classes.TStringList.ExchangeItems
 0001:00014E60       Classes.TStringList.Find
 0001:00014EE4       Classes.TStringList.Get
 0001:00014F18       Classes.TStringList.GetCapacity
 0001:00014F1C       Classes.TStringList.GetCount
 0001:00014F20       Classes.TStringList.GetObject
 0001:00014F48       Classes.TStringList.Grow
 0001:00014F7C       Classes.TStringList.IndexOf
 0001:00014FB8       Classes.TStringList.Insert
 0001:0001501C       Classes.TStringList.InsertItem
 0001:00014FC8       Classes.TStringList.InsertObject
 0001:00015098       Classes.TStringList.Put
 0001:000150F4       Classes.TStringList.PutObject
 0001:00015134       Classes.TStringList.QuickSort
 0001:000151C8       Classes.TStringList.SetCapacity
 0001:000151E4       Classes.TStringList.SetSorted
 0001:00015204       Classes.TStringList.SetUpdateState
 0001:0001523C       Classes.TStringList.Sort
 0001:00013D48       Classes.TStrings.Add
 0001:00013D6C       Classes.TStrings.AddObject
 0001:00013D90       Classes.TStrings.AddStrings
 0001:00013E48       Classes.TStrings.Assign
 0001:00013F00       Classes.TStrings.BeginUpdate
 0001:00014BB4       Classes.TStrings.CompareStrings
 0001:00013F70       Classes.TStrings.DefineProperties
 0001:00013D18       Classes.TStrings.Destroy
 0001:00013FBC       Classes.TStrings.EndUpdate
 0001:00013FD0       Classes.TStrings.Equals
 0001:000140B4       Classes.TStrings.Error
 0001:0001407C       Classes.TStrings.Error
 0001:0001410C       Classes.TStrings.Exchange
 0001:000141F8       Classes.TStrings.GetCapacity
 0001:00014B54       Classes.TStrings.GetLineBreak
 0001:00014BF8       Classes.TStrings.GetNameValueSeparator
 0001:00014200       Classes.TStrings.GetObject
 0001:00014204       Classes.TStrings.GetText
 0001:00014258       Classes.TStrings.GetTextStr
 0001:00014390       Classes.TStrings.IndexOf
 0001:0001441C       Classes.TStrings.IndexOfName
 0001:000144F0       Classes.TStrings.IndexOfObject
 0001:00014524       Classes.TStrings.InsertObject
 0001:00014554       Classes.TStrings.LoadFromFile
 0001:000145A8       Classes.TStrings.LoadFromStream
 0001:00014654       Classes.TStrings.Move
 0001:00014704       Classes.TStrings.Put
 0001:00014734       Classes.TStrings.PutObject
 0001:00014738       Classes.TStrings.ReadData
 0001:000147E8       Classes.TStrings.SaveToFile
 0001:00014840       Classes.TStrings.SaveToStream
 0001:000148A0       Classes.TStrings.SetCapacity
 0001:00014B88       Classes.TStrings.SetLineBreak
 0001:00014C10       Classes.TStrings.SetNameValueSeparator
 0001:000148A4       Classes.TStrings.SetStringsAdapter
 0001:000148D8       Classes.TStrings.SetText
 0001:00014928       Classes.TStrings.SetTextStr
 0001:00014ACC       Classes.TStrings.SetUpdateState
 0001:00014AD0       Classes.TStrings.WriteData
 0001:00013774       Classes.TThreadList.Add
 0001:000136A4       Classes.TThreadList.Create
 0001:000136F8       Classes.TThreadList.Destroy
 0001:000137FC       Classes.TThreadList.LockList
 0001:00013810       Classes.TThreadList.Remove
 0001:00013860       Classes.TThreadList.UnlockList
 0001:00018EDC       Classes.TWriter.Write
 0001:00018F40       Classes.TWriter.WriteBoolean
 0001:00018F28       Classes.TWriter.WriteBuffer
 0001:00018F54       Classes.TWriter.WriteInteger
 0001:00018FC8       Classes.TWriter.WriteListBegin
 0001:00018FD0       Classes.TWriter.WriteListEnd
 0001:00018FD8       Classes.TWriter.WriteMinStr
 0001:00019084       Classes.TWriter.WriteString
 0001:000190D8       Classes.TWriter.WriteValue
 0001:00012FC0       Classes.UnregisterFindGlobalComponentProc
 0001:00012C7C       Classes.UnRegisterModuleClasses
 0003:00000AD8       Classes.UtilWindowClass
 0001:00019144       Classes.WaitForSyncEvent
 0003:00000ABC       Classes.WakeMainThread
 0004:00004BA8       Clipbrd..2
 0004:00004BA6       Clipbrd.CF_COMPONENT
 0004:00004BA4       Clipbrd.CF_PICTURE
 0002:000004F8       Clipbrd.Clipbrd
 0004:00004BAC       Clipbrd.FClipboard
 0001:0002A264       Clipbrd.Finalization
 0001:0001C1CC       CommCtrl.ImageList_Add
 0001:0001C1FC       CommCtrl.ImageList_BeginDrag
 0001:0001C1AC       CommCtrl.ImageList_Create
 0001:0001C1B4       CommCtrl.ImageList_Destroy
 0001:0001C20C       CommCtrl.ImageList_DragEnter
 0001:0001C214       CommCtrl.ImageList_DragLeave
 0001:0001C21C       CommCtrl.ImageList_DragMove
 0001:0001C224       CommCtrl.ImageList_DragShowNolock
 0001:0001C1E4       CommCtrl.ImageList_Draw
 0001:0001C1EC       CommCtrl.ImageList_DrawEx
 0001:0001C204       CommCtrl.ImageList_EndDrag
 0001:0001C1DC       CommCtrl.ImageList_GetBkColor
 0001:0001C23C       CommCtrl.ImageList_GetIconSize
 0001:0001C1BC       CommCtrl.ImageList_GetImageCount
 0001:0001C22C       CommCtrl.ImageList_Read
 0001:0001C1F4       CommCtrl.ImageList_Remove
 0001:0001C1D4       CommCtrl.ImageList_SetBkColor
 0001:0001C244       CommCtrl.ImageList_SetIconSize
 0001:0001C1C4       CommCtrl.ImageList_SetImageCount
 0001:0001C234       CommCtrl.ImageList_Write
 0001:0001C24C       CommCtrl._TrackMouseEvent
 0001:0001A640       Contnrs..TOrderedList
 0001:0001A6A8       Contnrs..TStack
 0001:0001A720       Contnrs.TOrderedList.Create
 0001:0001A764       Contnrs.TOrderedList.Destroy
 0001:0001A794       Contnrs.TOrderedList.PeekItem
 0001:0001A708       Contnrs.TOrderedList.Pop
 0001:0001A7A8       Contnrs.TOrderedList.PopItem
 0001:0001A710       Contnrs.TOrderedList.Push
 0001:0001A7C8       Contnrs.TStack.PushItem
 0004:00004C04       Controls..33
 0001:000322F8       Controls..TBaseDragControlObject
 0001:00033684       Controls..TControl
 0001:000327C8       Controls..TControlActionLink
 0001:00032640       Controls..TControlCanvas
 0001:0003444C       Controls..TCustomControl
 0001:000326E0       Controls..TCustomControlAction
 0001:00034894       Controls..TDockTree
 0001:00034748       Controls..TDockZone
 0001:000323BC       Controls..TDragControlObject
 0001:00032448       Controls..TDragControlObjectEx
 0001:000324D8       Controls..TDragDockObject
 0001:000325A0       Controls..TDragDockObjectEx
 0001:00032254       Controls..TDragObject
 0001:00034328       Controls..TGraphicControl
 0001:000345B8       Controls..THintWindow
 0001:00032C18       Controls..TMargins
 0001:00034938       Controls..TMouse
 0001:00032D30       Controls..TPadding
 0001:00034E9C       Controls..TSiteList
 0001:00032ACC       Controls..TSizeConstraints
 0001:00033F18       Controls..TWinControl
 0001:00033AF4       Controls..TWinControlActionLink
 0001:0003550C       Controls.AbsMin
 0004:00004C38       Controls.ActiveDrag
 0001:0003B9CC       Controls.AlignWork
 0003:00001478       Controls.AnchorAlign
 0003:0000146C       Controls.AnimateWindowProc
 0003:00001578       Controls.AnimationStyle
 0001:00038484       Controls.BackgroundClipped
 0001:000450A8       Controls.CalcSplitterPos
 0001:000365B0       Controls.CancelDrag
 0004:00004C4C       Controls.CanvasList
 0003:00001530       Controls.CaptureControl
 0001:0003498C       Controls.ChangeBiDiModeAlignment
 0001:00036218       Controls.CheckUndock
 0001:00041F30       Controls.ClientToWindow
 0004:00004C0A       Controls.ControlAtom
 0004:00004C10       Controls.ControlAtomString
 0002:000005E8       Controls.Controls
 0003:00001470       Controls.CreationControl
 0003:00001534       Controls.csPerformingShowingChanged
 0003:00001570       Controls.Ctl3DStyles
 0003:00001480       Controls.Cursors
 0001:00034D34       Controls.CursorToIdent
 0003:00001474       Controls.DefaultDockTreeClass
 0001:0003C958       Controls.DestroyChildWindow
 0001:0003B840       Controls.DoAlign
 0001:000407BC       Controls.DoCalcConstraints
 0004:00004C40       Controls.DockSiteList
 0001:0003D82C       Controls.DoControlMsg
 0001:00035B20       Controls.DoDragOver
 0001:00042BB0       Controls.DoFindControlZone
 0001:000432D8       Controls.DoFindZone
 0001:00042C34       Controls.DoForEach
 0001:0004487C       Controls.DoGetNextLimit
 0001:000458B4       Controls.DoneControls
 0001:0003B7F8       Controls.DoPosition
 0001:00043D8C       Controls.DoPrune
 0001:000442A0       Controls.DoSaveZone
 0001:00044564       Controls.DoSetNewBounds
 0001:0003C604       Controls.DoWriteDesignSize
 0001:000397F8       Controls.DoWriteExplicit
 0001:000397C4       Controls.DoWriteIsControl
 0004:00004C24       Controls.DragCapture
 0004:00004C18       Controls.DragControl
 0001:0003628C       Controls.DragDone
 0001:00035AD0       Controls.DragFindTarget
 0001:00035AA4       Controls.DragFindWindow
 0004:00004C3C       Controls.DragImageList
 0001:00035EE4       Controls.DragInit
 0001:00036054       Controls.DragInitControl
 0004:00004C20       Controls.DragInternalObject
 0001:000359EC       Controls.DragMessage
 0004:00004C1C       Controls.DragObject
 0004:00004C48       Controls.DragSave
 0004:00004C30       Controls.DragSaveCursor
 0004:00004C28       Controls.DragStartPos
 0004:00004C34       Controls.DragThreshold
 0001:00035BFC       Controls.DragTo
 0001:00043810       Controls.DrawCloseButton
 0001:000438A4       Controls.DrawGrabberLine
 0001:0004392C       Controls.DrawThemedGrabber
 0001:0003DCD8       Controls.DrawThemeEdge
 0003:00001560       Controls.EdgeStyles
 0001:00045ED4       Controls.Finalization
 0001:00034AE4       Controls.FindControl
 0001:000365FC       Controls.FindDragTarget
 0001:000365C8       Controls.FindVCLWindow
 0001:000366C0       Controls.FreeDeviceContext
 0001:0003677C       Controls.FreeDeviceContexts
 0001:00034E30       Controls.GetCaptureControl
 0001:0003B668       Controls.GetClientSize
 0001:0003CE74       Controls.GetControlAtPos
 0001:0004495C       Controls.GetDockAlign
 0001:0003583C       Controls.GetDockSiteAtPos
 0001:00035B5C       Controls.GetDropCtl
 0001:000428E0       Controls.GetLastChildZone
 0001:00034D98       Controls.GetLongHint
 0001:00034D54       Controls.GetShortHint
 0001:00034F3C       Controls.GetTopParent
 0001:000449D8       Controls.HideZone
 0001:00034D44       Controls.IdentToCursor
 0003:000015A0       Controls.IMM32DLL
 0001:000458A0       Controls.Imm32IsIME
 0001:0004593C       Controls.InitControls
 0001:00045544       Controls.InitIMM32
 0001:000349A0       Controls.InitWndProc
 0003:00001540       Controls.InnerStyles
 0001:0003B6C8       Controls.InsertBefore
 0001:000355F0       Controls.IsBeforeTargetWindow
 0001:00035A44       Controls.IsDelphiHandle
 0001:00042314       Controls.IsOrientationSet
 0001:000357F8       Controls.IsSiteChildOfClient
 0001:00034B40       Controls.IsVCLControl
 0004:00004BF8       Controls.IsVCLControlHook
 0001:00036648       Controls.ListAdd
 0001:00036670       Controls.ListRemove
 0003:0000158C       Controls.MakeLast
 0001:0003A900       Controls.MinVar
 0003:000015A4       Controls.ModeMap
 0004:00004BF4       Controls.Mouse
 0001:00036690       Controls.MoveWindowOrg
 0004:00004C00       Controls.NewStyleControls
 0001:000422F8       Controls.NextVisibleZone
 0001:00034AB0       Controls.ObjectFromHWnd
 0003:00001584       Controls.OrientArray
 0003:00001550       Controls.OuterStyles
 0001:00042708       Controls.ParentNotLast
 0001:00034DDC       Controls.PerformEraseBackground
 0001:0003C5F0       Controls.PointsEqual
 0004:00004C44       Controls.QualifyingSites
 0001:00043474       Controls.ReadControlName
 0001:00035990       Controls.RegisterDockSite
 0004:00004C14       Controls.RM_GetObjectInstance
 0001:00034B70       Controls.SendAppMessage
 0001:00034E58       Controls.SetCaptureControl
 0001:000457C8       Controls.SetImeMode
 0001:0003A280       Controls.SetParentColor
 0003:00001538       Controls.ShowFlags
 0001:00044A58       Controls.ShowZone
 0003:00001598       Controls.SizeCursors
 0001:0003530C       Controls.TBaseDragControlObject.Assign
 0001:000352E8       Controls.TBaseDragControlObject.Create
 0001:00035338       Controls.TBaseDragControlObject.EndDrag
 0001:0003535C       Controls.TBaseDragControlObject.Finished
 0001:0003A630       Controls.TControl.ActionChange
 0001:0003AA20       Controls.TControl.AdjustSize
 0001:0003A854       Controls.TControl.AssignTo
 0001:000387D8       Controls.TControl.BeginAutoDrag
 0001:000387F4       Controls.TControl.BeginDrag
 0001:0003831C       Controls.TControl.BringToFront
 0001:0003923C       Controls.TControl.CalcCursorPos
 0001:000393A4       Controls.TControl.CalcDockSizes
 0001:0003913C       Controls.TControl.CanAutoSize
 0001:00039140       Controls.TControl.CanResize
 0001:00037C8C       Controls.TControl.Changed
 0001:00037C9C       Controls.TControl.ChangeScale
 0001:00039DB4       Controls.TControl.CheckNewSize
 0001:00039BA8       Controls.TControl.Click
 0001:0003AC60       Controls.TControl.ClientToParent
 0001:00037B14       Controls.TControl.ClientToScreen
 0001:0003A388       Controls.TControl.CMBiDiModeChanged
 0001:0003A270       Controls.TControl.CMColorChanged
 0001:0003A4B8       Controls.TControl.CMDesignHitTest
 0001:0003A250       Controls.TControl.CMEnabledChanged
 0001:0003A5D0       Controls.TControl.CMFloat
 0001:0003A260       Controls.TControl.CMFontChanged
 0001:0003AAAC       Controls.TControl.CMHintShow
 0001:0003A438       Controls.TControl.CMHitTest
 0001:0003AD70       Controls.TControl.CMMouseActivate
 0001:0003A440       Controls.TControl.CMMouseEnter
 0001:0003A47C       Controls.TControl.CMMouseLeave
 0001:0003A318       Controls.TControl.CMMouseWheel
 0001:0003A2F4       Controls.TControl.CMParentBiDiModeChanged
 0001:0003A2B8       Controls.TControl.CMParentColorChanged
 0001:0003A3E4       Controls.TControl.CMParentFontChanged
 0001:0003A3A8       Controls.TControl.CMParentShowHintChanged
 0001:0003A414       Controls.TControl.CMSysFontChanged
 0001:0003A228       Controls.TControl.CMVisibleChanged
 0001:0003920C       Controls.TControl.ConstrainedResize
 0001:00036EEC       Controls.TControl.Create
 0001:0003A4C0       Controls.TControl.CreateFloatingDockSite
 0001:00039C14       Controls.TControl.DblClick
 0001:00038C7C       Controls.TControl.DefaultDockImage
 0001:0003971C       Controls.TControl.DefaultHandler
 0001:00039A18       Controls.TControl.DefineProperties
 0001:00039268       Controls.TControl.DesignWndProc
 0001:00036FE4       Controls.TControl.Destroy
 0001:0003A730       Controls.TControl.DoActionChange
 0001:00039170       Controls.TControl.DoCanAutoSize
 0001:000391DC       Controls.TControl.DoCanResize
 0001:000377E4       Controls.TControl.Dock
 0001:00038A78       Controls.TControl.DockTrackNoTarget
 0001:0003929C       Controls.TControl.DoConstrainedResize
 0001:0003912C       Controls.TControl.DoConstraintsChange
 0001:0003AC20       Controls.TControl.DoContextPopup
 0001:00037914       Controls.TControl.DoDock
 0001:00038DC8       Controls.TControl.DoDragMsg
 0001:00038A90       Controls.TControl.DoEndDock
 0001:00038978       Controls.TControl.DoEndDrag
 0001:0003AD94       Controls.TControl.DoMarginChange
 0001:00038ADC       Controls.TControl.DoMouseActivate
 0001:00039C6C       Controls.TControl.DoMouseDown
 0001:00039FE4       Controls.TControl.DoMouseUp
 0001:00038B10       Controls.TControl.DoMouseWheel
 0001:00038BE4       Controls.TControl.DoMouseWheelDown
 0001:00038C30       Controls.TControl.DoMouseWheelUp
 0001:00038ABC       Controls.TControl.DoStartDock
 0001:00038958       Controls.TControl.DoStartDrag
 0001:000388E0       Controls.TControl.DragCanceled
 0001:0003892C       Controls.TControl.DragDrop
 0001:000388E4       Controls.TControl.Dragging
 0001:000388F0       Controls.TControl.DragOver
 0001:00038DA8       Controls.TControl.DrawDragDockImage
 0001:0003AA40       Controls.TControl.DrawTextBiDiModeFlags
 0001:0003AA80       Controls.TControl.DrawTextBiDiModeFlagsReadingOnly
 0001:00038DB8       Controls.TControl.EraseDragDockImage
 0001:0003813C       Controls.TControl.FontChanged
 0001:0003716C       Controls.TControl.GetAction
 0001:0003A754       Controls.TControl.GetActionLinkClass
 0001:0003ADA8       Controls.TControl.GetAlignWithMargins
 0001:000379A4       Controls.TControl.GetBoundsRect
 0001:00037A44       Controls.TControl.GetClientHeight
 0001:00037A84       Controls.TControl.GetClientOrigin
 0001:000379E8       Controls.TControl.GetClientRect
 0001:00037A00       Controls.TControl.GetClientWidth
 0001:00038788       Controls.TControl.GetControlsAlignment
 0001:000383DC       Controls.TControl.GetDeviceContext
 0001:0003A93C       Controls.TControl.GetDockEdge
 0001:000370AC       Controls.TControl.GetDragImages
 0001:000370B0       Controls.TControl.GetEnabled
 0001:0003A9EC       Controls.TControl.GetFloating
 0001:0003AA18       Controls.TControl.GetFloatingDockSiteClass
 0001:000382E4       Controls.TControl.GetMouseCapture
 0001:000370B8       Controls.TControl.GetPalette
 0001:000370C4       Controls.TControl.GetParentComponent
 0001:00039DAC       Controls.TControl.GetPopupMenu
 0001:0003808C       Controls.TControl.GetText
 0001:0003800C       Controls.TControl.GetTextBuf
 0001:00037FFC       Controls.TControl.GetTextLen
 0001:00038018       Controls.TControl.GetUndockHeight
 0001:0003802C       Controls.TControl.GetUndockWidth
 0001:000370BC       Controls.TControl.HasParent
 0001:0003AA9C       Controls.TControl.InitiateAction
 0001:0003859C       Controls.TControl.Invalidate
 0001:00038510       Controls.TControl.InvalidateControl
 0001:00037298       Controls.TControl.IsAnchorsStored
 0001:000381B0       Controls.TControl.IsBiDiModeStored
 0001:0003A75C       Controls.TControl.IsCaptionStored
 0001:00038278       Controls.TControl.IsColorStored
 0001:0003A77C       Controls.TControl.IsEnabledStored
 0001:00038190       Controls.TControl.IsFontStored
 0001:0003A7BC       Controls.TControl.IsHelpContextStored
 0001:0003A79C       Controls.TControl.IsHintStored
 0001:0003A7FC       Controls.TControl.IsOnClickStored
 0001:000381A4       Controls.TControl.IsShowHintStored
 0001:0003A7DC       Controls.TControl.IsVisibleStored
 0001:0003A81C       Controls.TControl.Loaded
 0001:00038EB8       Controls.TControl.ManualDock
 0001:00039098       Controls.TControl.ManualFloat
 0001:000385B0       Controls.TControl.MouseActivate
 0001:00039C34       Controls.TControl.MouseDown
 0001:00039F00       Controls.TControl.MouseMove
 0001:00039FAC       Controls.TControl.MouseUp
 0001:000385F8       Controls.TControl.MouseWheelHandler
 0001:000373B0       Controls.TControl.Notification
 0001:000370F0       Controls.TControl.PaletteChanged
 0001:00039370       Controls.TControl.Perform
 0001:000389A4       Controls.TControl.PositionDockRect
 0001:0003AE84       Controls.TControl.ReadExplicitHeight
 0001:0003AE9C       Controls.TControl.ReadExplicitLeft
 0001:0003AE6C       Controls.TControl.ReadExplicitTop
 0001:0003AE44       Controls.TControl.ReadExplicitWidth
 0001:000397A4       Controls.TControl.ReadIsControl
 0001:0003731C       Controls.TControl.ReadState
 0001:0003868C       Controls.TControl.Repaint
 0001:000372EC       Controls.TControl.RequestAlign
 0001:000372FC       Controls.TControl.Resize
 0001:00037B40       Controls.TControl.ScaleConstraints
 0001:00037BC4       Controls.TControl.ScreenToClient
 0001:00037BF0       Controls.TControl.SendCancelMode
 0001:00037C20       Controls.TControl.SendDockNotification
 0001:0003721C       Controls.TControl.SetAction
 0001:00037408       Controls.TControl.SetAlign
 0001:0003ADB0       Controls.TControl.SetAlignWithMargins
 0001:0003717C       Controls.TControl.SetAnchors
 0001:00037E58       Controls.TControl.SetAutoSize
 0001:00038120       Controls.TControl.SetBiDiMode
 0001:000374F0       Controls.TControl.SetBounds
 0001:000379C4       Controls.TControl.SetBoundsRect
 0001:00037A5C       Controls.TControl.SetClientHeight
 0001:00037F18       Controls.TControl.SetClientSize
 0001:00037A18       Controls.TControl.SetClientWidth
 0001:0003822C       Controls.TControl.SetColor
 0001:0003AC54       Controls.TControl.SetConstraints
 0001:000382C8       Controls.TControl.SetCursor
 0001:000372B0       Controls.TControl.SetDesignVisible
 0001:000372E8       Controls.TControl.SetDragMode
 0001:00037FE4       Controls.TControl.SetEnabled
 0001:00038180       Controls.TControl.SetFont
 0001:000377B0       Controls.TControl.SetHeight
 0001:0003796C       Controls.TControl.SetHelpContext
 0001:00037980       Controls.TControl.SetHelpKeyword
 0001:00037714       Controls.TControl.SetLeft
 0001:0003AD9C       Controls.TControl.SetMargins
 0001:000382F4       Controls.TControl.SetMouseCapture
 0001:00037E74       Controls.TControl.SetName
 0001:00037F60       Controls.TControl.SetParent
 0001:000382A4       Controls.TControl.SetParentBiDiMode
 0001:00038280       Controls.TControl.SetParentColor
 0001:000370C8       Controls.TControl.SetParentComponent
 0001:000381B8       Controls.TControl.SetParentFont
 0001:00038200       Controls.TControl.SetParentShowHint
 0001:00038040       Controls.TControl.SetPopupMenu
 0001:000381DC       Controls.TControl.SetShowHint
 0001:000380BC       Controls.TControl.SetText
 0001:00038068       Controls.TControl.SetTextBuf
 0001:00037748       Controls.TControl.SetTop
 0001:00037FAC       Controls.TControl.SetVisible
 0001:0003777C       Controls.TControl.SetWidth
 0001:000383B8       Controls.TControl.SetZOrder
 0001:00038330       Controls.TControl.SetZOrderPosition
 0001:00038678       Controls.TControl.Update
 0001:00037590       Controls.TControl.UpdateAnchorRules
 0001:00039418       Controls.TControl.UpdateBoundsRect
 0001:0003ADE0       Controls.TControl.UpdateExplicitBounds
 0001:000387A4       Controls.TControl.UseRightToLeftAlignment
 0001:0003878C       Controls.TControl.UseRightToLeftReading
 0001:000387BC       Controls.TControl.UseRightToLeftScrollBar
 0001:00039448       Controls.TControl.VisibleChanging
 0001:0003A138       Controls.TControl.WMCancelMode
 0001:0003AADC       Controls.TControl.WMContextMenu
 0001:00039D58       Controls.TControl.WMLButtonDblClk
 0001:00039CF0       Controls.TControl.WMLButtonDown
 0001:0003A01C       Controls.TControl.WMLButtonUp
 0001:00039ED4       Controls.TControl.WMMButtonDblClk
 0001:00039EA8       Controls.TControl.WMMButtonDown
 0001:0003A0C0       Controls.TControl.WMMButtonUp
 0001:00039F34       Controls.TControl.WMMouseMove
 0001:0003A0E0       Controls.TControl.WMMouseWheel
 0001:00039D3C       Controls.TControl.WMNCLButtonDown
 0001:00039E7C       Controls.TControl.WMRButtonDblClk
 0001:00039E50       Controls.TControl.WMRButtonDown
 0001:0003A0A0       Controls.TControl.WMRButtonUp
 0001:0003A178       Controls.TControl.WMWindowPosChanged
 0001:0003944C       Controls.TControl.WndProc
 0001:0003AE24       Controls.TControl.WriteExplicitHeight
 0001:0003AE34       Controls.TControl.WriteExplicitLeft
 0001:0003AE14       Controls.TControl.WriteExplicitTop
 0001:0003AE5C       Controls.TControl.WriteExplicitWidth
 0001:000397B8       Controls.TControl.WriteIsControl
 0001:00036A98       Controls.TControlActionLink.AssignClient
 0001:00036AB4       Controls.TControlActionLink.DoShowHint
 0001:00036BA4       Controls.TControlActionLink.IsCaptionLinked
 0001:00036C18       Controls.TControlActionLink.IsDropdownMenuLinked
 0001:00036C2C       Controls.TControlActionLink.IsEnabledLinked
 0001:00036C60       Controls.TControlActionLink.IsEnableDropdownLinked
 0001:00036E00       Controls.TControlActionLink.IsHelpLinked
 0001:00036C74       Controls.TControlActionLink.IsHintLinked
 0001:00036D20       Controls.TControlActionLink.IsOnExecuteLinked
 0001:00036CAC       Controls.TControlActionLink.IsPopupMenuLinked
 0001:00036CEC       Controls.TControlActionLink.IsVisibleLinked
 0001:00036D48       Controls.TControlActionLink.SetCaption
 0001:00036D68       Controls.TControlActionLink.SetDropdownMenu
 0001:00036D6C       Controls.TControlActionLink.SetEnabled
 0001:00036D8C       Controls.TControlActionLink.SetEnableDropdown
 0001:00036E88       Controls.TControlActionLink.SetHelpContext
 0001:00036E68       Controls.TControlActionLink.SetHelpKeyword
 0001:00036EA8       Controls.TControlActionLink.SetHelpType
 0001:00036D90       Controls.TControlActionLink.SetHint
 0001:00036DD4       Controls.TControlActionLink.SetOnExecute
 0001:00036EC8       Controls.TControlActionLink.SetPopupMenu
 0001:00036DB4       Controls.TControlActionLink.SetVisible
 0001:00036854       Controls.TControlCanvas.CreateHandle
 0001:00036828       Controls.TControlCanvas.Destroy
 0001:000368FC       Controls.TControlCanvas.FreeHandle
 0001:00036930       Controls.TControlCanvas.SetControl
 0001:00036948       Controls.TControlCanvas.UpdateTextFlags
 0001:0004219C       Controls.TCustomControl.Create
 0001:000421F8       Controls.TCustomControl.Destroy
 0001:000422F4       Controls.TCustomControl.Paint
 0001:00042248       Controls.TCustomControl.PaintWindow
 0001:00042228       Controls.TCustomControl.WMPaint
 0001:00044EB0       Controls.TDockTree.ActualSize
 0001:00042B80       Controls.TDockTree.AdjustDockRect
 0001:00044F44       Controls.TDockTree.AdjustFrameRect
 0001:00042B98       Controls.TDockTree.BeginUpdate
 0001:00044B90       Controls.TDockTree.ControlVisibilityChanged
 0001:000429C4       Controls.TDockTree.Create
 0001:00042B2C       Controls.TDockTree.Destroy
 0001:00044790       Controls.TDockTree.DrawSizeSplitter
 0001:00042B9C       Controls.TDockTree.EndUpdate
 0001:0004324C       Controls.TDockTree.FindControlAtPos
 0001:00042C08       Controls.TDockTree.FindControlZone
 0001:00042C70       Controls.TDockTree.ForEachAt
 0001:00042C88       Controls.TDockTree.GetControlBounds
 0001:0004490C       Controls.TDockTree.GetNextLimit
 0001:00042CFC       Controls.TDockTree.HitTest
 0001:00042D0C       Controls.TDockTree.InsertControl
 0001:00042F28       Controls.TDockTree.InsertNewParent
 0001:000430D0       Controls.TDockTree.InsertSibling
 0001:000433EC       Controls.TDockTree.InternalHitTest
 0001:000434BC       Controls.TDockTree.LoadFromStream
 0001:00044F84       Controls.TDockTree.MouseDown
 0001:00045138       Controls.TDockTree.MouseMove
 0001:00045188       Controls.TDockTree.MouseUp
 0001:00043988       Controls.TDockTree.PaintDockFrame
 0001:00043ADC       Controls.TDockTree.PaintSite
 0001:00043C10       Controls.TDockTree.PositionDockRect
 0001:00043DC0       Controls.TDockTree.PruneZone
 0001:00044F18       Controls.TDockTree.ReferenceFromOrient
 0001:00044EE0       Controls.TDockTree.RelativeSize
 0001:00043E1C       Controls.TDockTree.RemoveControl
 0001:00043E5C       Controls.TDockTree.RemoveZone
 0001:000440FC       Controls.TDockTree.ResetBounds
 0001:000443B0       Controls.TDockTree.SaveToStream
 0001:000441E4       Controls.TDockTree.ScaleZone
 0001:000445EC       Controls.TDockTree.SetNewBounds
 0001:0004461C       Controls.TDockTree.SetReplacingControl
 0001:00044634       Controls.TDockTree.ShiftZone
 0001:000451FC       Controls.TDockTree.ShowHint
 0001:00044668       Controls.TDockTree.SplitterMouseDown
 0001:000446C8       Controls.TDockTree.SplitterMouseUp
 0001:00044744       Controls.TDockTree.UpdateAll
 0001:0004476C       Controls.TDockTree.UpdateZone
 0001:0004477C       Controls.TDockTree.WindowProc
 0001:00044C18       Controls.TDockTree.WndProc
 0001:00043148       Controls.TDockTree.ZoneCaptionHitTest
 0001:00042338       Controls.TDockZone.Create
 0001:000428F0       Controls.TDockZone.ExpandZoneLimit
 0001:000429B8       Controls.TDockZone.FirstVisibleChild
 0001:0004235C       Controls.TDockZone.GetChildCount
 0001:00042640       Controls.TDockZone.GetControlName
 0001:000424E0       Controls.TDockZone.GetHeightWidth
 0001:000423CC       Controls.TDockZone.GetLimitBegin
 0001:00042414       Controls.TDockZone.GetLimitSize
 0001:0004245C       Controls.TDockZone.GetTopLeft
 0001:00042394       Controls.TDockZone.GetVisible
 0001:00042370       Controls.TDockZone.GetVisibleChildCount
 0001:000428B4       Controls.TDockZone.GetZoneLimit
 0001:00042990       Controls.TDockZone.NextVisible
 0001:0004299C       Controls.TDockZone.PrevVisible
 0001:00042598       Controls.TDockZone.ResetChildren
 0001:00042930       Controls.TDockZone.ResetZoneLimits
 0001:00042684       Controls.TDockZone.SetControlName
 0001:000428DC       Controls.TDockZone.SetZoneLimit
 0001:00042738       Controls.TDockZone.Update
 0001:00035390       Controls.TDragControlObject.GetDragCursor
 0001:000353A8       Controls.TDragControlObject.GetDragImages
 0001:000353B4       Controls.TDragControlObject.HideDragImage
 0001:000353D4       Controls.TDragControlObject.ShowDragImage
 0001:000353F4       Controls.TDragControlObjectEx.BeforeDestruction
 0001:00035530       Controls.TDragDockObject.AdjustDockRect
 0001:00035490       Controls.TDragDockObject.Assign
 0001:000353F8       Controls.TDragDockObject.Create
 0001:00035460       Controls.TDragDockObject.Destroy
 0001:000355AC       Controls.TDragDockObject.DrawDragDockImage
 0001:000354F0       Controls.TDragDockObject.EndDrag
 0001:000355C0       Controls.TDragDockObject.EraseDragDockImage
 0001:000355D4       Controls.TDragDockObject.GetDragCursor
 0001:000355E0       Controls.TDragDockObject.GetEraseWhenMoving
 0001:000355E4       Controls.TDragDockObject.GetFrameWidth
 0001:000355EC       Controls.TDragDockObjectEx.BeforeDestruction
 0001:00041FDC       Controls.TDragImageList.BeginDrag
 0001:00042050       Controls.TDragImageList.DragLock
 0001:000420D8       Controls.TDragImageList.DragMove
 0001:000420B4       Controls.TDragImageList.DragUnlock
 0001:0004214C       Controls.TDragImageList.EndDrag
 0001:00042134       Controls.TDragImageList.HideDragImage
 0001:00041FB8       Controls.TDragImageList.SetDragCursor
 0001:00041F70       Controls.TDragImageList.SetDragImage
 0001:0004211C       Controls.TDragImageList.ShowDragImage
 0001:000352D8       Controls.TDragObject.AfterConstruction
 0001:00035084       Controls.TDragObject.Assign
 0001:000352C8       Controls.TDragObject.BeforeDestruction
 0001:000350C4       Controls.TDragObject.Capture
 0001:000350DC       Controls.TDragObject.Finished
 0001:00035254       Controls.TDragObject.GetDragCursor
 0001:00035250       Controls.TDragObject.GetDragImages
 0001:000350E4       Controls.TDragObject.GetName
 0001:0003526C       Controls.TDragObject.HideDragImage
 0001:00035270       Controls.TDragObject.Instance
 0001:0003527C       Controls.TDragObject.MainWndProc
 0001:0003510C       Controls.TDragObject.ReleaseCapture
 0001:00035278       Controls.TDragObject.ShowDragImage
 0001:00035120       Controls.TDragObject.WndProc
 0001:0004175C       Controls.TGraphicControl.Create
 0001:000417B8       Controls.TGraphicControl.Destroy
 0001:000418AC       Controls.TGraphicControl.Paint
 0001:000417F8       Controls.TGraphicControl.WMPaint
 0001:00041B9C       Controls.THintWindow.ActivateHint
 0001:00041E18       Controls.THintWindow.ActivateHintData
 0001:00041E40       Controls.THintWindow.CalcHintRect
 0001:00041B04       Controls.THintWindow.CMTextChanged
 0001:000418B0       Controls.THintWindow.Create
 0001:0004191C       Controls.THintWindow.CreateParams
 0001:00041A94       Controls.THintWindow.IsHintMsg
 0001:00041E9C       Controls.THintWindow.NCPaint
 0001:000419EC       Controls.THintWindow.Paint
 0001:00041AF8       Controls.THintWindow.ReleaseHandle
 0001:00041F2C       Controls.THintWindow.ShouldHideHint
 0001:00041980       Controls.THintWindow.WMNCHitTest
 0001:00041988       Controls.THintWindow.WMNCPaint
 0001:00041F08       Controls.THintWindow.WMPrint
 0001:00045B4C       Controls.TMargins.AssignTo
 0001:00045B94       Controls.TMargins.Change
 0001:00045B08       Controls.TMargins.Create
 0001:00045D0C       Controls.TMargins.GetControlBound
 0001:00045BA8       Controls.TMargins.InitDefaults
 0001:00045C20       Controls.TMargins.SetControlBounds
 0001:00045BC8       Controls.TMargins.SetMargin
 0001:000452F0       Controls.TMouse.Create
 0001:00045380       Controls.TMouse.CreatePanningWindow
 0001:000453AC       Controls.TMouse.Destroy
 0001:000453DC       Controls.TMouse.GetCapture
 0001:000453E4       Controls.TMouse.GetCursorPos
 0001:000453F4       Controls.TMouse.GetIsDragging
 0001:00045400       Controls.TMouse.GetIsPanning
 0001:00045424       Controls.TMouse.GetMouseData
 0001:00045440       Controls.TMouse.GetNativeData
 0001:00045470       Controls.TMouse.GetRegisteredData
 0001:00045498       Controls.TMouse.SetCapture
 0001:000454C0       Controls.TMouse.SetPanningWindow
 0001:000454E0       Controls.TMouse.SettingChanged
 0001:00045ED0       Controls.TPadding.InitDefaults
 0001:0003F154       Controls.TraverseControls
 0003:00001594       Controls.TreeStreamEndFlag
 0001:00034F68       Controls.TSiteList.AddSite
 0001:00034FEC       Controls.TSiteList.Clear
 0001:00034F04       Controls.TSiteList.Find
 0001:00035020       Controls.TSiteList.GetTopSite
 0001:000369B0       Controls.TSizeConstraints.AssignTo
 0001:00036A84       Controls.TSizeConstraints.Change
 0001:00036974       Controls.TSizeConstraints.Create
 0001:000369F8       Controls.TSizeConstraints.SetConstraints
 0001:00040D48       Controls.TWinControl.ActionChange
 0001:0003C1C0       Controls.TWinControl.AddBiDiModeExStyle
 0001:0003B258       Controls.TWinControl.AdjustClientRect
 0001:000402B0       Controls.TWinControl.AdjustSize
 0001:0003BB24       Controls.TWinControl.AlignControl
 0001:0003BA20       Controls.TWinControl.AlignControls
 0001:0003B288       Controls.TWinControl.ArrangeControl
 0001:00040D90       Controls.TWinControl.AssignTo
 0001:0003C0BC       Controls.TWinControl.Broadcast
 0001:00040880       Controls.TWinControl.CalcConstraints
 0001:00040DC0       Controls.TWinControl.CanAutoSize
 0001:0004006C       Controls.TWinControl.CanFocus
 0001:000407B4       Controls.TWinControl.CanResize
 0001:0003FC30       Controls.TWinControl.ChangeScale
 0001:0003F47C       Controls.TWinControl.CMBiDiModeChanged
 0001:0003F6D8       Controls.TWinControl.CMBorderChanged
 0001:0003F554       Controls.TWinControl.CMChanged
 0001:0003F568       Controls.TWinControl.CMChildKey
 0001:0003F634       Controls.TWinControl.CMColorChanged
 0001:0003F818       Controls.TWinControl.CMControlListChange
 0001:0003F82C       Controls.TWinControl.CMControlListChanging
 0001:0003F718       Controls.TWinControl.CMCtl3DChanged
 0001:0003F698       Controls.TWinControl.CMCursorChanged
 0001:0003F534       Controls.TWinControl.CMDesignHitTest
 0001:0003F584       Controls.TWinControl.CMDialogChar
 0001:0003F57C       Controls.TWinControl.CMDialogKey
 0001:0003ED10       Controls.TWinControl.CMDockClient
 0001:0003F7B8       Controls.TWinControl.CMDrag
 0001:0003F5EC       Controls.TWinControl.CMEnabledChanged
 0001:0003F4B4       Controls.TWinControl.CMEnter
 0001:0003F524       Controls.TWinControl.CMExit
 0001:0003EE28       Controls.TWinControl.CMFloat
 0001:0003F58C       Controls.TWinControl.CMFocusChanged
 0001:0003F7A8       Controls.TWinControl.CMFontChange
 0001:0003F65C       Controls.TWinControl.CMFontChanged
 0001:0003FF68       Controls.TWinControl.CMInvalidate
 0001:0003F758       Controls.TWinControl.CMParentCtl3DChanged
 0001:0003CA28       Controls.TWinControl.CMRecreateWnd
 0001:0003F464       Controls.TWinControl.CMShowHintChanged
 0001:0003F5C4       Controls.TWinControl.CMShowingChanged
 0001:0003F798       Controls.TWinControl.CMSysColorChange
 0001:0003F840       Controls.TWinControl.CMSysFontChanged
 0001:00041554       Controls.TWinControl.CMTextChanged
 0001:0003F7B0       Controls.TWinControl.CMTimeChange
 0001:0003EE00       Controls.TWinControl.CMUnDockClient
 0001:0003F594       Controls.TWinControl.CMVisibleChanged
 0001:0003F7A0       Controls.TWinControl.CMWinIniChange
 0001:0003FA2C       Controls.TWinControl.CNChar
 0001:0003F8F4       Controls.TWinControl.CNKeyDown
 0001:0003F9D8       Controls.TWinControl.CNKeyUp
 0001:0003FAD8       Controls.TWinControl.CNSysChar
 0001:0003FA7C       Controls.TWinControl.CNSysKeyDown
 0001:00040D0C       Controls.TWinControl.ConstrainedResize
 0001:0003BE04       Controls.TWinControl.ContainsControl
 0001:0003CF40       Controls.TWinControl.ControlAtPos
 0001:0003EBB4       Controls.TWinControl.ControlsAligned
 0001:0003AEE8       Controls.TWinControl.Create
 0001:0003EBB8       Controls.TWinControl.CreateDockManager
 0001:0003C84C       Controls.TWinControl.CreateHandle
 0001:0003C228       Controls.TWinControl.CreateParams
 0001:0003C154       Controls.TWinControl.CreateSubClass
 0001:0003C524       Controls.TWinControl.CreateWindowHandle
 0001:0003C354       Controls.TWinControl.CreateWnd
 0001:0003C8E4       Controls.TWinControl.CustomAlignInsertBefore
 0001:0003C908       Controls.TWinControl.CustomAlignPosition
 0001:0003D724       Controls.TWinControl.DefaultHandler
 0001:0003C6E4       Controls.TWinControl.DefineProperties
 0001:0003B02C       Controls.TWinControl.Destroy
 0001:0003C99C       Controls.TWinControl.DestroyHandle
 0001:0003C7A0       Controls.TWinControl.DestroyWindowHandle
 0001:0003C740       Controls.TWinControl.DestroyWnd
 0001:0003BBB8       Controls.TWinControl.DisableAlign
 0001:0003E948       Controls.TWinControl.DoAddDockClient
 0001:0003E99C       Controls.TWinControl.DockDrop
 0001:0003EA20       Controls.TWinControl.DockOver
 0001:000415A0       Controls.TWinControl.DockReplaceDockClient
 0001:0003E9EC       Controls.TWinControl.DoDockOver
 0001:0003E95C       Controls.TWinControl.DoEnter
 0001:0003E97C       Controls.TWinControl.DoExit
 0001:0003BBE8       Controls.TWinControl.DoFlipChildren
 0001:0003EED8       Controls.TWinControl.DoKeyDown
 0001:0003F0CC       Controls.TWinControl.DoKeyPress
 0001:0003F004       Controls.TWinControl.DoKeyUp
 0001:00041604       Controls.TWinControl.DoPaddingChange
 0001:0003E958       Controls.TWinControl.DoRemoveDockClient
 0001:0003EA64       Controls.TWinControl.DoUnDock
 0001:0003BBC0       Controls.TWinControl.EnableAlign
 0001:000405F4       Controls.TWinControl.FindNextControl
 0001:0003B10C       Controls.TWinControl.FixupTabList
 0001:0003BCBC       Controls.TWinControl.FlipChildren
 0001:000400E8       Controls.TWinControl.Focused
 0001:00040D88       Controls.TWinControl.GetActionLinkClass
 0001:0004072C       Controls.TWinControl.GetChildren
 0001:00040278       Controls.TWinControl.GetClientOrigin
 0001:00040298       Controls.TWinControl.GetClientRect
 0001:0003C060       Controls.TWinControl.GetControl
 0001:0003C09C       Controls.TWinControl.GetControlCount
 0001:00040144       Controls.TWinControl.GetControlExtents
 0001:0003FF04       Controls.TWinControl.GetDeviceContext
 0001:0003EAE4       Controls.TWinControl.GetDockClientCount
 0001:0003EAF8       Controls.TWinControl.GetDockClients
 0001:00040130       Controls.TWinControl.GetHandle
 0001:0004150C       Controls.TWinControl.GetParentBackground
 0001:0003EB1C       Controls.TWinControl.GetSiteInfo
 0001:00040368       Controls.TWinControl.GetTabOrder
 0001:00040594       Controls.TWinControl.GetTabOrderList
 0001:0003EB78       Controls.TWinControl.GetVisibleDockClientCount
 0001:000404D0       Controls.TWinControl.HandleAllocated
 0001:0004010C       Controls.TWinControl.HandleNeeded
 0001:0003BE38       Controls.TWinControl.Insert
 0001:0003BECC       Controls.TWinControl.InsertControl
 0001:0003FF58       Controls.TWinControl.Invalidate
 0001:0004156C       Controls.TWinControl.InvalidateDockHostSite
 0001:00040034       Controls.TWinControl.InvalidateFrame
 0001:0003D004       Controls.TWinControl.IsControlActivateMsg
 0001:0003D150       Controls.TWinControl.IsControlMouseMsg
 0001:00040330       Controls.TWinControl.IsCtl3DStored
 0001:0003F85C       Controls.TWinControl.IsMenuKey
 0001:000415E0       Controls.TWinControl.IsQualifyingSite
 0001:0003EEAC       Controls.TWinControl.KeyDown
 0001:0003F0AC       Controls.TWinControl.KeyPress
 0001:0003EFD8       Controls.TWinControl.KeyUp
 0001:0003CDFC       Controls.TWinControl.MainWndProc
 0001:0003C0FC       Controls.TWinControl.Notification
 0001:0003C12C       Controls.TWinControl.NotifyControls
 0001:0003D9F8       Controls.TWinControl.PaintControls
 0001:0003D860       Controls.TWinControl.PaintHandler
 0001:0003DD88       Controls.TWinControl.PaintTo
 0001:0003D9D0       Controls.TWinControl.PaintWindow
 0001:0003F3C8       Controls.TWinControl.PaletteChanged
 0001:0003C804       Controls.TWinControl.PrecedingWindow
 0001:000415AC       Controls.TWinControl.PreProcessMessage
 0001:0003C564       Controls.TWinControl.ReadDesignSize
 0001:0003B1E0       Controls.TWinControl.ReadState
 0001:0003BBE0       Controls.TWinControl.Realign
 0001:0003CA10       Controls.TWinControl.RecreateWnd
 0001:0003EAC0       Controls.TWinControl.ReloadDockedControl
 0001:0003BE84       Controls.TWinControl.Remove
 0001:0003BFC0       Controls.TWinControl.RemoveControl
 0001:0003BE18       Controls.TWinControl.RemoveFocus
 0001:000415B0       Controls.TWinControl.RemoveWindowProps
 0001:00040018       Controls.TWinControl.Repaint
 0001:0003E868       Controls.TWinControl.ResetIme
 0001:0003FBE8       Controls.TWinControl.ScaleControls
 0001:0003FCDC       Controls.TWinControl.ScrollBy
 0001:00040700       Controls.TWinControl.SelectNext
 0001:00040F88       Controls.TWinControl.SetBevelCut
 0001:00040FCC       Controls.TWinControl.SetBevelEdges
 0001:00040FFC       Controls.TWinControl.SetBevelKind
 0001:0004101C       Controls.TWinControl.SetBevelWidth
 0001:000402EC       Controls.TWinControl.SetBorderWidth
 0001:0003FB0C       Controls.TWinControl.SetBounds
 0001:00040774       Controls.TWinControl.SetChildOrder
 0001:0004030C       Controls.TWinControl.SetCtl3D
 0001:0003EC24       Controls.TWinControl.SetDesignVisible
 0001:0003EC58       Controls.TWinControl.SetDockSite
 0001:000400AC       Controls.TWinControl.SetFocus
 0001:0003E738       Controls.TWinControl.SetIme
 0001:0004160C       Controls.TWinControl.SetPadding
 0001:000416E0       Controls.TWinControl.SetParent
 0001:00041514       Controls.TWinControl.SetParentBackground
 0001:0004033C       Controls.TWinControl.SetParentCtl3D
 0001:0003CD18       Controls.TWinControl.SetParentWindow
 0001:000403E8       Controls.TWinControl.SetTabOrder
 0001:00040400       Controls.TWinControl.SetTabStop
 0001:00040460       Controls.TWinControl.SetUseDockManager
 0001:0003FEA4       Controls.TWinControl.SetZOrder
 0001:0003FDCC       Controls.TWinControl.SetZOrderPosition
 0001:0003FDB4       Controls.TWinControl.ShowControl
 0001:0003FFFC       Controls.TWinControl.Update
 0001:000404DC       Controls.TWinControl.UpdateBounds
 0001:00041664       Controls.TWinControl.UpdateControlOriginalParentSize
 0001:0003CC24       Controls.TWinControl.UpdateControlState
 0001:00041618       Controls.TWinControl.UpdateRecreatingFlag
 0001:0003CAB4       Controls.TWinControl.UpdateShowing
 0001:0004038C       Controls.TWinControl.UpdateTabOrder
 0001:00041434       Controls.TWinControl.UpdateUIState
 0001:0003F134       Controls.TWinControl.WMChar
 0001:0003F2B0       Controls.TWinControl.WMCharToItem
 0001:0003E23C       Controls.TWinControl.WMCommand
 0001:0003E310       Controls.TWinControl.WMCompareItem
 0001:000413BC       Controls.TWinControl.WMContextMenu
 0001:0003E334       Controls.TWinControl.WMDeleteItem
 0001:0003F324       Controls.TWinControl.WMDestroy
 0001:0003E358       Controls.TWinControl.WMDrawItem
 0001:0003E3D0       Controls.TWinControl.WMEraseBkgnd
 0001:0003E2B0       Controls.TWinControl.WMFontChange
 0001:0003E2D0       Controls.TWinControl.WMHScroll
 0001:0003E724       Controls.TWinControl.WMIMEEndComp
 0001:0003E710       Controls.TWinControl.WMIMEStartComp
 0001:0003EF80       Controls.TWinControl.WMKeyDown
 0001:0003F06C       Controls.TWinControl.WMKeyUp
 0001:0003E6F4       Controls.TWinControl.WMKillFocus
 0001:0003E37C       Controls.TWinControl.WMMeasureItem
 0001:0003E39C       Controls.TWinControl.WMMouseActivate
 0001:0003E5BC       Controls.TWinControl.WMMove
 0001:0004103C       Controls.TWinControl.WMNCCalcSize
 0001:0003F388       Controls.TWinControl.WMNCDestroy
 0001:0003F3A4       Controls.TWinControl.WMNCHitTest
 0001:000410CC       Controls.TWinControl.WMNCPaint
 0001:0003E25C       Controls.TWinControl.WMNotify
 0001:0003DFE0       Controls.TWinControl.WMPaint
 0001:0003F444       Controls.TWinControl.WMPaletteChanged
 0001:0003F2D0       Controls.TWinControl.WMParentNotify
 0001:00041480       Controls.TWinControl.WMPrintClient
 0001:0003F420       Controls.TWinControl.WMQueryNewPalette
 0001:0003E5D8       Controls.TWinControl.WMSetCursor
 0001:0003E6D8       Controls.TWinControl.WMSetFocus
 0001:0003E584       Controls.TWinControl.WMSize
 0001:0003E280       Controls.TWinControl.WMSysColorChange
 0001:0003F204       Controls.TWinControl.WMSysCommand
 0001:0003EFAC       Controls.TWinControl.WMSysKeyDown
 0001:0003F08C       Controls.TWinControl.WMSysKeyUp
 0001:0003E2C0       Controls.TWinControl.WMTimeChange
 0001:0003F304       Controls.TWinControl.WMVKeyToItem
 0001:0003E2F0       Controls.TWinControl.WMVScroll
 0001:0003E470       Controls.TWinControl.WMWindowPosChanged
 0001:0003E530       Controls.TWinControl.WMWindowPosChanging
 0001:0003E29C       Controls.TWinControl.WMWinIniChange
 0001:0003D204       Controls.TWinControl.WndProc
 0001:0003C59C       Controls.TWinControl.WriteDesignSize
 0001:0003AEB4       Controls.TWinControlActionLink.AssignClient
 0001:0003AED8       Controls.TWinControlActionLink.IsHelpContextLinked
 0001:0003AEE0       Controls.TWinControlActionLink.SetHelpContext
 0001:0003A544       Controls.UpdateFloatingDockSitePos
 0001:0003565C       Controls.ValidDockTarget
 0001:000457AC       Controls.Win32NLSEnableIME
 0004:00004C08       Controls.WindowAtom
 0004:00004C0C       Controls.WindowAtomString
 0003:0000153C       Controls.WindowPos
 0001:00044224       Controls.WriteControlName
 0004:00004C70       Controls._ImmGetCompositionString
 0004:00004C54       Controls._ImmGetContext
 0004:00004C5C       Controls._ImmGetConversionStatus
 0004:00004C74       Controls._ImmIsIME
 0004:00004C78       Controls._ImmNotifyIME
[...]
    69 0001:00058A0E    70 0001:00058A25    71 0001:00058A2A    74 0001:00058A31
    75 0001:00058A43    76 0001:00058A64    77 0001:00058A7D    80 0001:00058A82
    81 0001:00058A94    84 0001:00058A9C    85 0001:00058AA4    87 0001:00058AC9
    86 0001:00058AD2    87 0001:00058AED    94 0001:00058AF4    95 0001:00058AFD
    96 0001:00058B03    97 0001:00058B07    98 0001:00058B09   100 0001:00058B22
   102 0001:00058B2B   103 0001:00058B5A   104 0001:00058B65   105 0001:00058B73
   106 0001:00058B81   107 0001:00058B86   108 0001:00058B8B   110 0001:00058B8E
   111 0001:00058B8F   100 0001:00058B90   112 0001:00058B93   113 0001:00058BAD
   114 0001:00058BB0   116 0001:00058BC1   117 0001:00058BD9   118 0001:00058BDC
   120 0001:00058BDF   122 0001:00058BE4   123 0001:00058BFC   124 0001:00058C10
   125 0001:00058C13   127 0001:00058C16    98 0001:00058C17   129 0001:00058C21
   132 0001:00058C28   133 0001:00058C31   135 0001:00058C53   134 0001:00058C5D
   135 0001:00058C80   138 0001:00058CB3

Line numbers for Sha1(SHA1.pas) segment .text

    61 0001:00058D50    62 0001:00058D5D    63 0001:00058D65    64 0001:00058D79
    65 0001:00058D82    64 0001:00058D8E    66 0001:00058D91    67 0001:00058D9A
    66 0001:00058DB4    68 0001:00058DB7    70 0001:00058DD9    71 0001:00058E09
    72 0001:00058E3B    73 0001:00058E73    74 0001:00058EA3    75 0001:00058ED5
    76 0001:00058F05    77 0001:00058F37    78 0001:00058F6F    79 0001:00058F9F
    80 0001:00058FD1    81 0001:00059001    82 0001:00059033    83 0001:0005906B
    84 0001:0005909B    85 0001:000590CD    86 0001:000590FD    87 0001:0005912F
    88 0001:00059167    89 0001:00059197    91 0001:000591C9    92 0001:000591F7
    93 0001:00059227    94 0001:0005925D    95 0001:0005928B    96 0001:000592B9
    97 0001:000592E7    98 0001:00059317    99 0001:0005934D   100 0001:0005937B
   101 0001:000593A9   102 0001:000593DA   103 0001:0005940D   104 0001:00059446
   105 0001:00059477   106 0001:000594A8   107 0001:000594D9   108 0001:0005950C
   109 0001:00059545   110 0001:00059576   112 0001:000595A7   113 0001:000595DE
   114 0001:00059617   115 0001:00059658   116 0001:00059691   117 0001:000596C8
   118 0001:000596FF   119 0001:00059738   120 0001:00059779   121 0001:000597B2
   122 0001:000597E9   123 0001:00059820   124 0001:00059859   125 0001:0005989A
   126 0001:000598D3   127 0001:0005990A   128 0001:00059941   129 0001:0005997A
   130 0001:000599BB   131 0001:000599F4   133 0001:00059A2B   134 0001:00059A5C
   135 0001:00059A8F   136 0001:00059AC8   137 0001:00059AF9   138 0001:00059B2A
   139 0001:00059B5B   140 0001:00059B8E   141 0001:00059BC7   142 0001:00059BF8
   143 0001:00059C29   144 0001:00059C5A   145 0001:00059C8D   146 0001:00059CC6
   147 0001:00059CF7   148 0001:00059D28   149 0001:00059D59   150 0001:00059D8C
   151 0001:00059DC5   152 0001:00059DF6   154 0001:00059E27   155 0001:00059E2D
   156 0001:00059E33   157 0001:00059E39   158 0001:00059E3F   159 0001:00059E49
   160 0001:00059E59   161 0001:00059E6B   164 0001:00059E78   165 0001:00059E7B
   166 0001:00059E87   170 0001:00059E9C   171 0001:00059EA1   175 0001:00059EA4
   176 0001:00059EA9   187 0001:00059EAC   188 0001:00059EB1   189 0001:00059EC1
   190 0001:00059EC8   191 0001:00059ED4   192 0001:00059EDD   193 0001:00059EF0
   194 0001:00059EF7   195 0001:00059F03   196 0001:00059F0C   197 0001:00059F1F
   198 0001:00059F26   201 0001:00059F80   202 0001:00059F83   203 0001:00059F8A
   204 0001:00059F91   205 0001:00059F98   206 0001:00059F9F   207 0001:00059FA6
   208 0001:00059FAD   209 0001:00059FB1   212 0001:00059FB4   213 0001:00059FB7
   214 0001:00059FC8   215 0001:00059FCD   216 0001:00059FDC   217 0001:00059FEB
   218 0001:00059FEF   223 0001:00059FF4   224 0001:00059FFC   225 0001:0005A002
   228 0001:0005A018   229 0001:0005A028   231 0001:0005A03E   232 0001:0005A042
   233 0001:0005A049   235 0001:0005A04C   236 0001:0005A055   237 0001:0005A062
   238 0001:0005A065   240 0001:0005A06D   241 0001:0005A06F   243 0001:0005A073
   245 0001:0005A081   246 0001:0005A094   247 0001:0005A09E   248 0001:0005A0A8
   252 0001:0005A0B1   253 0001:0005A0BE   254 0001:0005A0C1   241 0001:0005A0C3
   257 0001:0005A0C7   260 0001:0005A0EC   261 0001:0005A0F2   262 0001:0005A0F8
   263 0001:0005A10E   264 0001:0005A116   265 0001:0005A11C   266 0001:0005A123
   267 0001:0005A133   268 0001:0005A14D   269 0001:0005A154   270 0001:0005A15F
   271 0001:0005A16A   272 0001:0005A175   273 0001:0005A180   274 0001:0005A18B
   275 0001:0005A19A   276 0001:0005A1A1

Line numbers for Sha1(SHA1.pas) segment .itext

   279 0002:0000071C   280 0002:00000725   281 0002:0000072F   283 0002:00000739

Line numbers for DCPcrypt(DCPcrypt.pas) segment .text

   315 0001:0005A748   318 0001:0005A74C   319 0001:0005A75D   322 0001:0005A774
   323 0001:0005A77D   324 0001:0005A783   325 0001:0005A78A   326 0001:0005A79F
   328 0001:0005A7B7   329 0001:0005A7BB   335 0001:0005A7E0   336 0001:0005A7EA
   337 0001:0005A7F0   338 0001:0005A7F7   339 0001:0005A807   340 0001:0005A80E
   341 0001:0005A817   342 0001:0005A820   343 0001:0005A827   344 0001:0005A835
   346 0001:0005A84D   347 0001:0005A85F   348 0001:0005A870   352 0001:0005A878
   353 0001:0005A87C   400 0001:0005A880   401 0001:0005A8A4   404 0001:0005A8BA
   402 0001:0005A8C4   403 0001:0005A8E1   404 0001:0005A8F9   407 0001:0005A920
   408 0001:0005A92B   410 0001:0005A934   409 0001:0005A946   410 0001:0005A963
   413 0001:0005A96C   414 0001:0005A97E   415 0001:0005A987   416 0001:0005A98E
   419 0001:0005A9A8   420 0001:0005A9B3   421 0001:0005A9B9   422 0001:0005A9C0
   423 0001:0005A9CC   431 0001:0005A9DC   432 0001:0005A9E2   434 0001:0005A9F9
   435 0001:0005AA08   438 0001:0005AA2C   439 0001:0005AA2F   441 0001:0005AA36
   442 0001:0005AA43   443 0001:0005AA53   445 0001:0005AA63   446 0001:0005AA6A
   464 0001:0005AA6C   465 0001:0005AA70   466 0001:0005AA85   467 0001:0005AA90
   468 0001:0005AA9B   469 0001:0005AAA6   471 0001:0005AAAF   474 0001:0005AAB4
   475 0001:0005AAD8   478 0001:0005AAEE   476 0001:0005AAF7   477 0001:0005AB15
   478 0001:0005AB29   481 0001:0005AB50   482 0001:0005AB5A   484 0001:0005AB63
   483 0001:0005AB75   484 0001:0005AB92   487 0001:0005AB98   488 0001:0005AB9C
   489 0001:0005ABB1   490 0001:0005ABBC   491 0001:0005ABC7   492 0001:0005ABD2
   494 0001:0005ABDB   500 0001:0005ABE0   501 0001:0005ABEE   502 0001:0005ABF4
   503 0001:0005AC0A   504 0001:0005AC0D   505 0001:0005AC10   507 0001:0005AC1E
   508 0001:0005AC2B   509 0001:0005AC38   510 0001:0005AC43   511 0001:0005AC50
   512 0001:0005AC5B   505 0001:0005AC5D   514 0001:0005AC62   516 0001:0005AC6D
   517 0001:0005AC7B   518 0001:0005AC90   520 0001:0005ACA3   526 0001:0005ACCC
   527 0001:0005ACDA   528 0001:0005ACE0   529 0001:0005ACF6   530 0001:0005ACF9
   531 0001:0005ACFC   533 0001:0005AD0A   534 0001:0005AD19   535 0001:0005AD26
   536 0001:0005AD31   537 0001:0005AD3E   538 0001:0005AD4C   539 0001:0005AD57
   531 0001:0005AD59   541 0001:0005AD5E   543 0001:0005AD69   544 0001:0005AD77
   545 0001:0005AD8C   547 0001:0005AD9F   553 0001:0005ADC8   554 0001:0005ADD6
   555 0001:0005ADDC   556 0001:0005ADF2   557 0001:0005ADF5   558 0001:0005ADF8
   560 0001:0005AE02   561 0001:0005AE0F   562 0001:0005AE1C   563 0001:0005AE2C
   564 0001:0005AE38   565 0001:0005AE3B   558 0001:0005AE3C   567 0001:0005AE41
   574 0001:0005AE6C   575 0001:0005AE7A   576 0001:0005AE80   577 0001:0005AE96
   578 0001:0005AE98   579 0001:0005AE9E   581 0001:0005AEA8   582 0001:0005AEAE
   583 0001:0005AEBB   584 0001:0005AEC8   585 0001:0005AED8   586 0001:0005AEE5
   587 0001:0005AEE6   579 0001:0005AEE9   589 0001:0005AEEE   595 0001:0005AF18
   596 0001:0005AF26   597 0001:0005AF2C   598 0001:0005AF42   599 0001:0005AF45
   600 0001:0005AF48   602 0001:0005AF56   603 0001:0005AF64   604 0001:0005AF73
   605 0001:0005AF80   606 0001:0005AF8D   607 0001:0005AF98   600 0001:0005AF9A
   609 0001:0005AF9F   611 0001:0005AFAA   612 0001:0005AFB8   613 0001:0005AFCD
   615 0001:0005AFE0   621 0001:0005B00C   622 0001:0005B01A   623 0001:0005B020
   624 0001:0005B036   625 0001:0005B039   626 0001:0005B03C   628 0001:0005B04A
   629 0001:0005B058   630 0001:0005B066   631 0001:0005B075   632 0001:0005B082
   633 0001:0005B090   634 0001:0005B09B   626 0001:0005B09D   636 0001:0005B0A2
   638 0001:0005B0AD   639 0001:0005B0BB   640 0001:0005B0D0   642 0001:0005B0E3
   648 0001:0005B10C   649 0001:0005B11A   650 0001:0005B120   651 0001:0005B136
   652 0001:0005B139   653 0001:0005B13C   655 0001:0005B14A   656 0001:0005B158
   657 0001:0005B167   658 0001:0005B174   659 0001:0005B17F   653 0001:0005B181
   661 0001:0005B186   663 0001:0005B191   664 0001:0005B19F   665 0001:0005B1B4
   667 0001:0005B1C7   673 0001:0005B1F0   674 0001:0005B1FE   675 0001:0005B204
   676 0001:0005B21A   677 0001:0005B21D   678 0001:0005B220   680 0001:0005B22E
   681 0001:0005B23C   682 0001:0005B24B   683 0001:0005B258   684 0001:0005B263
   678 0001:0005B265   686 0001:0005B26A   688 0001:0005B275   689 0001:0005B283
   690 0001:0005B298   692 0001:0005B2AB   695 0001:0005B2D4   696 0001:0005B2EC
   697 0001:0005B2F6   698 0001:0005B307   699 0001:0005B31F   700 0001:0005B32D
   701 0001:0005B33E   702 0001:0005B34F   704 0001:0005B36F   705 0001:0005B380
   706 0001:0005B391   708 0001:0005B3AC   709 0001:0005B3B3   712 0001:0005B3F0
   713 0001:0005B3FB   714 0001:0005B403   715 0001:0005B40B   716 0001:0005B413
   717 0001:0005B418   718 0001:0005B424   726 0001:0005B434   729 0001:0005B438
   730 0001:0005B449   750 0001:0005B460   751 0001:0005B467   752 0001:0005B484
   755 0001:0005B488   756 0001:0005B493   757 0001:0005B499   758 0001:0005B4A0
   759 0001:0005B4AC   831 0001:0005B4BC   832 0001:0005B4D8   833 0001:0005B4EA
   834 0001:0005B4ED   835 0001:0005B50B   836 0001:0005B513   837 0001:0005B51A
   838 0001:0005B51D   839 0001:0005B523   844 0001:0005B54C   845 0001:0005B565
   846 0001:0005B577   847 0001:0005B57A   848 0001:0005B598   849 0001:0005B5A0
   850 0001:0005B5A7   851 0001:0005B5AD   857 0001:0005B5D8   858 0001:0005B5E5
   860 0001:0005B5EA   861 0001:0005B5EE   862 0001:0005B5FB   858 0001:0005B5FD
   864 0001:0005B602   866 0001:0005B607   867 0001:0005B60B   868 0001:0005B618
   864 0001:0005B61A   870 0001:0005B61F   876 0001:0005B624   877 0001:0005B627
   878 0001:0005B632   877 0001:0005B642   879 0001:0005B645   884 0001:0005B64C
   885 0001:0005B651   886 0001:0005B653   887 0001:0005B65E   888 0001:0005B669
   886 0001:0005B66C   889 0001:0005B66F   913 0001:0005B678   914 0001:0005B69E
   923 0001:0005B6A0   925 0001:0005B6BE

Line numbers for DCPcrypt(DCPcrypt.pas) segment .itext

   916 0002:0000073C   917 0002:00000745   918 0002:0000074C   919 0002:00000753
   922 0002:0000075D

Line numbers for DES(Des.pas) segment .text

    82 0001:0005B980    83 0001:0005B987    84 0001:0005B999    85 0001:0005B9AC
    88 0001:0005B9B4    89 0001:0005B9BF    90 0001:0005B9CC    91 0001:0005B9D0
    92 0001:0005B9D8    97 0001:0005B9E0    98 0001:0005B9EE    99 0001:0005BA10
   100 0001:0005BA33   101 0001:0005BA4B   102 0001:0005BA62   103 0001:0005BA79
   104 0001:0005BA91   105 0001:0005BAA9   106 0001:0005BAC1   108 0001:0005BAFB
   109 0001:0005BB03   111 0001:0005BB0A   113 0001:0005BB0F   114 0001:0005BB23
   118 0001:0005BB39   119 0001:0005BB4C   121 0001:0005BB5F   122 0001:0005BB67
   123 0001:0005BB6F   127 0001:0005BBE0   131 0001:0005BC3D   132 0001:0005BC50
   133 0001:0005BC65   134 0001:0005BC78   135 0001:0005BC8D   109 0001:0005BC8F
   136 0001:0005BC98   142 0001:0005BCA0   143 0001:0005BCB1   144 0001:0005BCB8
   145 0001:0005BCBD   146 0001:0005BCCA   147 0001:0005BCCD   148 0001:0005BCD2
   149 0001:0005BCDF   150 0001:0005BCE1   151 0001:0005BCE7   152 0001:0005BCF4
   153 0001:0005BCF7   154 0001:0005BCFD   155 0001:0005BD0A   156 0001:0005BD0C
   157 0001:0005BD12   158 0001:0005BD1E   159 0001:0005BD21   160 0001:0005BD25
   161 0001:0005BD39   162 0001:0005BD48   163 0001:0005BD4D   165 0001:0005BD57
   166 0001:0005BD63   167 0001:0005BD70   168 0001:0005BD7C   176 0001:0005BDEC
   177 0001:0005BDF8   178 0001:0005BE04   179 0001:0005BE10   187 0001:0005BE86
   188 0001:0005BE93   189 0001:0005BEA0   190 0001:0005BEAC   198 0001:0005BF1C
   199 0001:0005BF28   200 0001:0005BF34   201 0001:0005BF40   209 0001:0005BFB6
   163 0001:0005BFBA   211 0001:0005BFC4   212 0001:0005BFD5   213 0001:0005BFE1
   214 0001:0005BFED   215 0001:0005BFEF   216 0001:0005BFF4   217 0001:0005C001
   218 0001:0005C004   219 0001:0005C009   220 0001:0005C016   221 0001:0005C018
   222 0001:0005C01F   223 0001:0005C02C   224 0001:0005C02F   225 0001:0005C034
   226 0001:0005C041   227 0001:0005C043   228 0001:0005C049   229 0001:0005C04E
   230 0001:0005C059   236 0001:0005C064   237 0001:0005C075   238 0001:0005C07C
   239 0001:0005C081   240 0001:0005C08E   241 0001:0005C091   242 0001:0005C096
   243 0001:0005C0A3   244 0001:0005C0A5   245 0001:0005C0AB   246 0001:0005C0B8
   247 0001:0005C0BB   248 0001:0005C0C1   249 0001:0005C0CE   250 0001:0005C0D0
   251 0001:0005C0D6   252 0001:0005C0E2   253 0001:0005C0E5   254 0001:0005C0E9
   255 0001:0005C0FD   256 0001:0005C10C   257 0001:0005C113   259 0001:0005C11D
   260 0001:0005C129   261 0001:0005C136   262 0001:0005C142   270 0001:0005C1B2
   271 0001:0005C1BE   272 0001:0005C1CA   273 0001:0005C1D6   281 0001:0005C24C
   282 0001:0005C259   283 0001:0005C266   284 0001:0005C272   292 0001:0005C2E2
   293 0001:0005C2EE   294 0001:0005C2FA   295 0001:0005C306   303 0001:0005C37C
   257 0001:0005C380   305 0001:0005C38A   306 0001:0005C39B   307 0001:0005C3A7
   308 0001:0005C3B3   309 0001:0005C3B5   310 0001:0005C3BA   311 0001:0005C3C7
   312 0001:0005C3CA   313 0001:0005C3CF   314 0001:0005C3DC   315 0001:0005C3DE
   316 0001:0005C3E5   317 0001:0005C3F2   318 0001:0005C3F5   319 0001:0005C3FA
   320 0001:0005C407   321 0001:0005C409   322 0001:0005C40F   323 0001:0005C414
   324 0001:0005C41F   328 0001:0005C428   329 0001:0005C42D   333 0001:0005C430
   334 0001:0005C435   338 0001:0005C438   339 0001:0005C43D   342 0001:0005C440
   343 0001:0005C443   344 0001:0005C44F   363 0001:0005C460   364 0001:0005C466
   365 0001:0005C476   366 0001:0005C489   367 0001:0005C497   368 0001:0005C4AA
   369 0001:0005C4B5   370 0001:0005C4D6   371 0001:0005C4DD   372 0001:0005C4F0
   373 0001:0005C4FE   374 0001:0005C51F   375 0001:0005C52A   376 0001:0005C54B
   377 0001:0005C552   378 0001:0005C559   383 0001:0005C564   384 0001:0005C577
   385 0001:0005C584   386 0001:0005C593   387 0001:0005C5AA   390 0001:0005C5B7
   392 0001:0005C5BB   393 0001:0005C5C8   394 0001:0005C5D6   398 0001:0005C5DF
   399 0001:0005C5EC   401 0001:0005C5F3   404 0001:0005C5FC   405 0001:0005C5FF
   406 0001:0005C60E   407 0001:0005C615   410 0001:0005C618   411 0001:0005C619
   412 0001:0005C61F   413 0001:0005C635   414 0001:0005C63E   417 0001:0005C660
   418 0001:0005C661   419 0001:0005C667   420 0001:0005C67D   421 0001:0005C686
   426 0001:0005C6A8   427 0001:0005C6AD   431 0001:0005C6B0   432 0001:0005C6B5
   436 0001:0005C6B8   437 0001:0005C6BD   440 0001:0005C6C0   441 0001:0005C6C3
   442 0001:0005C6CF   456 0001:0005C6E4   457 0001:0005C6EA   458 0001:0005C6FA
   459 0001:0005C70D   460 0001:0005C71B   461 0001:0005C72E   462 0001:0005C739
   463 0001:0005C75A   464 0001:0005C761   469 0001:0005C76C   470 0001:0005C77F
   471 0001:0005C78C   472 0001:0005C79B   473 0001:0005C7B2   474 0001:0005C7BF
   475 0001:0005C7CF   476 0001:0005C7D7   478 0001:0005C7E9   481 0001:0005C7FC
   483 0001:0005C800   484 0001:0005C80D   485 0001:0005C81B   489 0001:0005C824
   490 0001:0005C831   492 0001:0005C838   495 0001:0005C844   496 0001:0005C847
   497 0001:0005C856   498 0001:0005C85D   501 0001:0005C860   502 0001:0005C866
   503 0001:0005C86C   504 0001:0005C882   505 0001:0005C88F   506 0001:0005C8A1
   507 0001:0005C8B3   510 0001:0005C8D8   511 0001:0005C8DE   512 0001:0005C8E4
   513 0001:0005C8FA   514 0001:0005C90A   515 0001:0005C91C   516 0001:0005C92B

Line numbers for DES(Des.pas) segment .itext

   520 0002:00000760   521 0002:00000769   522 0002:00000773   523 0002:0000077F
   524 0002:00000789   526 0002:00000795

Line numbers for DESTR(DESTR.pas) segment .text

   400 0001:00000000

Line numbers for EDcode(EDcode.pas) segment .text

    31 0001:0005C980    32 0001:0005C9A4    33 0001:0005C9A7    34 0001:0005C9AD
    35 0001:0005C9CA    36 0001:0005C9D8    38 0001:0005C9F2    40 0001:0005C9F7
    45 0001:0005CA20    46 0001:0005CA31    47 0001:0005CA33    48 0001:0005CA35
    49 0001:0005CA37    50 0001:0005CA4E    51 0001:0005CA57    52 0001:0005CA64
    53 0001:0005CA77    54 0001:0005CA8D    56 0001:0005CA90    57 0001:0005CA95
    58 0001:0005CAA2    60 0001:0005CAA5    61 0001:0005CAAD    62 0001:0005CABA
    63 0001:0005CAC4    65 0001:0005CAC9    66 0001:0005CAD6    68 0001:0005CAD7
    69 0001:0005CAD9    71 0001:0005CADB    49 0001:0005CADE    72 0001:0005CAE7
    73 0001:0005CAEB    74 0001:0005CAF4    76 0001:0005CAF5    77 0001:0005CAFC
    86 0001:0005CB04    88 0001:0005CB16    89 0001:0005CB1B    90 0001:0005CB1D
    91 0001:0005CB1F    92 0001:0005CB23    93 0001:0005CB35    94 0001:0005CB41
    96 0001:0005CB50    97 0001:0005CB52    99 0001:0005CB54   100 0001:0005CB59
   101 0001:0005CB61   102 0001:0005CB76   103 0001:0005CB7C   104 0001:0005CB7D
   105 0001:0005CB7F   107 0001:0005CB89   108 0001:0005CB8E   111 0001:0005CB90
   112 0001:0005CBA1   113 0001:0005CBAA    92 0001:0005CBAB   114 0001:0005CBB0
   115 0001:0005CBB7   120 0001:0005CBC0   121 0001:0005CBF9   122 0001:0005CC07
   123 0001:0005CC11   124 0001:0005CC37   126 0001:0005CC51   128 0001:0005CC63
   146 0001:0005CC88   147 0001:0005CCC1   148 0001:0005CCCF   149 0001:0005CCD9
   150 0001:0005CCFF   152 0001:0005CD19   154 0001:0005CD2B   236 0001:0005CD50
   237 0001:0005CD8A   238 0001:0005CD94   239 0001:0005CDBA   240 0001:0005CDC4
   241 0001:0005CDFE   242 0001:0005CE38   243 0001:0005CE97   248 0001:0005CED8
   249 0001:0005CEFF   250 0001:0005CF02   251 0001:0005CF19   252 0001:0005CF35
   250 0001:0005CF36   253 0001:0005CF39   361 0001:0005CF64   362 0001:0005CF99
   363 0001:0005CFA7   364 0001:0005CFAF   365 0001:0005CFBF   366 0001:0005CFC9
   367 0001:0005CFD0   368 0001:0005CFDD   369 0001:0005CFE4   370 0001:0005CFEF
   372 0001:0005D005   374 0001:0005D012   380 0001:0005D03C   381 0001:0005D071
   382 0001:0005D07F   383 0001:0005D087   384 0001:0005D097   385 0001:0005D0A1
   386 0001:0005D0A8   387 0001:0005D0B5   388 0001:0005D0BC   389 0001:0005D0C7
   391 0001:0005D0DD   393 0001:0005D0EA   401 0001:0005D114   402 0001:0005D13D
   403 0001:0005D144   404 0001:0005D151   405 0001:0005D160   406 0001:0005D164
   407 0001:0005D178   408 0001:0005D197   409 0001:0005D1A5   410 0001:0005D1B0
   411 0001:0005D1BC   412 0001:0005D1C4   413 0001:0005D1C8   414 0001:0005D1D2
   420 0001:0005D208   421 0001:0005D22F   422 0001:0005D239   423 0001:0005D24E
   424 0001:0005D25C   425 0001:0005D280   432 0001:0005D2B4   433 0001:0005D2CD
   435 0001:0005D2D7

Line numbers for EDcode(EDcode.pas) segment .itext

   427 0002:00000798   429 0002:000007A1   431 0002:000007AB

Line numbers for Unit1(Unit1.pas) segment .text

    33 0001:0005D4F4    34 0001:0005D50C    35 0001:0005D533    38 0001:0005D560
    39 0001:0005D578    40 0001:0005D59F    42 0001:0005D5F7

Line numbers for EDoceInfo(Y:\系统补丁\清客\Mir200\Plug\SystemModule\EDoceInfo\EDoceInfo.dpr) segment .itext

     9 0002:000007AC    10 0002:000007BC    11 0002:000007C8    12 0002:000007D6
    13 0002:000007EE    14 0002:000007FA

Bound resource files

d:\program files\delphi_2007\lib\Controls.res
Unit1.dfm
EDoceInfo.res
EDoceInfo.drf


Program entry point at 0002:000007AC
