
 Start         Length     Name                   Class
 0001:00401000 0008B35CH .text                   CODE
 0002:0048D000 00000A20H .itext                  ICODE
 0003:0048E000 0000BC2CH .data                   DATA
 0004:0049A000 0000666CH .bss                    BSS
 0005:00000000 00000038H .tls                    TLS


Detailed map of segments

 0001:00000000 00005D5D C=CODE     S=.text    G=(none)   M=System   ACBP=A9
 0001:00005D60 00000105 C=CODE     S=.text    G=(none)   M=SysInit  ACBP=A9
 0001:00005E68 00000058 C=CODE     S=.text    G=(none)   M=Types    ACBP=A9
 0001:00005EC0 00000BE4 C=CODE     S=.text    G=(none)   M=Windows  ACBP=A9
 0001:00006AA4 00000021 C=CODE     S=.text    G=(none)   M=ActiveX  ACBP=A9
 0001:00006AC8 000002E0 C=CODE     S=.text    G=(none)   M=SysConst ACBP=A9
 0001:00006DA8 000069A1 C=CODE     S=.text    G=(none)   M=SysUtils ACBP=A9
 0001:0000D74C 000007EE C=CODE     S=.text    G=(none)   M=VarUtils ACBP=A9
 0001:0000DF3C 00002990 C=CODE     S=.text    G=(none)   M=Variants ACBP=A9
 0001:000108CC 00000100 C=CODE     S=.text    G=(none)   M=RTLConsts ACBP=A9
 0001:000109CC 000008DB C=CODE     S=.text    G=(none)   M=TypInfo  ACBP=A9
 0001:000112A8 0000A63D C=CODE     S=.text    G=(none)   M=Classes  ACBP=A9
 0001:0001B8E8 00000191 C=CODE     S=.text    G=(none)   M=Contnrs  ACBP=A9
 0001:0001BA7C 00001262 C=CODE     S=.text    G=(none)   M=HelpIntfs ACBP=A9
 0001:0001CCE0 00000772 C=CODE     S=.text    G=(none)   M=MultiMon ACBP=A9
 0001:0001D454 000000A6 C=CODE     S=.text    G=(none)   M=CommCtrl ACBP=A9
 0001:0001D4FC 000002D8 C=CODE     S=.text    G=(none)   M=Consts   ACBP=A9
 0001:0001D7D4 0000005D C=CODE     S=.text    G=(none)   M=IniFiles ACBP=A9
 0001:0001D834 000005C5 C=CODE     S=.text    G=(none)   M=Registry ACBP=A9
 0001:0001DDFC 0000917E C=CODE     S=.text    G=(none)   M=Graphics ACBP=A9
 0001:00026F7C 0000016A C=CODE     S=.text    G=(none)   M=SyncObjs ACBP=A9
 0001:000270E8 00000BB9 C=CODE     S=.text    G=(none)   M=UxTheme  ACBP=A9
 0001:00027CA4 00000194 C=CODE     S=.text    G=(none)   M=DwmApi   ACBP=A9
 0001:00027E38 000001E4 C=CODE     S=.text    G=(none)   M=ShlObj   ACBP=A9
 0001:0002801C 000057A4 C=CODE     S=.text    G=(none)   M=StdCtrls ACBP=A9
 0001:0002D7C0 0000003A C=CODE     S=.text    G=(none)   M=Printers ACBP=A9
 0001:0002D7FC 00000006 C=CODE     S=.text    G=(none)   M=CommDlg  ACBP=A9
 0001:0002D804 00000047 C=CODE     S=.text    G=(none)   M=WideStrUtils ACBP=A9
 0001:0002D84C 000000B0 C=CODE     S=.text    G=(none)   M=StrUtils ACBP=A9
 0001:0002D8FC 00000D76 C=CODE     S=.text    G=(none)   M=GraphUtil ACBP=A9
 0001:0002E674 00000316 C=CODE     S=.text    G=(none)   M=ExtCtrls ACBP=A9
 0001:0002E98C 00004888 C=CODE     S=.text    G=(none)   M=Dialogs  ACBP=A9
 0001:00033214 0000003A C=CODE     S=.text    G=(none)   M=Clipbrd  ACBP=A9
 0001:00033250 0000012D C=CODE     S=.text    G=(none)   M=StdActns ACBP=A9
 0001:00033380 0000030E C=CODE     S=.text    G=(none)   M=FlatSB   ACBP=A9
 0001:00033690 00007AE1 C=CODE     S=.text    G=(none)   M=Menus    ACBP=A9
 0001:0003B174 00013DC0 C=CODE     S=.text    G=(none)   M=Controls ACBP=A9
 0001:0004EF34 00000C62 C=CODE     S=.text    G=(none)   M=Themes   ACBP=A9
 0001:0004FB98 000016DD C=CODE     S=.text    G=(none)   M=ImgList  ACBP=A9
 0001:00051278 00001332 C=CODE     S=.text    G=(none)   M=ActnList ACBP=A9
 0001:000525AC 0000F384 C=CODE     S=.text    G=(none)   M=Forms    ACBP=A9
 0001:00061930 00002C20 C=CODE     S=.text    G=(none)   M=FGInt    ACBP=A9
 0001:00064550 0000027C C=CODE     S=.text    G=(none)   M=FGIntRSA ACBP=A9
 0001:000647CC 00000360 C=CODE     S=.text    G=(none)   M=RSA      ACBP=A9
 0001:00064B2C 00000018 C=CODE     S=.text    G=(none)   M=JConsts  ACBP=A9
 0001:00064B44 00013368 C=CODE     S=.text    G=(none)   M=jpeg     ACBP=A9
 0001:00077EAC 000000CD C=CODE     S=.text    G=(none)   M=Buttons  ACBP=A9
 0001:00077F7C 0000007C C=CODE     S=.text    G=(none)   M=ExtDlgs  ACBP=A9
 0001:00077FF8 00000062 C=CODE     S=.text    G=(none)   M=Mapi     ACBP=A9
 0001:0007805C 0000004D C=CODE     S=.text    G=(none)   M=ExtActns ACBP=A9
 0001:000780AC 00000140 C=CODE     S=.text    G=(none)   M=ComCtrls ACBP=A9
 0001:000781EC 000002C6 C=CODE     S=.text    G=(none)   M=uRes     ACBP=A9
 0001:000784B4 0000049E C=CODE     S=.text    G=(none)   M=Base64   ACBP=A9
 0001:00078954 000018BA C=CODE     S=.text    G=(none)   M=Sha1     ACBP=A9
 0001:0007A210 000019DD C=CODE     S=.text    G=(none)   M=DCPcrypt ACBP=A9
 0001:0007BBF0 0000161E C=CODE     S=.text    G=(none)   M=Twofish  ACBP=A9
 0001:0007D210 00000D0A C=CODE     S=.text    G=(none)   M=Rijndael ACBP=A9
 0001:0007DF1C 00000672 C=CODE     S=.text    G=(none)   M=RC2      ACBP=A9
 0001:0007E590 0000072E C=CODE     S=.text    G=(none)   M=Misty1   ACBP=A9
 0001:0007ECC0 00000A62 C=CODE     S=.text    G=(none)   M=IDEA     ACBP=A9
 0001:0007F724 00000C5E C=CODE     S=.text    G=(none)   M=Gost     ACBP=A9
 0001:00080384 00001702 C=CODE     S=.text    G=(none)   M=Cast128  ACBP=A9
 0001:00081A88 00000F26 C=CODE     S=.text    G=(none)   M=Blowfish ACBP=A9
 0001:000829B0 00000501 C=CODE     S=.text    G=(none)   M=uFileUnit ACBP=A9
 0001:00082EB4 00000010 C=CODE     S=.text    G=(none)   M=ZLibConst ACBP=A9
 0001:00082EC4 000052AF C=CODE     S=.text    G=(none)   M=ZLib     ACBP=A9
 0001:00088174 0000163A C=CODE     S=.text    G=(none)   M=DES      ACBP=A9
 0001:000897B0 0000002E C=CODE     S=.text    G=(none)   M=EDcode   ACBP=A9
 0001:000897E0 0000003A C=CODE     S=.text    G=(none)   M=EDcodeUnit ACBP=A9
 0001:0008981C 000000C0 C=CODE     S=.text    G=(none)   M=Share    ACBP=A9
 0001:000898DC 00001768 C=CODE     S=.text    G=(none)   M=Main     ACBP=A9
 0001:0008B044 00000318 C=CODE     S=.text    G=(none)   M=TextLoginOrGate ACBP=A9
 0002:00000000 00000095 C=ICODE    S=.itext   G=(none)   M=System   ACBP=A9
 0002:00000098 00000011 C=ICODE    S=.itext   G=(none)   M=Windows  ACBP=A9
 0002:000000AC 00000088 C=ICODE    S=.itext   G=(none)   M=SysUtils ACBP=A9
 0002:00000134 0000000F C=ICODE    S=.itext   G=(none)   M=VarUtils ACBP=A9
 0002:00000144 000000AA C=ICODE    S=.itext   G=(none)   M=Variants ACBP=A9
 0002:000001F0 00000008 C=ICODE    S=.itext   G=(none)   M=TypInfo  ACBP=A9
 0002:000001F8 00000092 C=ICODE    S=.itext   G=(none)   M=Classes  ACBP=A9
 0002:0000028C 00000008 C=ICODE    S=.itext   G=(none)   M=HelpIntfs ACBP=A9
 0002:00000294 0000000F C=ICODE    S=.itext   G=(none)   M=MultiMon ACBP=A9
 0002:000002A4 00000008 C=ICODE    S=.itext   G=(none)   M=IniFiles ACBP=A9
 0002:000002AC 00000008 C=ICODE    S=.itext   G=(none)   M=Registry ACBP=A9
 0002:000002B4 000000FB C=ICODE    S=.itext   G=(none)   M=Graphics ACBP=A9
 0002:000003B0 0000001B C=ICODE    S=.itext   G=(none)   M=UxTheme  ACBP=A9
 0002:000003CC 00000008 C=ICODE    S=.itext   G=(none)   M=DwmApi   ACBP=A9
 0002:000003D4 00000008 C=ICODE    S=.itext   G=(none)   M=Printers ACBP=A9
 0002:000003DC 00000098 C=ICODE    S=.itext   G=(none)   M=GraphUtil ACBP=A9
 0002:00000474 00000044 C=ICODE    S=.itext   G=(none)   M=ExtCtrls ACBP=A9
 0002:000004B8 0000003D C=ICODE    S=.itext   G=(none)   M=Dialogs  ACBP=A9
 0002:000004F8 00000058 C=ICODE    S=.itext   G=(none)   M=Clipbrd  ACBP=A9
 0002:00000550 0000000F C=ICODE    S=.itext   G=(none)   M=FlatSB   ACBP=A9
 0002:00000560 00000085 C=ICODE    S=.itext   G=(none)   M=Menus    ACBP=A9
 0002:000005E8 0000008F C=ICODE    S=.itext   G=(none)   M=Controls ACBP=A9
 0002:00000678 00000008 C=ICODE    S=.itext   G=(none)   M=Themes   ACBP=A9
 0002:00000680 0000002A C=ICODE    S=.itext   G=(none)   M=ActnList ACBP=A9
 0002:000006AC 00000070 C=ICODE    S=.itext   G=(none)   M=Forms    ACBP=A9
 0002:0000071C 000000B0 C=ICODE    S=.itext   G=(none)   M=jpeg     ACBP=A9
 0002:000007CC 00000025 C=ICODE    S=.itext   G=(none)   M=Buttons  ACBP=A9
 0002:000007F4 00000014 C=ICODE    S=.itext   G=(none)   M=ExtDlgs  ACBP=A9
 0002:00000808 00000008 C=ICODE    S=.itext   G=(none)   M=Mapi     ACBP=A9
 0002:00000810 00000008 C=ICODE    S=.itext   G=(none)   M=ExtActns ACBP=A9
 0002:00000818 00000008 C=ICODE    S=.itext   G=(none)   M=ComCtrls ACBP=A9
 0002:00000820 00000008 C=ICODE    S=.itext   G=(none)   M=uRes     ACBP=A9
 0002:00000828 00000018 C=ICODE    S=.itext   G=(none)   M=Sha1     ACBP=A9
 0002:00000840 00000026 C=ICODE    S=.itext   G=(none)   M=DCPcrypt ACBP=A9
 0002:00000868 00000027 C=ICODE    S=.itext   G=(none)   M=Twofish  ACBP=A9
 0002:00000890 00000020 C=ICODE    S=.itext   G=(none)   M=Rijndael ACBP=A9
 0002:000008B0 00000020 C=ICODE    S=.itext   G=(none)   M=RC2      ACBP=A9
 0002:000008D0 00000020 C=ICODE    S=.itext   G=(none)   M=Misty1   ACBP=A9
 0002:000008F0 00000020 C=ICODE    S=.itext   G=(none)   M=IDEA     ACBP=A9
 0002:00000910 00000020 C=ICODE    S=.itext   G=(none)   M=Gost     ACBP=A9
 0002:00000930 00000020 C=ICODE    S=.itext   G=(none)   M=Cast128  ACBP=A9
 0002:00000950 00000020 C=ICODE    S=.itext   G=(none)   M=Blowfish ACBP=A9
 0002:00000970 00000008 C=ICODE    S=.itext   G=(none)   M=uFileUnit ACBP=A9
 0002:00000978 0000003A C=ICODE    S=.itext   G=(none)   M=DES      ACBP=A9
 0002:000009B4 0000000C C=ICODE    S=.itext   G=(none)   M=EDcode   ACBP=A9
 0002:000009C0 00000018 C=ICODE    S=.itext   G=(none)   M=EDcodeUnit ACBP=A9
 0002:000009D8 00000045 C=ICODE    S=.itext   G=(none)   M=TextLoginOrGate ACBP=A9
 0003:00000000 000007B0 C=DATA     S=.data    G=DGROUP   M=System   ACBP=A9
 0003:000007B0 00000020 C=DATA     S=.data    G=DGROUP   M=SysInit  ACBP=A9
 0003:000007D0 00000250 C=DATA     S=.data    G=DGROUP   M=SysUtils ACBP=A9
 0003:00000A20 00000008 C=DATA     S=.data    G=DGROUP   M=VarUtils ACBP=A9
 0003:00000A28 0000008E C=DATA     S=.data    G=DGROUP   M=Variants ACBP=A9
 0003:00000AB8 0000000C C=DATA     S=.data    G=DGROUP   M=TypInfo  ACBP=A9
 0003:00000AC4 00000064 C=DATA     S=.data    G=DGROUP   M=Classes  ACBP=A9
 0003:00000B28 00000008 C=DATA     S=.data    G=DGROUP   M=IniFiles ACBP=A9
 0003:00000B30 00000008 C=DATA     S=.data    G=DGROUP   M=Registry ACBP=A9
 0003:00000B38 00000314 C=DATA     S=.data    G=DGROUP   M=Graphics ACBP=A9
 0003:00000E4C 00000020 C=DATA     S=.data    G=DGROUP   M=ShlObj   ACBP=A9
 0003:00000E6C 0000006C C=DATA     S=.data    G=DGROUP   M=StdCtrls ACBP=A9
 0003:00000ED8 00000004 C=DATA     S=.data    G=DGROUP   M=Printers ACBP=A9
 0003:00000EDC 00000450 C=DATA     S=.data    G=DGROUP   M=GraphUtil ACBP=A9
 0003:0000132C 00000194 C=DATA     S=.data    G=DGROUP   M=Dialogs  ACBP=A9
 0003:000014C0 0000012C C=DATA     S=.data    G=DGROUP   M=Menus    ACBP=A9
 0003:000015EC 00000140 C=DATA     S=.data    G=DGROUP   M=Controls ACBP=A9
 0003:0000172C 00000068 C=DATA     S=.data    G=DGROUP   M=Themes   ACBP=A9
 0003:00001794 00000020 C=DATA     S=.data    G=DGROUP   M=ImgList  ACBP=A9
 0003:000017B4 0000013C C=DATA     S=.data    G=DGROUP   M=Forms    ACBP=A9
 0003:000018F0 00000040 C=DATA     S=.data    G=DGROUP   M=FGInt    ACBP=A9
 0003:00001930 00000908 C=DATA     S=.data    G=DGROUP   M=jpeg     ACBP=A9
 0003:00002238 0000002C C=DATA     S=.data    G=DGROUP   M=Buttons  ACBP=A9
 0003:00002264 00000018 C=DATA     S=.data    G=DGROUP   M=ExtDlgs  ACBP=A9
 0003:0000227C 00000008 C=DATA     S=.data    G=DGROUP   M=Mapi     ACBP=A9
 0003:00002284 00000018 C=DATA     S=.data    G=DGROUP   M=ComCtrls ACBP=A9
 0003:0000229C 00000008 C=DATA     S=.data    G=DGROUP   M=uRes     ACBP=A9
 0003:000022A4 00000040 C=DATA     S=.data    G=DGROUP   M=Base64   ACBP=A9
 0003:000022E4 00000028 C=DATA     S=.data    G=DGROUP   M=Sha1     ACBP=A9
 0003:0000230C 00000230 C=DATA     S=.data    G=DGROUP   M=Twofish  ACBP=A9
 0003:0000253C 00003320 C=DATA     S=.data    G=DGROUP   M=Rijndael ACBP=A9
 0003:0000585C 00000140 C=DATA     S=.data    G=DGROUP   M=RC2      ACBP=A9
 0003:0000599C 000008B0 C=DATA     S=.data    G=DGROUP   M=Misty1   ACBP=A9
 0003:0000624C 00000040 C=DATA     S=.data    G=DGROUP   M=IDEA     ACBP=A9
 0003:0000628C 00001060 C=DATA     S=.data    G=DGROUP   M=Gost     ACBP=A9
 0003:000072EC 00002030 C=DATA     S=.data    G=DGROUP   M=Cast128  ACBP=A9
 0003:0000931C 00001078 C=DATA     S=.data    G=DGROUP   M=Blowfish ACBP=A9
 0003:0000A394 00000168 C=DATA     S=.data    G=DGROUP   M=uFileUnit ACBP=A9
 0003:0000A4FC 00000248 C=DATA     S=.data    G=DGROUP   M=ZLib     ACBP=A9
 0003:0000A744 00001068 C=DATA     S=.data    G=DGROUP   M=DES      ACBP=A9
 0004:00000000 000027F0 C=BSS      S=.bss     G=DGROUP   M=System   ACBP=A9
 0004:000027F0 0000000C C=BSS      S=.bss     G=DGROUP   M=SysInit  ACBP=A9
 0004:000027FC 00000008 C=BSS      S=.bss     G=DGROUP   M=Windows  ACBP=A9
 0004:00002804 00002108 C=BSS      S=.bss     G=DGROUP   M=SysUtils ACBP=A9
 0004:0000490C 0000005C C=BSS      S=.bss     G=DGROUP   M=VarUtils ACBP=A9
 0004:00004968 00000040 C=BSS      S=.bss     G=DGROUP   M=Variants ACBP=A9
 0004:000049A8 00000004 C=BSS      S=.bss     G=DGROUP   M=TypInfo  ACBP=A9
 0004:000049AC 00000040 C=BSS      S=.bss     G=DGROUP   M=Classes  ACBP=A9
 0004:000049EC 00000008 C=BSS      S=.bss     G=DGROUP   M=HelpIntfs ACBP=A9
 0004:000049F4 00000031 C=BSS      S=.bss     G=DGROUP   M=MultiMon ACBP=A9
 0004:00004A28 00000004 C=BSS      S=.bss     G=DGROUP   M=IniFiles ACBP=A9
 0004:00004A2C 00000004 C=BSS      S=.bss     G=DGROUP   M=Registry ACBP=A9
 0004:00004A30 00000060 C=BSS      S=.bss     G=DGROUP   M=Graphics ACBP=A9
 0004:00004A90 000000DC C=BSS      S=.bss     G=DGROUP   M=UxTheme  ACBP=A9
 0004:00004B6C 00000010 C=BSS      S=.bss     G=DGROUP   M=DwmApi   ACBP=A9
 0004:00004B7C 00000008 C=BSS      S=.bss     G=DGROUP   M=ShlObj   ACBP=A9
 0004:00004B84 00000004 C=BSS      S=.bss     G=DGROUP   M=Printers ACBP=A9
 0004:00004B88 00000010 C=BSS      S=.bss     G=DGROUP   M=GraphUtil ACBP=A9
 0004:00004B98 00000008 C=BSS      S=.bss     G=DGROUP   M=ExtCtrls ACBP=A9
 0004:00004BA0 0000000C C=BSS      S=.bss     G=DGROUP   M=Dialogs  ACBP=A9
 0004:00004BAC 0000000C C=BSS      S=.bss     G=DGROUP   M=Clipbrd  ACBP=A9
 0004:00004BB8 00000034 C=BSS      S=.bss     G=DGROUP   M=FlatSB   ACBP=A9
 0004:00004BEC 00000010 C=BSS      S=.bss     G=DGROUP   M=Menus    ACBP=A9
 0004:00004BFC 00000088 C=BSS      S=.bss     G=DGROUP   M=Controls ACBP=A9
 0004:00004C84 0000000C C=BSS      S=.bss     G=DGROUP   M=Themes   ACBP=A9
 0004:00004C90 00000008 C=BSS      S=.bss     G=DGROUP   M=ImgList  ACBP=A9
 0004:00004C98 00000004 C=BSS      S=.bss     G=DGROUP   M=ActnList ACBP=A9
 0004:00004C9C 00000031 C=BSS      S=.bss     G=DGROUP   M=Forms    ACBP=A9
 0004:00004CD0 00000004 C=BSS      S=.bss     G=DGROUP   M=jpeg     ACBP=A9
 0004:00004CD4 00000030 C=BSS      S=.bss     G=DGROUP   M=Buttons  ACBP=A9
 0004:00004D04 00000004 C=BSS      S=.bss     G=DGROUP   M=ExtDlgs  ACBP=A9
 0004:00004D08 00000004 C=BSS      S=.bss     G=DGROUP   M=Mapi     ACBP=A9
 0004:00004D0C 00000009 C=BSS      S=.bss     G=DGROUP   M=ExtActns ACBP=A9
 0004:00004D18 0000000C C=BSS      S=.bss     G=DGROUP   M=ComCtrls ACBP=A9
 0004:00004D24 00000004 C=BSS      S=.bss     G=DGROUP   M=uRes     ACBP=A9
 0004:00004D28 00000004 C=BSS      S=.bss     G=DGROUP   M=Sha1     ACBP=A9
 0004:00004D2C 0000000C C=BSS      S=.bss     G=DGROUP   M=DCPcrypt ACBP=A9
 0004:00004D38 00001005 C=BSS      S=.bss     G=DGROUP   M=Twofish  ACBP=A9
 0004:00005D40 00000004 C=BSS      S=.bss     G=DGROUP   M=Rijndael ACBP=A9
 0004:00005D44 00000004 C=BSS      S=.bss     G=DGROUP   M=RC2      ACBP=A9
 0004:00005D48 00000004 C=BSS      S=.bss     G=DGROUP   M=Misty1   ACBP=A9
 0004:00005D4C 00000004 C=BSS      S=.bss     G=DGROUP   M=IDEA     ACBP=A9
 0004:00005D50 00000004 C=BSS      S=.bss     G=DGROUP   M=Gost     ACBP=A9
 0004:00005D54 00000004 C=BSS      S=.bss     G=DGROUP   M=Cast128  ACBP=A9
 0004:00005D58 00000004 C=BSS      S=.bss     G=DGROUP   M=Blowfish ACBP=A9
 0004:00005D5C 00000004 C=BSS      S=.bss     G=DGROUP   M=uFileUnit ACBP=A9
 0004:00005D60 000008E4 C=BSS      S=.bss     G=DGROUP   M=ZLib     ACBP=A9
 0004:00006644 00000004 C=BSS      S=.bss     G=DGROUP   M=DES      ACBP=A9
 0004:00006648 00000004 C=BSS      S=.bss     G=DGROUP   M=EDcode   ACBP=A9
 0004:0000664C 0000001C C=BSS      S=.bss     G=DGROUP   M=EDcodeUnit ACBP=A9
 0004:00006668 00000004 C=BSS      S=.bss     G=DGROUP   M=Main     ACBP=A9
 0005:00000000 00000008 C=TLS      S=.tls     G=(none)   M=System   ACBP=A9
 0005:00000008 00000008 C=TLS      S=.tls     G=(none)   M=Classes  ACBP=A9
 0005:00000010 00000028 C=TLS      S=.tls     G=(none)   M=GraphUtil ACBP=A9


  Address             Publics by Name

 0001:00006AA4       ActiveX.CoCreateInstance
 0001:00006AAC       ActiveX.CoTaskMemAlloc
 0001:00006AB4       ActiveX.CoTaskMemFree
 0001:00006ABC       ActiveX.Succeeded
 0004:00004C98       ActnList..9
 0001:000516A0       ActnList..TActionLink
 0001:00051278       ActnList..TContainedAction
 0001:00051598       ActnList..TCustomAction
 0001:0005139C       ActnList..TCustomActionList
 0001:0005147C       ActnList..TShortCutList
 0002:00000680       ActnList.ActnList
 0001:0005257C       ActnList.Finalization
 0001:00051D90       ActnList.TActionLink.IsCaptionLinked
 0001:00051DA4       ActnList.TActionLink.IsCheckedLinked
 0001:00051DB8       ActnList.TActionLink.IsEnabledLinked
 0001:00051DCC       ActnList.TActionLink.IsGroupIndexLinked
 0001:00051DE0       ActnList.TActionLink.IsHelpContextLinked
 0001:00051DF4       ActnList.TActionLink.IsHelpLinked
 0001:00051E08       ActnList.TActionLink.IsHintLinked
 0001:00051E1C       ActnList.TActionLink.IsImageIndexLinked
 0001:00051E30       ActnList.TActionLink.IsShortCutLinked
 0001:00051E44       ActnList.TActionLink.IsVisibleLinked
 0001:00051E58       ActnList.TActionLink.SetAutoCheck
 0001:00051E5C       ActnList.TActionLink.SetCaption
 0001:00051E60       ActnList.TActionLink.SetChecked
 0001:00051E64       ActnList.TActionLink.SetEnabled
 0001:00051E68       ActnList.TActionLink.SetGroupIndex
 0001:00051E6C       ActnList.TActionLink.SetHelpContext
 0001:00051E70       ActnList.TActionLink.SetHelpKeyword
 0001:00051E74       ActnList.TActionLink.SetHelpType
 0001:00051E78       ActnList.TActionLink.SetHint
 0001:00051E7C       ActnList.TActionLink.SetImageIndex
 0001:00051E80       ActnList.TActionLink.SetShortCut
 0001:00051E84       ActnList.TActionLink.SetVisible
 0001:00051770       ActnList.TContainedAction.Destroy
 0001:000518DC       ActnList.TContainedAction.Execute
 0001:000517A4       ActnList.TContainedAction.GetIndex
 0001:000517C0       ActnList.TContainedAction.GetParentComponent
 0001:000517D0       ActnList.TContainedAction.HasParent
 0001:000517BC       ActnList.TContainedAction.IsCategoryStored
 0001:000517E0       ActnList.TContainedAction.ReadState
 0001:00051888       ActnList.TContainedAction.SetActionList
 0001:0005185C       ActnList.TContainedAction.SetCategory
 0001:00051814       ActnList.TContainedAction.SetIndex
 0001:000518B0       ActnList.TContainedAction.SetParentComponent
 0001:00051934       ActnList.TContainedAction.Update
 0001:00051F2C       ActnList.TCustomAction.AssignTo
 0001:00051E88       ActnList.TCustomAction.Create
 0001:00051EDC       ActnList.TCustomAction.Destroy
 0001:0005244C       ActnList.TCustomAction.DoHint
 0001:00052474       ActnList.TCustomAction.Execute
 0001:000524D8       ActnList.TCustomAction.GetSecondaryShortCuts
 0001:00052500       ActnList.TCustomAction.HandleShortCut
 0001:00051FDC       ActnList.TCustomAction.SetCaption
 0001:0005203C       ActnList.TCustomAction.SetChecked
 0001:00052144       ActnList.TCustomAction.SetEnabled
 0001:00052228       ActnList.TCustomAction.SetHelpContext
 0001:000521C0       ActnList.TCustomAction.SetHelpKeyword
 0001:00052280       ActnList.TCustomAction.SetHint
 0001:000522E0       ActnList.TCustomAction.SetImageIndex
 0001:00052400       ActnList.TCustomAction.SetName
 0001:0005233C       ActnList.TCustomAction.SetShortCut
 0001:000523A0       ActnList.TCustomAction.SetVisible
 0001:00051B64       ActnList.TCustomActionList.AddAction
 0001:00051BA0       ActnList.TCustomActionList.Change
 0001:0005198C       ActnList.TCustomActionList.Create
 0001:000519F8       ActnList.TCustomActionList.Destroy
 0001:00051CAC       ActnList.TCustomActionList.ExecuteAction
 0001:00051AC0       ActnList.TCustomActionList.GetAction
 0001:00051AD4       ActnList.TCustomActionList.GetActionCount
 0001:00051A48       ActnList.TCustomActionList.GetChildren
 0001:00051B10       ActnList.TCustomActionList.ImageListChange
 0001:00051C08       ActnList.TCustomActionList.IsShortCut
 0001:00051B1C       ActnList.TCustomActionList.Notification
 0001:00051B84       ActnList.TCustomActionList.RemoveAction
 0001:00051A90       ActnList.TCustomActionList.SetChildOrder
 0001:00051ADC       ActnList.TCustomActionList.SetImages
 0001:00051CEC       ActnList.TCustomActionList.SetState
 0001:00051CCC       ActnList.TCustomActionList.UpdateAction
 0001:0005250C       ActnList.TShortCutList.Add
 0001:00052538       ActnList.TShortCutList.IndexOfShortCut
 0003:000022A4       Base64.B64
 0001:00078738       Base64.Base64Decode
 0001:000788D4       Base64.Base64DecodeStr
 0001:000784B4       Base64.Base64Encode
 0001:000786C0       Base64.Base64EncodeStr
 0004:00005D58       Blowfish..2
 0001:00081A88       Blowfish..TDCP_blowfish
 0002:00000950       Blowfish.Blowfish
 0001:00082980       Blowfish.Finalization
 0003:0000A374       Blowfish.InData1
 0003:0000A37C       Blowfish.InData2
 0003:0000A364       Blowfish.Key1
 0003:0000A36C       Blowfish.Key2
 0003:0000A384       Blowfish.OutData1
 0003:0000A38C       Blowfish.OutData2
 0003:0000931C       Blowfish.PBoxOrg
 0003:00009364       Blowfish.SBoxOrg
 0001:00081E98       Blowfish.TDCP_blowfish.Burn
 0001:000823E8       Blowfish.TDCP_blowfish.DecryptECB
 0001:00081ECC       Blowfish.TDCP_blowfish.EncryptECB
 0001:00081B7C       Blowfish.TDCP_blowfish.GetAlgorithm
 0001:00081BAC       Blowfish.TDCP_blowfish.GetBlockSize
 0001:00081B74       Blowfish.TDCP_blowfish.GetId
 0001:00081BA4       Blowfish.TDCP_blowfish.GetMaxKeySize
 0001:00081C9C       Blowfish.TDCP_blowfish.Init
 0001:00081BB4       Blowfish.TDCP_blowfish.SelfTest
 0004:00004CD4       Buttons..5
 0003:00002238       Buttons.BitBtnCaptions
 0004:00004CD8       Buttons.BitBtnGlyphs
 0002:000007CC       Buttons.Buttons
 0001:00077EAC       Buttons.DestroyLocals
 0001:00077F44       Buttons.Finalization
 0004:00005D54       Cast128..2
 0001:00080384       Cast128..TDCP_cast128
 0002:00000930       Cast128.Cast128
 0003:000072EC       Cast128.cast_sbox1
 0003:000076EC       Cast128.cast_sbox2
 0003:00007AEC       Cast128.cast_sbox3
 0003:00007EEC       Cast128.cast_sbox4
 0003:000082EC       Cast128.cast_sbox5
 0003:000086EC       Cast128.cast_sbox6
 0003:00008AEC       Cast128.cast_sbox7
 0003:00008EEC       Cast128.cast_sbox8
 0001:00081A58       Cast128.Finalization
 0003:000092FC       Cast128.InBlock
 0003:000092EC       Cast128.Key
 0003:00009304       Cast128.Out128
 0003:00009314       Cast128.Out40
 0003:0000930C       Cast128.Out80
 0001:00080E90       Cast128.TDCP_cast128.Burn
 0001:00081488       Cast128.TDCP_cast128.DecryptECB
 0001:00080EB8       Cast128.TDCP_cast128.EncryptECB
 0001:00080488       Cast128.TDCP_cast128.GetAlgorithm
 0001:00080478       Cast128.TDCP_cast128.GetBlockSize
 0001:00080480       Cast128.TDCP_cast128.GetId
 0001:00080470       Cast128.TDCP_cast128.GetMaxKeySize
 0001:00080628       Cast128.TDCP_cast128.Init
 0001:000804AC       Cast128.TDCP_cast128.SelfTest
 0004:000049B8       Classes..95
 0001:00011818       Classes..EBitsError
 0001:00011708       Classes..EClassNotFound
 0001:000118D0       Classes..EComponentError
 0001:0001154C       Classes..EFCreateError
 0001:00011600       Classes..EFilerError
 0001:000114EC       Classes..EFileStreamError
 0001:000115A8       Classes..EFOpenError
 0001:00011988       Classes..EInvalidOperation
 0001:000117C0       Classes..EListError
 0001:0001192C       Classes..EOutOfResources
 0001:00011658       Classes..EReadError
 0001:00011764       Classes..EResNotFound
 0001:00011490       Classes..EStreamError
 0001:00011870       Classes..EStringListError
 0001:00012680       Classes..EThread
 0001:000116B0       Classes..EWriteError
 0001:000129A8       Classes..TBasicAction
 0001:00012928       Classes..TBasicActionLink
 0001:00011AA4       Classes..TBits
 0001:0001252C       Classes..TClassFinder
 0001:00011D54       Classes..TCollection
 0001:00011C9C       Classes..TCollectionItem
 0001:000127C8       Classes..TComponent
 0001:00012220       Classes..TCustomMemoryStream
 0001:00012588       Classes..TFiler
 0001:00012198       Classes..TFileStream
 0001:00012120       Classes..THandleStream
 0001:00013850       Classes..TIntConst
 0001:00011BE8       Classes..TInterfacedPersistent
 0001:000119E8       Classes..TList
 0001:0001229C       Classes..TMemoryStream
 0001:00011AF8       Classes..TPersistent
 0001:00017074       Classes..TPropFixup
 0001:000170EC       Classes..TPropIntfFixup
 0001:000125EC       Classes..TReader
 0001:00012B2C       Classes..TRegGroup
 0001:00012B84       Classes..TRegGroups
 0001:00012318       Classes..TResourceStream
 0001:000120B0       Classes..TStream
 0001:000124A4       Classes..TStreamAdapter
 0001:00011F98       Classes..TStringList
 0001:00011E60       Classes..TStrings
 0001:00011A4C       Classes..TThreadList
 0001:000137F4       Classes.ActivateClassGroup
 0003:00000AC4       Classes.AddDataModule
 0001:0001734C       Classes.AddFinished
 0001:00017384       Classes.AddNotFinished
 0001:00017EF8       Classes.AddSubComponentsToLoaded
 0001:0001B75C       Classes.AllocateHWnd
 0003:00000AD4       Classes.ApplicationHandleException
 0003:00000ADC       Classes.ApplicationShowException
 0001:00013B4C       Classes.BeginGlobalLoading
 0003:00000AFC       Classes.BlockCode
 0001:00012AF0       Classes.Bounds
 0001:0001B698       Classes.CalcJmpOffset
 0001:00017F34       Classes.CheckSubComponents
 0001:0001A408       Classes.CheckSynchronize
 0002:000001F8       Classes.Classes
 0001:000135B8       Classes.ClassNotFound
 0001:00018014       Classes.ComponentCreated
 0001:00018094       Classes.CreateComponent
 0001:0001B810       Classes.DeallocateHWnd
 0001:0001A3C8       Classes.DoneThreadSynchronization
 0001:00015154       Classes.DoWrite
 0001:00013BD4       Classes.EndGlobalLoading
 0001:00016EAC       Classes.Error
 0001:00013158       Classes.Error
 0003:00000AEC       Classes.FilerSignature
 0001:0001B838       Classes.Finalization
 0001:00013678       Classes.FindClass
 0001:00018244       Classes.FindExistingComponent
 0001:00013A64       Classes.FindGlobalComponent
 0004:000049C4       Classes.FindGlobalComponentProcs
 0001:0001390C       Classes.FindIdentToInt
 0001:00017280       Classes.FindNestedComponent
 0001:000191E8       Classes.FindUniqueName
 0001:0001B604       Classes.FreeIntConstList
 0001:0001B738       Classes.FreeObjectInstance
 0001:00013624       Classes.GetClass
 0001:00014774       Classes.GetDesigner
 0001:000135AC       Classes.GetFieldClassTable
 0004:000049C8       Classes.GlobalFixupList
 0001:000173CC       Classes.GlobalFixupReferences
 0005:0000000C       Classes.GlobalLists
 0005:00000008       Classes.GlobalLoaded
 0004:000049AC       Classes.GlobalNameSpace
 0001:000137A0       Classes.GroupDescendentsWith
 0001:000189B8       Classes.HandleException
 0001:00013988       Classes.IdentToInt
 0001:00013C30       Classes.InitComponent
 0001:00013CD8       Classes.InitInheritedComponent
 0001:0001A394       Classes.InitThreadSynchronization
 0004:000049E4       Classes.InstBlockList
 0004:000049E8       Classes.InstFreeList
 0004:000049BC       Classes.IntConstList
 0001:00013AC8       Classes.InternalReadComponentRes
 0001:000139C8       Classes.IntToIdent
 0001:00012B18       Classes.InvalidPoint
 0001:00013AA4       Classes.IsUniqueGlobalComponentName
 0004:000049B0       Classes.IsUniqueGlobalComponentNameProc
 0001:0001B6A0       Classes.MakeObjectInstance
 0001:00014398       Classes.Min
 0001:0001B670       Classes.ModuleUnload
 0003:00000AF0       Classes.NilMethod
 0001:00014814       Classes.NotifyDesigner
 0001:00013BA4       Classes.NotifyGlobalLoading
 0001:00012AA0       Classes.Point
 0001:00012EE4       Classes.PointerInModule
 0001:000176EC       Classes.PropertyNotFound
 0001:00018AB8       Classes.PropPathError
 0001:000176E0       Classes.PropValueError
 0001:00016630       Classes.RaiseException
 0001:00019D9C       Classes.ReadCustomVariant
 0001:000176C8       Classes.ReadError
 0001:00018034       Classes.Recover
 0001:00012AC8       Classes.Rect
 0004:000049C0       Classes.RegGroups
 0001:00013698       Classes.RegisterClass
 0001:00013A0C       Classes.RegisterFindGlobalComponentProc
 0001:000138E0       Classes.RegisterIntegerConsts
 0003:00000ACC       Classes.RemoveDataModule
 0001:00017598       Classes.RemoveFixupReferences
 0001:00017644       Classes.RemoveFixups
 0001:000179DC       Classes.RemoveGlobalFixup
 0001:0001A3E0       Classes.ResetSyncEvent
 0001:00013E68       Classes.ReturnAddr
 0001:000152B4       Classes.ReturnAddr
 0001:000181A4       Classes.SetCompName
 0001:00017718       Classes.SetElementValue
 0001:00018E10       Classes.SetInterfaceReference
 0001:00018D2C       Classes.SetIntIdent
 0001:00018D74       Classes.SetObjectIdent
 0001:00017FAC       Classes.SetSubComponentState
 0001:00018DB4       Classes.SetVariantReference
 0001:000198BC       Classes.SkipBinary
 0001:000198EC       Classes.SkipCollection
 0001:00019894       Classes.SkipList
 0001:00012AB8       Classes.SmallPoint
 0001:00013754       Classes.StartClassGroup
 0001:0001B678       Classes.StdWndProc
 0001:00016458       Classes.StringListCompareStrings
 0004:000049B4       Classes.SyncEvent
 0003:00000AF8       Classes.SyncList
 0001:0001B070       Classes.TBasicAction.Change
 0001:0001AF04       Classes.TBasicAction.Create
 0001:0001AF48       Classes.TBasicAction.Destroy
 0001:0001AFDC       Classes.TBasicAction.Execute
 0001:0001AFAC       Classes.TBasicAction.ExecuteTarget
 0001:0001AFA8       Classes.TBasicAction.HandlesTarget
 0001:0001AFB0       Classes.TBasicAction.Notification
 0001:0001B084       Classes.TBasicAction.RegisterChanges
 0001:0001B0D0       Classes.TBasicAction.SetActionComponent
 0001:0001B014       Classes.TBasicAction.SetOnExecute
 0001:0001B090       Classes.TBasicAction.UnRegisterChanges
 0001:0001AFF8       Classes.TBasicAction.Update
 0001:0001AFD8       Classes.TBasicAction.UpdateTarget
 0001:0001AE54       Classes.TBasicActionLink.AssignClient
 0001:0001AE8C       Classes.TBasicActionLink.Change
 0001:0001AE10       Classes.TBasicActionLink.Create
 0001:0001AE58       Classes.TBasicActionLink.Destroy
 0001:0001AEA4       Classes.TBasicActionLink.Execute
 0001:0001AEEC       Classes.TBasicActionLink.IsOnExecuteLinked
 0001:0001AEC0       Classes.TBasicActionLink.SetAction
 0001:0001AEF0       Classes.TBasicActionLink.SetOnExecute
 0001:0001AEF8       Classes.TBasicActionLink.Update
 0001:00014350       Classes.TBits.Destroy
 0001:00014380       Classes.TBits.Error
 0001:00014474       Classes.TBits.OpenBit
 0001:00014448       Classes.TBits.SetBit
 0001:000143A4       Classes.TBits.SetSize
 0001:000133C8       Classes.TClassFinder.Create
 0001:000134F4       Classes.TClassFinder.Destroy
 0001:00013524       Classes.TClassFinder.GetClass
 0001:00014AF4       Classes.TCollection.Add
 0001:00014F28       Classes.TCollection.Added
 0001:00014B14       Classes.TCollection.Assign
 0001:00014BAC       Classes.TCollection.BeginUpdate
 0001:00014BB0       Classes.TCollection.Changed
 0001:00014BC0       Classes.TCollection.Clear
 0001:00014A5C       Classes.TCollection.Create
 0001:00014F2C       Classes.TCollection.Deleting
 0001:00014AA8       Classes.TCollection.Destroy
 0001:00014C28       Classes.TCollection.EndUpdate
 0001:00014C38       Classes.TCollection.GetAttr
 0001:00014C34       Classes.TCollection.GetAttrCount
 0001:00014C64       Classes.TCollection.GetCount
 0001:00014C6C       Classes.TCollection.GetItem
 0001:00014C44       Classes.TCollection.GetItemAttr
 0001:00014C80       Classes.TCollection.GetNamePath
 0001:00014D48       Classes.TCollection.GetPropName
 0001:00014E64       Classes.TCollection.InsertItem
 0001:00014F30       Classes.TCollection.Notify
 0001:00014ECC       Classes.TCollection.RemoveItem
 0001:00014F20       Classes.TCollection.SetItemName
 0001:00014F24       Classes.TCollection.Update
 0001:000148E0       Classes.TCollectionItem.Changed
 0001:00014878       Classes.TCollectionItem.Create
 0001:000148B0       Classes.TCollectionItem.Destroy
 0001:0001491C       Classes.TCollectionItem.GetDisplayName
 0001:00014904       Classes.TCollectionItem.GetIndex
 0001:00014944       Classes.TCollectionItem.GetNamePath
 0001:000149F8       Classes.TCollectionItem.GetOwner
 0001:000149FC       Classes.TCollectionItem.SetCollection
 0001:00014A24       Classes.TCollectionItem.SetDisplayName
 0001:00014A2C       Classes.TCollectionItem.SetIndex
 0001:0001A6A8       Classes.TComponent.BeforeDestruction
 0001:0001ABE0       Classes.TComponent.ChangeName
 0001:0001A5E0       Classes.TComponent.Create
 0001:0001A970       Classes.TComponent.DefineProperties
 0001:0001A62C       Classes.TComponent.Destroy
 0001:0001A838       Classes.TComponent.DestroyComponents
 0001:0001A894       Classes.TComponent.Destroying
 0001:0001AD1C       Classes.TComponent.ExecuteAction
 0001:0001AB00       Classes.TComponent.FindComponent
 0001:0001A6B4       Classes.TComponent.FreeNotification
 0001:0001AA04       Classes.TComponent.GetChildOwner
 0001:0001AA08       Classes.TComponent.GetChildParent
 0001:0001A9FC       Classes.TComponent.GetChildren
 0001:0001ABF4       Classes.TComponent.GetComponent
 0001:0001AC20       Classes.TComponent.GetComponentCount
 0001:0001AA0C       Classes.TComponent.GetNamePath
 0001:0001AA20       Classes.TComponent.GetOwner
 0001:0001AA28       Classes.TComponent.GetParentComponent
 0001:0001A9F8       Classes.TComponent.HasParent
 0001:0001A748       Classes.TComponent.Insert
 0001:0001A79C       Classes.TComponent.InsertComponent
 0001:0001AE0C       Classes.TComponent.IntfGetComponent
 0001:0001AA48       Classes.TComponent.Loaded
 0001:0001A910       Classes.TComponent.Notification
 0001:0001AA54       Classes.TComponent.PaletteCreated
 0001:0001AD8C       Classes.TComponent.QueryInterface
 0001:0001A708       Classes.TComponent.ReadLeft
 0001:0001AA58       Classes.TComponent.ReadState
 0001:0001A71C       Classes.TComponent.ReadTop
 0001:0001A774       Classes.TComponent.Remove
 0001:0001A800       Classes.TComponent.RemoveComponent
 0001:0001A8F4       Classes.TComponent.RemoveFreeNotification
 0001:0001A8D0       Classes.TComponent.RemoveNotification
 0001:0001AD6C       Classes.TComponent.SafeCallException
 0001:0001AA24       Classes.TComponent.SetChildOrder
 0001:0001AC30       Classes.TComponent.SetComponentIndex
 0001:0001AC84       Classes.TComponent.SetDesigning
 0001:0001AB50       Classes.TComponent.SetName
 0001:0001AA2C       Classes.TComponent.SetParentComponent
 0001:0001ACD4       Classes.TComponent.SetReference
 0001:0001AD44       Classes.TComponent.UpdateAction
 0001:0001AA3C       Classes.TComponent.Updated
 0001:0001AD84       Classes.TComponent.UpdateRegistry
 0001:0001AA30       Classes.TComponent.Updating
 0001:0001AAE8       Classes.TComponent.ValidateContainer
 0001:0001AAFC       Classes.TComponent.ValidateInsert
 0001:0001AA68       Classes.TComponent.ValidateRename
 0001:0001A730       Classes.TComponent.WriteLeft
 0001:0001AA60       Classes.TComponent.WriteState
 0001:0001A73C       Classes.TComponent.WriteTop
 0001:0001ADCC       Classes.TComponent._AddRef
 0001:0001ADEC       Classes.TComponent._Release
 0001:00016BEC       Classes.TCustomMemoryStream.Read
 0001:00016C48       Classes.TCustomMemoryStream.SaveToStream
 0001:00016C24       Classes.TCustomMemoryStream.Seek
 0001:00016BE4       Classes.TCustomMemoryStream.SetPointer
 0001:00017000       Classes.TFiler.Create
 0001:00017048       Classes.TFiler.Destroy
 0001:00017070       Classes.TFiler.SetRoot
 0001:00016A3C       Classes.TFileStream.Create
 0001:000169F8       Classes.TFileStream.Create
 0001:00016BB0       Classes.TFileStream.Destroy
 0001:00016934       Classes.THandleStream.Create
 0001:00016970       Classes.THandleStream.Read
 0001:00016990       Classes.THandleStream.Seek
 0001:000169D0       Classes.THandleStream.SetSize
 0001:000169BC       Classes.THandleStream.SetSize
 0001:00016980       Classes.THandleStream.Write
 0004:000049CC       Classes.ThreadLock
 0001:000138A8       Classes.TIntConst.Create
 0001:000146BC       Classes.TInterfacedPersistent.AfterConstruction
 0001:0001474C       Classes.TInterfacedPersistent.QueryInterface
 0001:0001470C       Classes.TInterfacedPersistent._AddRef
 0001:0001472C       Classes.TInterfacedPersistent._Release
 0001:00013DC0       Classes.TList.Add
 0001:00013DF4       Classes.TList.Clear
 0001:00013E0C       Classes.TList.Delete
 0001:00013DA0       Classes.TList.Destroy
 0001:00013E6C       Classes.TList.Error
 0001:00013EA4       Classes.TList.Error
 0001:00013EF8       Classes.TList.Expand
 0001:00013F10       Classes.TList.First
 0001:00013F18       Classes.TList.Get
 0001:00013F40       Classes.TList.Grow
 0001:00013F74       Classes.TList.IndexOf
 0001:00013F94       Classes.TList.Insert
 0001:00014000       Classes.TList.Last
 0001:0001400C       Classes.TList.Move
 0001:00014184       Classes.TList.Notify
 0001:00014064       Classes.TList.Put
 0001:000140B4       Classes.TList.Remove
 0001:000140D4       Classes.TList.SetCapacity
 0001:00014110       Classes.TList.SetCount
 0001:00016C8C       Classes.TMemoryStream.Clear
 0001:00016C60       Classes.TMemoryStream.Destroy
 0001:00016CDC       Classes.TMemoryStream.LoadFromFile
 0001:00016CA4       Classes.TMemoryStream.LoadFromStream
 0001:00016D84       Classes.TMemoryStream.Realloc
 0001:00016D30       Classes.TMemoryStream.SetCapacity
 0001:00016D58       Classes.TMemoryStream.SetSize
 0001:00016E04       Classes.TMemoryStream.Write
 0001:00014518       Classes.TPersistent.Assign
 0001:0001452C       Classes.TPersistent.AssignError
 0001:000145FC       Classes.TPersistent.AssignTo
 0001:00014604       Classes.TPersistent.DefineProperties
 0001:000144EC       Classes.TPersistent.Destroy
 0001:00014608       Classes.TPersistent.GetNamePath
 0001:000146B8       Classes.TPersistent.GetOwner
 0001:0001714C       Classes.TPropFixup.Create
 0001:000171A4       Classes.TPropFixup.MakeGlobalReference
 0001:000171EC       Classes.TPropFixup.ResolveReference
 0001:000171FC       Classes.TPropIntfFixup.ResolveReference
 0001:0001776C       Classes.TReader.CheckValue
 0001:000177CC       Classes.TReader.DefineBinaryProperty
 0001:00017790       Classes.TReader.DefineProperty
 0001:00017730       Classes.TReader.Destroy
 0001:00017A58       Classes.TReader.DoFixupReferences
 0001:000178B4       Classes.TReader.EndOfList
 0001:000178C8       Classes.TReader.Error
 0001:00019BE8       Classes.TReader.FindAncestorComponent
 0001:00019CE0       Classes.TReader.FindComponentClass
 0001:00017974       Classes.TReader.FindMethod
 0001:000178EC       Classes.TReader.FindMethodInstance
 0001:00017B9C       Classes.TReader.FlushBuffer
 0001:00017BC0       Classes.TReader.FreeFixups
 0001:00017BFC       Classes.TReader.GetFieldClass
 0001:00017C94       Classes.TReader.GetPosition
 0001:00017CAC       Classes.TReader.NextValue
 0001:00017CBC       Classes.TReader.PropertyError
 0001:00017CD0       Classes.TReader.Read
 0001:00017D58       Classes.TReader.ReadBoolean
 0001:00017D1C       Classes.TReader.ReadBuffer
 0001:00017D6C       Classes.TReader.ReadChar
 0001:00017E28       Classes.TReader.ReadCollection
 0001:000182E8       Classes.TReader.ReadComponent
 0001:00018728       Classes.TReader.ReadCurrency
 0001:00018528       Classes.TReader.ReadData
 0001:00018598       Classes.TReader.ReadDataInner
 0001:00018778       Classes.TReader.ReadDate
 0001:000186A0       Classes.TReader.ReadDouble
 0001:00018668       Classes.TReader.ReadFloat
 0001:000187BC       Classes.TReader.ReadIdent
 0001:00018924       Classes.TReader.ReadInt64
 0001:000188B8       Classes.TReader.ReadInteger
 0001:00018968       Classes.TReader.ReadListBegin
 0001:00018970       Classes.TReader.ReadListEnd
 0001:00018978       Classes.TReader.ReadPrefix
 0001:00018AD4       Classes.TReader.ReadProperty
 0001:00018ED0       Classes.TReader.ReadPropValue
 0001:00019248       Classes.TReader.ReadRootComponent
 0001:0001957C       Classes.TReader.ReadSet
 0001:00019638       Classes.TReader.ReadSignature
 0001:000186E4       Classes.TReader.ReadSingle
 0001:0001965C       Classes.TReader.ReadStr
 0001:00019698       Classes.TReader.ReadString
 0001:00019838       Classes.TReader.ReadValue
 0001:00019F64       Classes.TReader.ReadVariant
 0001:00017DCC       Classes.TReader.ReadWideChar
 0001:00019754       Classes.TReader.ReadWideString
 0001:00019CA0       Classes.TReader.ReferenceName
 0001:00019CB8       Classes.TReader.SetName
 0001:00019D54       Classes.TReader.SkipBytes
 0001:00019B40       Classes.TReader.SkipComponent
 0001:00019AF8       Classes.TReader.SkipProperty
 0001:0001984C       Classes.TReader.SkipSetBody
 0001:00019948       Classes.TReader.SkipValue
 0001:00012BDC       Classes.TRegGroup.AddClass
 0001:00012BE8       Classes.TRegGroup.BestClass
 0001:00012C48       Classes.TRegGroup.BestGroup
 0001:00012CB8       Classes.TRegGroup.Create
 0001:00012D14       Classes.TRegGroup.Destroy
 0001:00012D54       Classes.TRegGroup.GetClass
 0001:00012DBC       Classes.TRegGroup.InGroup
 0001:00012E00       Classes.TRegGroup.RegisterClass
 0001:00012EC0       Classes.TRegGroup.Registered
 0001:00012F04       Classes.TRegGroup.UnregisterModuleClasses
 0001:00012FB0       Classes.TRegGroups.Activate
 0001:00012FFC       Classes.TRegGroups.Create
 0001:00013070       Classes.TRegGroups.Destroy
 0001:000130D0       Classes.TRegGroups.FindGroup
 0001:00013114       Classes.TRegGroups.GetClass
 0001:000131E8       Classes.TRegGroups.GroupWith
 0001:000132B4       Classes.TRegGroups.Lock
 0001:000132C0       Classes.TRegGroups.RegisterClass
 0001:000132D8       Classes.TRegGroups.Registered
 0001:0001331C       Classes.TRegGroups.StartGroup
 0001:0001336C       Classes.TRegGroups.Unlock
 0001:00013378       Classes.TRegGroups.UnregisterModuleClasses
 0001:00016E54       Classes.TResourceStream.Create
 0001:00016FB8       Classes.TResourceStream.Destroy
 0001:00016F4C       Classes.TResourceStream.Initialize
 0001:00016FE8       Classes.TResourceStream.Write
 0001:000167E0       Classes.TStream.CopyFrom
 0001:00016544       Classes.TStream.GetPosition
 0001:00016578       Classes.TStream.GetSize
 0001:00016770       Classes.TStream.ReadBuffer
 0001:000168D4       Classes.TStream.ReadComponent
 0001:0001667C       Classes.TStream.Seek
 0001:00016700       Classes.TStream.Seek
 0001:00016564       Classes.TStream.SetPosition
 0001:000165C4       Classes.TStream.SetSize
 0001:000165DC       Classes.TStream.SetSize
 0001:000165C8       Classes.TStream.SetSize64
 0001:000167A8       Classes.TStream.WriteBuffer
 0001:0001B5EC       Classes.TStreamAdapter.Clone
 0001:0001B540       Classes.TStreamAdapter.Commit
 0001:0001B338       Classes.TStreamAdapter.CopyTo
 0001:0001B0FC       Classes.TStreamAdapter.Create
 0001:0001B148       Classes.TStreamAdapter.Destroy
 0001:0001B558       Classes.TStreamAdapter.LockRegion
 0001:0001B180       Classes.TStreamAdapter.Read
 0001:0001B54C       Classes.TStreamAdapter.Revert
 0001:0001B250       Classes.TStreamAdapter.Seek
 0001:0001B2D4       Classes.TStreamAdapter.SetSize
 0001:0001B570       Classes.TStreamAdapter.Stat
 0001:0001B564       Classes.TStreamAdapter.UnlockRegion
 0001:0001B1E8       Classes.TStreamAdapter.Write
 0001:00015EC4       Classes.TStringList.Add
 0001:00015ED4       Classes.TStringList.AddObject
 0001:00015F38       Classes.TStringList.Changed
 0001:00015F54       Classes.TStringList.Changing
 0001:00015F70       Classes.TStringList.Clear
 0001:000164C0       Classes.TStringList.CompareStrings
 0001:00016488       Classes.TStringList.CustomSort
 0001:00015FB0       Classes.TStringList.Delete
 0001:00015E68       Classes.TStringList.Destroy
 0001:0001601C       Classes.TStringList.Exchange
 0001:00016078       Classes.TStringList.ExchangeItems
 0001:0001609C       Classes.TStringList.Find
 0001:00016120       Classes.TStringList.Get
 0001:00016154       Classes.TStringList.GetCapacity
 0001:00016158       Classes.TStringList.GetCount
 0001:0001615C       Classes.TStringList.GetObject
 0001:00016184       Classes.TStringList.Grow
 0001:000161B8       Classes.TStringList.IndexOf
 0001:000161F4       Classes.TStringList.Insert
 0001:00016258       Classes.TStringList.InsertItem
 0001:00016204       Classes.TStringList.InsertObject
 0001:000162D4       Classes.TStringList.Put
 0001:00016330       Classes.TStringList.PutObject
 0001:00016370       Classes.TStringList.QuickSort
 0001:00016404       Classes.TStringList.SetCapacity
 0001:00016420       Classes.TStringList.SetSorted
 0001:00016440       Classes.TStringList.SetUpdateState
 0001:00016478       Classes.TStringList.Sort
 0001:00014F84       Classes.TStrings.Add
 0001:00014FA8       Classes.TStrings.AddObject
 0001:00014FCC       Classes.TStrings.AddStrings
 0001:00015084       Classes.TStrings.Assign
 0001:0001513C       Classes.TStrings.BeginUpdate
 0001:00015DF0       Classes.TStrings.CompareStrings
 0001:000151AC       Classes.TStrings.DefineProperties
 0001:00014F54       Classes.TStrings.Destroy
 0001:000151F8       Classes.TStrings.EndUpdate
 0001:0001520C       Classes.TStrings.Equals
 0001:000152F0       Classes.TStrings.Error
 0001:000152B8       Classes.TStrings.Error
 0001:00015348       Classes.TStrings.Exchange
 0001:00015434       Classes.TStrings.GetCapacity
 0001:00015D90       Classes.TStrings.GetLineBreak
 0001:00015E34       Classes.TStrings.GetNameValueSeparator
 0001:0001543C       Classes.TStrings.GetObject
 0001:00015440       Classes.TStrings.GetText
 0001:00015494       Classes.TStrings.GetTextStr
 0001:000155CC       Classes.TStrings.IndexOf
 0001:00015658       Classes.TStrings.IndexOfName
 0001:0001572C       Classes.TStrings.IndexOfObject
 0001:00015760       Classes.TStrings.InsertObject
 0001:00015790       Classes.TStrings.LoadFromFile
 0001:000157E4       Classes.TStrings.LoadFromStream
 0001:00015890       Classes.TStrings.Move
 0001:00015940       Classes.TStrings.Put
 0001:00015970       Classes.TStrings.PutObject
 0001:00015974       Classes.TStrings.ReadData
 0001:00015A24       Classes.TStrings.SaveToFile
 0001:00015A7C       Classes.TStrings.SaveToStream
 0001:00015ADC       Classes.TStrings.SetCapacity
 0001:00015DC4       Classes.TStrings.SetLineBreak
 0001:00015E4C       Classes.TStrings.SetNameValueSeparator
 0001:00015AE0       Classes.TStrings.SetStringsAdapter
 0001:00015B14       Classes.TStrings.SetText
 0001:00015B64       Classes.TStrings.SetTextStr
 0001:00015D08       Classes.TStrings.SetUpdateState
 0001:00015D0C       Classes.TStrings.WriteData
 0001:00014258       Classes.TThreadList.Add
 0001:00014188       Classes.TThreadList.Create
 0001:000141DC       Classes.TThreadList.Destroy
 0001:000142E0       Classes.TThreadList.LockList
 0001:000142F4       Classes.TThreadList.Remove
 0001:00014344       Classes.TThreadList.UnlockList
 0001:0001A184       Classes.TWriter.Write
 0001:0001A1E8       Classes.TWriter.WriteBoolean
 0001:0001A1D0       Classes.TWriter.WriteBuffer
 0001:0001A1FC       Classes.TWriter.WriteInteger
 0001:0001A270       Classes.TWriter.WriteListBegin
 0001:0001A278       Classes.TWriter.WriteListEnd
 0001:0001A280       Classes.TWriter.WriteMinStr
 0001:0001A32C       Classes.TWriter.WriteString
 0001:0001A380       Classes.TWriter.WriteValue
 0001:00013A4C       Classes.UnregisterFindGlobalComponentProc
 0001:00013708       Classes.UnRegisterModuleClasses
 0003:00000B00       Classes.UtilWindowClass
 0001:0001A3EC       Classes.WaitForSyncEvent
 0003:00000AE4       Classes.WakeMainThread
 0004:00004BB0       Clipbrd..2
 0004:00004BAE       Clipbrd.CF_COMPONENT
 0004:00004BAC       Clipbrd.CF_PICTURE
 0002:000004F8       Clipbrd.Clipbrd
 0004:00004BB4       Clipbrd.FClipboard
 0001:00033214       Clipbrd.Finalization
 0004:00004D18       ComCtrls..76
 0001:000780AC       ComCtrls..TConversion
 0002:00000818       ComCtrls.ComCtrls
 0001:00078174       ComCtrls.Finalization
 0004:00004D20       ComCtrls.FRichEditModule
 0003:00002284       ComCtrls.RTFConversionFormat
 0004:00004D1C       ComCtrls.ShellModule
 0001:0007814C       ComCtrls.TConversion.ConvertReadStream
 0001:00078160       ComCtrls.TConversion.ConvertWriteStream
 0003:00002290       ComCtrls.TextConversionFormat
 0001:0001D474       CommCtrl.ImageList_Add
 0001:0001D4A4       CommCtrl.ImageList_BeginDrag
 0001:0001D454       CommCtrl.ImageList_Create
 0001:0001D45C       CommCtrl.ImageList_Destroy
 0001:0001D4B4       CommCtrl.ImageList_DragEnter
 0001:0001D4BC       CommCtrl.ImageList_DragLeave
 0001:0001D4C4       CommCtrl.ImageList_DragMove
 0001:0001D4CC       CommCtrl.ImageList_DragShowNolock
 0001:0001D48C       CommCtrl.ImageList_Draw
 0001:0001D494       CommCtrl.ImageList_DrawEx
 0001:0001D4AC       CommCtrl.ImageList_EndDrag
 0001:0001D484       CommCtrl.ImageList_GetBkColor
 0001:0001D4E4       CommCtrl.ImageList_GetIconSize
 0001:0001D464       CommCtrl.ImageList_GetImageCount
 0001:0001D4D4       CommCtrl.ImageList_Read
 0001:0001D49C       CommCtrl.ImageList_Remove
 0001:0001D47C       CommCtrl.ImageList_SetBkColor
 0001:0001D4EC       CommCtrl.ImageList_SetIconSize
 0001:0001D46C       CommCtrl.ImageList_SetImageCount
 0001:0001D4DC       CommCtrl.ImageList_Write
 0001:0001D4F4       CommCtrl._TrackMouseEvent
 0001:0002D7FC       CommDlg.GetOpenFileName
 0001:0001B8E8       Contnrs..TOrderedList
 0001:0001B950       Contnrs..TStack
 0001:0001B9C8       Contnrs.TOrderedList.Create
 0001:0001BA0C       Contnrs.TOrderedList.Destroy
 0001:0001BA3C       Contnrs.TOrderedList.PeekItem
 0001:0001B9B0       Contnrs.TOrderedList.Pop
 0001:0001BA50       Contnrs.TOrderedList.PopItem
 0001:0001B9B8       Contnrs.TOrderedList.Push
 0001:0001BA70       Contnrs.TStack.PushItem
 0004:00004C0C       Controls..33
 0001:0003B2A8       Controls..TBaseDragControlObject
 0001:0003C634       Controls..TControl
 0001:0003B778       Controls..TControlActionLink
 0001:0003B5F0       Controls..TControlCanvas
 0001:0003D3FC       Controls..TCustomControl
 0001:0003B690       Controls..TCustomControlAction
 0001:0003D844       Controls..TDockTree
 0001:0003D6F8       Controls..TDockZone
 0001:0003B36C       Controls..TDragControlObject
 0001:0003B3F8       Controls..TDragControlObjectEx
 0001:0003B488       Controls..TDragDockObject
 0001:0003B550       Controls..TDragDockObjectEx
 0001:0003B204       Controls..TDragObject
 0001:0003D2D8       Controls..TGraphicControl
 0001:0003D568       Controls..THintWindow
 0001:0003BBC8       Controls..TMargins
 0001:0003D8E8       Controls..TMouse
 0001:0003BCE0       Controls..TPadding
 0001:0003DE4C       Controls..TSiteList
 0001:0003BA7C       Controls..TSizeConstraints
 0001:0003CEC8       Controls..TWinControl
 0001:0003CAA4       Controls..TWinControlActionLink
 0001:0003E4BC       Controls.AbsMin
 0004:00004C40       Controls.ActiveDrag
 0001:0004497C       Controls.AlignWork
 0003:000015F8       Controls.AnchorAlign
 0003:000015EC       Controls.AnimateWindowProc
 0003:000016F8       Controls.AnimationStyle
 0001:00041434       Controls.BackgroundClipped
 0001:0004E0A0       Controls.CalcSplitterPos
 0001:0003F560       Controls.CancelDrag
 0004:00004C54       Controls.CanvasList
 0003:000016B0       Controls.CaptureControl
 0001:0003D93C       Controls.ChangeBiDiModeAlignment
 0001:0003F1C8       Controls.CheckUndock
 0001:0004AF28       Controls.ClientToWindow
 0004:00004C12       Controls.ControlAtom
 0004:00004C18       Controls.ControlAtomString
 0002:000005E8       Controls.Controls
 0003:000015F0       Controls.CreationControl
 0003:000016B4       Controls.csPerformingShowingChanged
 0003:000016F0       Controls.Ctl3DStyles
 0003:00001600       Controls.Cursors
 0001:0003DCE4       Controls.CursorToIdent
 0003:000015F4       Controls.DefaultDockTreeClass
 0001:00045908       Controls.DestroyChildWindow
 0001:000447F0       Controls.DoAlign
 0001:000497B4       Controls.DoCalcConstraints
 0004:00004C48       Controls.DockSiteList
 0001:000467DC       Controls.DoControlMsg
 0001:0003EAD0       Controls.DoDragOver
 0001:0004BBA8       Controls.DoFindControlZone
 0001:0004C2D0       Controls.DoFindZone
 0001:0004BC2C       Controls.DoForEach
 0001:0004D874       Controls.DoGetNextLimit
 0001:0004E8AC       Controls.DoneControls
 0001:000447A8       Controls.DoPosition
 0001:0004CD84       Controls.DoPrune
 0001:0004D298       Controls.DoSaveZone
 0001:0004D55C       Controls.DoSetNewBounds
 0001:000455B4       Controls.DoWriteDesignSize
 0001:000427A8       Controls.DoWriteExplicit
 0001:00042774       Controls.DoWriteIsControl
 0004:00004C2C       Controls.DragCapture
 0004:00004C20       Controls.DragControl
 0001:0003F23C       Controls.DragDone
 0001:0003EA80       Controls.DragFindTarget
 0001:0003EA54       Controls.DragFindWindow
 0004:00004C44       Controls.DragImageList
 0001:0003EE94       Controls.DragInit
 0001:0003F004       Controls.DragInitControl
 0004:00004C28       Controls.DragInternalObject
 0001:0003E99C       Controls.DragMessage
 0004:00004C24       Controls.DragObject
 0004:00004C50       Controls.DragSave
 0004:00004C38       Controls.DragSaveCursor
 0004:00004C30       Controls.DragStartPos
 0004:00004C3C       Controls.DragThreshold
 0001:0003EBAC       Controls.DragTo
 0001:0004C808       Controls.DrawCloseButton
 0001:0004C89C       Controls.DrawGrabberLine
 0001:0004C924       Controls.DrawThemedGrabber
 0001:00046C88       Controls.DrawThemeEdge
 0003:000016E0       Controls.EdgeStyles
 0001:0004EECC       Controls.Finalization
 0001:0003DA94       Controls.FindControl
 0001:0003F5AC       Controls.FindDragTarget
 0001:0003F578       Controls.FindVCLWindow
 0001:0003F670       Controls.FreeDeviceContext
 0001:0003F72C       Controls.FreeDeviceContexts
 0001:0003DDE0       Controls.GetCaptureControl
 0001:00044618       Controls.GetClientSize
 0001:00045E24       Controls.GetControlAtPos
 0001:0004D954       Controls.GetDockAlign
 0001:0003E7EC       Controls.GetDockSiteAtPos
 0001:0003EB0C       Controls.GetDropCtl
 0001:0004B8D8       Controls.GetLastChildZone
 0001:0003DD48       Controls.GetLongHint
 0001:0003DD04       Controls.GetShortHint
 0001:0003DEEC       Controls.GetTopParent
 0001:0004D9D0       Controls.HideZone
 0001:0003DCF4       Controls.IdentToCursor
 0003:00001720       Controls.IMM32DLL
 0001:0004E898       Controls.Imm32IsIME
 0001:0004E934       Controls.InitControls
 0001:0004E53C       Controls.InitIMM32
 0001:0003D950       Controls.InitWndProc
 0003:000016C0       Controls.InnerStyles
 0001:00044678       Controls.InsertBefore
 0001:0003E5A0       Controls.IsBeforeTargetWindow
 0001:0003E9F4       Controls.IsDelphiHandle
 0001:0004B30C       Controls.IsOrientationSet
 0001:0003E7A8       Controls.IsSiteChildOfClient
 0001:0003DAF0       Controls.IsVCLControl
 0004:00004C00       Controls.IsVCLControlHook
 0001:0003F5F8       Controls.ListAdd
 0001:0003F620       Controls.ListRemove
 0003:0000170C       Controls.MakeLast
 0001:000438B0       Controls.MinVar
 0003:00001724       Controls.ModeMap
 0004:00004BFC       Controls.Mouse
 0001:0003F640       Controls.MoveWindowOrg
 0004:00004C08       Controls.NewStyleControls
 0001:0004B2F0       Controls.NextVisibleZone
 0001:0003DA60       Controls.ObjectFromHWnd
 0003:00001704       Controls.OrientArray
 0003:000016D0       Controls.OuterStyles
 0001:0004B700       Controls.ParentNotLast
 0001:0003DD8C       Controls.PerformEraseBackground
 0001:000455A0       Controls.PointsEqual
 0004:00004C4C       Controls.QualifyingSites
 0001:0004C46C       Controls.ReadControlName
 0001:0003E940       Controls.RegisterDockSite
 0004:00004C1C       Controls.RM_GetObjectInstance
 0001:0003DB20       Controls.SendAppMessage
 0001:0003DE08       Controls.SetCaptureControl
 0001:0004E7C0       Controls.SetImeMode
 0001:00043230       Controls.SetParentColor
 0003:000016B8       Controls.ShowFlags
 0001:0004DA50       Controls.ShowZone
 0003:00001718       Controls.SizeCursors
 0001:0003E2BC       Controls.TBaseDragControlObject.Assign
 0001:0003E298       Controls.TBaseDragControlObject.Create
 0001:0003E2E8       Controls.TBaseDragControlObject.EndDrag
 0001:0003E30C       Controls.TBaseDragControlObject.Finished
 0001:000435E0       Controls.TControl.ActionChange
 0001:000439D0       Controls.TControl.AdjustSize
 0001:00043804       Controls.TControl.AssignTo
 0001:00041788       Controls.TControl.BeginAutoDrag
 0001:000417A4       Controls.TControl.BeginDrag
 0001:000412CC       Controls.TControl.BringToFront
 0001:000421EC       Controls.TControl.CalcCursorPos
 0001:00042354       Controls.TControl.CalcDockSizes
 0001:000420EC       Controls.TControl.CanAutoSize
 0001:000420F0       Controls.TControl.CanResize
 0001:00040C3C       Controls.TControl.Changed
 0001:00040C4C       Controls.TControl.ChangeScale
 0001:00042D64       Controls.TControl.CheckNewSize
 0001:00042B58       Controls.TControl.Click
 0001:00043C10       Controls.TControl.ClientToParent
 0001:00040AC4       Controls.TControl.ClientToScreen
 0001:00043338       Controls.TControl.CMBiDiModeChanged
 0001:00043220       Controls.TControl.CMColorChanged
 0001:00043468       Controls.TControl.CMDesignHitTest
 0001:00043200       Controls.TControl.CMEnabledChanged
 0001:00043580       Controls.TControl.CMFloat
 0001:00043210       Controls.TControl.CMFontChanged
 0001:00043A5C       Controls.TControl.CMHintShow
 0001:000433E8       Controls.TControl.CMHitTest
 0001:00043D20       Controls.TControl.CMMouseActivate
 0001:000433F0       Controls.TControl.CMMouseEnter
 0001:0004342C       Controls.TControl.CMMouseLeave
 0001:000432C8       Controls.TControl.CMMouseWheel
 0001:000432A4       Controls.TControl.CMParentBiDiModeChanged
 0001:00043268       Controls.TControl.CMParentColorChanged
 0001:00043394       Controls.TControl.CMParentFontChanged
 0001:00043358       Controls.TControl.CMParentShowHintChanged
 0001:000433C4       Controls.TControl.CMSysFontChanged
 0001:000431D8       Controls.TControl.CMVisibleChanged
 0001:000421BC       Controls.TControl.ConstrainedResize
 0001:0003FE9C       Controls.TControl.Create
 0001:00043470       Controls.TControl.CreateFloatingDockSite
 0001:00042BC4       Controls.TControl.DblClick
 0001:00041C2C       Controls.TControl.DefaultDockImage
 0001:000426CC       Controls.TControl.DefaultHandler
 0001:000429C8       Controls.TControl.DefineProperties
 0001:00042218       Controls.TControl.DesignWndProc
 0001:0003FF94       Controls.TControl.Destroy
 0001:000436E0       Controls.TControl.DoActionChange
 0001:00042120       Controls.TControl.DoCanAutoSize
 0001:0004218C       Controls.TControl.DoCanResize
 0001:00040794       Controls.TControl.Dock
 0001:00041A28       Controls.TControl.DockTrackNoTarget
 0001:0004224C       Controls.TControl.DoConstrainedResize
 0001:000420DC       Controls.TControl.DoConstraintsChange
 0001:00043BD0       Controls.TControl.DoContextPopup
 0001:000408C4       Controls.TControl.DoDock
 0001:00041D78       Controls.TControl.DoDragMsg
 0001:00041A40       Controls.TControl.DoEndDock
 0001:00041928       Controls.TControl.DoEndDrag
 0001:00043D44       Controls.TControl.DoMarginChange
 0001:00041A8C       Controls.TControl.DoMouseActivate
 0001:00042C1C       Controls.TControl.DoMouseDown
 0001:00042F94       Controls.TControl.DoMouseUp
 0001:00041AC0       Controls.TControl.DoMouseWheel
 0001:00041B94       Controls.TControl.DoMouseWheelDown
 0001:00041BE0       Controls.TControl.DoMouseWheelUp
 0001:00041A6C       Controls.TControl.DoStartDock
 0001:00041908       Controls.TControl.DoStartDrag
 0001:00041890       Controls.TControl.DragCanceled
 0001:000418DC       Controls.TControl.DragDrop
 0001:00041894       Controls.TControl.Dragging
 0001:000418A0       Controls.TControl.DragOver
 0001:00041D58       Controls.TControl.DrawDragDockImage
 0001:000439F0       Controls.TControl.DrawTextBiDiModeFlags
 0001:00043A30       Controls.TControl.DrawTextBiDiModeFlagsReadingOnly
 0001:00041D68       Controls.TControl.EraseDragDockImage
 0001:000410EC       Controls.TControl.FontChanged
 0001:0004011C       Controls.TControl.GetAction
 0001:00043704       Controls.TControl.GetActionLinkClass
 0001:00043D58       Controls.TControl.GetAlignWithMargins
 0001:00040954       Controls.TControl.GetBoundsRect
 0001:000409F4       Controls.TControl.GetClientHeight
 0001:00040A34       Controls.TControl.GetClientOrigin
 0001:00040998       Controls.TControl.GetClientRect
 0001:000409B0       Controls.TControl.GetClientWidth
 0001:00041738       Controls.TControl.GetControlsAlignment
 0001:0004138C       Controls.TControl.GetDeviceContext
 0001:000438EC       Controls.TControl.GetDockEdge
 0001:0004005C       Controls.TControl.GetDragImages
 0001:00040060       Controls.TControl.GetEnabled
 0001:0004399C       Controls.TControl.GetFloating
 0001:000439C8       Controls.TControl.GetFloatingDockSiteClass
 0001:00041294       Controls.TControl.GetMouseCapture
 0001:00040068       Controls.TControl.GetPalette
 0001:00040074       Controls.TControl.GetParentComponent
 0001:00042D5C       Controls.TControl.GetPopupMenu
 0001:0004103C       Controls.TControl.GetText
 0001:00040FBC       Controls.TControl.GetTextBuf
 0001:00040FAC       Controls.TControl.GetTextLen
 0001:00040FC8       Controls.TControl.GetUndockHeight
 0001:00040FDC       Controls.TControl.GetUndockWidth
 0001:0004006C       Controls.TControl.HasParent
 0001:00043A4C       Controls.TControl.InitiateAction
 0001:0004154C       Controls.TControl.Invalidate
 0001:000414C0       Controls.TControl.InvalidateControl
 0001:00040248       Controls.TControl.IsAnchorsStored
 0001:00041160       Controls.TControl.IsBiDiModeStored
 0001:0004370C       Controls.TControl.IsCaptionStored
 0001:00041228       Controls.TControl.IsColorStored
 0001:0004372C       Controls.TControl.IsEnabledStored
 0001:00041140       Controls.TControl.IsFontStored
 0001:0004376C       Controls.TControl.IsHelpContextStored
 0001:0004374C       Controls.TControl.IsHintStored
 0001:000437AC       Controls.TControl.IsOnClickStored
 0001:00041154       Controls.TControl.IsShowHintStored
 0001:0004378C       Controls.TControl.IsVisibleStored
 0001:000437CC       Controls.TControl.Loaded
 0001:00041E68       Controls.TControl.ManualDock
 0001:00042048       Controls.TControl.ManualFloat
 0001:00041560       Controls.TControl.MouseActivate
 0001:00042BE4       Controls.TControl.MouseDown
 0001:00042EB0       Controls.TControl.MouseMove
 0001:00042F5C       Controls.TControl.MouseUp
 0001:000415A8       Controls.TControl.MouseWheelHandler
 0001:00040360       Controls.TControl.Notification
 0001:000400A0       Controls.TControl.PaletteChanged
 0001:00042320       Controls.TControl.Perform
 0001:00041954       Controls.TControl.PositionDockRect
 0001:00043E34       Controls.TControl.ReadExplicitHeight
 0001:00043E4C       Controls.TControl.ReadExplicitLeft
 0001:00043E1C       Controls.TControl.ReadExplicitTop
 0001:00043DF4       Controls.TControl.ReadExplicitWidth
 0001:00042754       Controls.TControl.ReadIsControl
 0001:000402CC       Controls.TControl.ReadState
 0001:0004163C       Controls.TControl.Repaint
 0001:0004029C       Controls.TControl.RequestAlign
 0001:000402AC       Controls.TControl.Resize
 0001:00040AF0       Controls.TControl.ScaleConstraints
 0001:00040B74       Controls.TControl.ScreenToClient
 0001:00040BA0       Controls.TControl.SendCancelMode
 0001:00040BD0       Controls.TControl.SendDockNotification
 0001:000401CC       Controls.TControl.SetAction
 0001:000403B8       Controls.TControl.SetAlign
 0001:00043D60       Controls.TControl.SetAlignWithMargins
 0001:0004012C       Controls.TControl.SetAnchors
 0001:00040E08       Controls.TControl.SetAutoSize
 0001:000410D0       Controls.TControl.SetBiDiMode
 0001:000404A0       Controls.TControl.SetBounds
 0001:00040974       Controls.TControl.SetBoundsRect
 0001:00040A0C       Controls.TControl.SetClientHeight
 0001:00040EC8       Controls.TControl.SetClientSize
 0001:000409C8       Controls.TControl.SetClientWidth
 0001:000411DC       Controls.TControl.SetColor
 0001:00043C04       Controls.TControl.SetConstraints
 0001:00041278       Controls.TControl.SetCursor
 0001:00040260       Controls.TControl.SetDesignVisible
 0001:00040298       Controls.TControl.SetDragMode
 0001:00040F94       Controls.TControl.SetEnabled
 0001:00041130       Controls.TControl.SetFont
 0001:00040760       Controls.TControl.SetHeight
 0001:0004091C       Controls.TControl.SetHelpContext
 0001:00040930       Controls.TControl.SetHelpKeyword
 0001:000406C4       Controls.TControl.SetLeft
 0001:00043D4C       Controls.TControl.SetMargins
 0001:000412A4       Controls.TControl.SetMouseCapture
 0001:00040E24       Controls.TControl.SetName
 0001:00040F10       Controls.TControl.SetParent
 0001:00041254       Controls.TControl.SetParentBiDiMode
 0001:00041230       Controls.TControl.SetParentColor
 0001:00040078       Controls.TControl.SetParentComponent
 0001:00041168       Controls.TControl.SetParentFont
 0001:000411B0       Controls.TControl.SetParentShowHint
 0001:00040FF0       Controls.TControl.SetPopupMenu
 0001:0004118C       Controls.TControl.SetShowHint
 0001:0004106C       Controls.TControl.SetText
 0001:00041018       Controls.TControl.SetTextBuf
 0001:000406F8       Controls.TControl.SetTop
 0001:00040F5C       Controls.TControl.SetVisible
 0001:0004072C       Controls.TControl.SetWidth
 0001:00041368       Controls.TControl.SetZOrder
 0001:000412E0       Controls.TControl.SetZOrderPosition
 0001:00041628       Controls.TControl.Update
 0001:00040540       Controls.TControl.UpdateAnchorRules
 0001:000423C8       Controls.TControl.UpdateBoundsRect
 0001:00043D90       Controls.TControl.UpdateExplicitBounds
 0001:00041754       Controls.TControl.UseRightToLeftAlignment
 0001:0004173C       Controls.TControl.UseRightToLeftReading
 0001:0004176C       Controls.TControl.UseRightToLeftScrollBar
 0001:000423F8       Controls.TControl.VisibleChanging
 0001:000430E8       Controls.TControl.WMCancelMode
 0001:00043A8C       Controls.TControl.WMContextMenu
 0001:00042D08       Controls.TControl.WMLButtonDblClk
 0001:00042CA0       Controls.TControl.WMLButtonDown
 0001:00042FCC       Controls.TControl.WMLButtonUp
 0001:00042E84       Controls.TControl.WMMButtonDblClk
 0001:00042E58       Controls.TControl.WMMButtonDown
 0001:00043070       Controls.TControl.WMMButtonUp
 0001:00042EE4       Controls.TControl.WMMouseMove
 0001:00043090       Controls.TControl.WMMouseWheel
 0001:00042CEC       Controls.TControl.WMNCLButtonDown
 0001:00042E2C       Controls.TControl.WMRButtonDblClk
 0001:00042E00       Controls.TControl.WMRButtonDown
 0001:00043050       Controls.TControl.WMRButtonUp
 0001:00043128       Controls.TControl.WMWindowPosChanged
 0001:000423FC       Controls.TControl.WndProc
 0001:00043DD4       Controls.TControl.WriteExplicitHeight
 0001:00043DE4       Controls.TControl.WriteExplicitLeft
 0001:00043DC4       Controls.TControl.WriteExplicitTop
 0001:00043E0C       Controls.TControl.WriteExplicitWidth
 0001:00042768       Controls.TControl.WriteIsControl
 0001:0003FA48       Controls.TControlActionLink.AssignClient
 0001:0003FA64       Controls.TControlActionLink.DoShowHint
 0001:0003FB54       Controls.TControlActionLink.IsCaptionLinked
 0001:0003FBC8       Controls.TControlActionLink.IsDropdownMenuLinked
 0001:0003FBDC       Controls.TControlActionLink.IsEnabledLinked
 0001:0003FC10       Controls.TControlActionLink.IsEnableDropdownLinked
 0001:0003FDB0       Controls.TControlActionLink.IsHelpLinked
 0001:0003FC24       Controls.TControlActionLink.IsHintLinked
 0001:0003FCD0       Controls.TControlActionLink.IsOnExecuteLinked
 0001:0003FC5C       Controls.TControlActionLink.IsPopupMenuLinked
 0001:0003FC9C       Controls.TControlActionLink.IsVisibleLinked
 0001:0003FCF8       Controls.TControlActionLink.SetCaption
 0001:0003FD18       Controls.TControlActionLink.SetDropdownMenu
 0001:0003FD1C       Controls.TControlActionLink.SetEnabled
 0001:0003FD3C       Controls.TControlActionLink.SetEnableDropdown
 0001:0003FE38       Controls.TControlActionLink.SetHelpContext
 0001:0003FE18       Controls.TControlActionLink.SetHelpKeyword
 0001:0003FE58       Controls.TControlActionLink.SetHelpType
 0001:0003FD40       Controls.TControlActionLink.SetHint
 0001:0003FD84       Controls.TControlActionLink.SetOnExecute
 0001:0003FE78       Controls.TControlActionLink.SetPopupMenu
 0001:0003FD64       Controls.TControlActionLink.SetVisible
 0001:0003F804       Controls.TControlCanvas.CreateHandle
 0001:0003F7D8       Controls.TControlCanvas.Destroy
 0001:0003F8AC       Controls.TControlCanvas.FreeHandle
 0001:0003F8E0       Controls.TControlCanvas.SetControl
 0001:0003F8F8       Controls.TControlCanvas.UpdateTextFlags
 0001:0004B194       Controls.TCustomControl.Create
 0001:0004B1F0       Controls.TCustomControl.Destroy
 0001:0004B2EC       Controls.TCustomControl.Paint
 0001:0004B240       Controls.TCustomControl.PaintWindow
 0001:0004B220       Controls.TCustomControl.WMPaint
 0001:0004DEA8       Controls.TDockTree.ActualSize
 0001:0004BB78       Controls.TDockTree.AdjustDockRect
 0001:0004DF3C       Controls.TDockTree.AdjustFrameRect
 0001:0004BB90       Controls.TDockTree.BeginUpdate
 0001:0004DB88       Controls.TDockTree.ControlVisibilityChanged
 0001:0004B9BC       Controls.TDockTree.Create
 0001:0004BB24       Controls.TDockTree.Destroy
 0001:0004D788       Controls.TDockTree.DrawSizeSplitter
 0001:0004BB94       Controls.TDockTree.EndUpdate
 0001:0004C244       Controls.TDockTree.FindControlAtPos
 0001:0004BC00       Controls.TDockTree.FindControlZone
 0001:0004BC68       Controls.TDockTree.ForEachAt
 0001:0004BC80       Controls.TDockTree.GetControlBounds
 0001:0004D904       Controls.TDockTree.GetNextLimit
 0001:0004BCF4       Controls.TDockTree.HitTest
 0001:0004BD04       Controls.TDockTree.InsertControl
 0001:0004BF20       Controls.TDockTree.InsertNewParent
 0001:0004C0C8       Controls.TDockTree.InsertSibling
 0001:0004C3E4       Controls.TDockTree.InternalHitTest
 0001:0004C4B4       Controls.TDockTree.LoadFromStream
 0001:0004DF7C       Controls.TDockTree.MouseDown
 0001:0004E130       Controls.TDockTree.MouseMove
 0001:0004E180       Controls.TDockTree.MouseUp
 0001:0004C980       Controls.TDockTree.PaintDockFrame
 0001:0004CAD4       Controls.TDockTree.PaintSite
 0001:0004CC08       Controls.TDockTree.PositionDockRect
 0001:0004CDB8       Controls.TDockTree.PruneZone
 0001:0004DF10       Controls.TDockTree.ReferenceFromOrient
 0001:0004DED8       Controls.TDockTree.RelativeSize
 0001:0004CE14       Controls.TDockTree.RemoveControl
 0001:0004CE54       Controls.TDockTree.RemoveZone
 0001:0004D0F4       Controls.TDockTree.ResetBounds
 0001:0004D3A8       Controls.TDockTree.SaveToStream
 0001:0004D1DC       Controls.TDockTree.ScaleZone
 0001:0004D5E4       Controls.TDockTree.SetNewBounds
 0001:0004D614       Controls.TDockTree.SetReplacingControl
 0001:0004D62C       Controls.TDockTree.ShiftZone
 0001:0004E1F4       Controls.TDockTree.ShowHint
 0001:0004D660       Controls.TDockTree.SplitterMouseDown
 0001:0004D6C0       Controls.TDockTree.SplitterMouseUp
 0001:0004D73C       Controls.TDockTree.UpdateAll
 0001:0004D764       Controls.TDockTree.UpdateZone
 0001:0004D774       Controls.TDockTree.WindowProc
 0001:0004DC10       Controls.TDockTree.WndProc
 0001:0004C140       Controls.TDockTree.ZoneCaptionHitTest
 0001:0004B330       Controls.TDockZone.Create
 0001:0004B8E8       Controls.TDockZone.ExpandZoneLimit
 0001:0004B9B0       Controls.TDockZone.FirstVisibleChild
 0001:0004B354       Controls.TDockZone.GetChildCount
 0001:0004B638       Controls.TDockZone.GetControlName
 0001:0004B4D8       Controls.TDockZone.GetHeightWidth
 0001:0004B3C4       Controls.TDockZone.GetLimitBegin
 0001:0004B40C       Controls.TDockZone.GetLimitSize
 0001:0004B454       Controls.TDockZone.GetTopLeft
 0001:0004B38C       Controls.TDockZone.GetVisible
 0001:0004B368       Controls.TDockZone.GetVisibleChildCount
 0001:0004B8AC       Controls.TDockZone.GetZoneLimit
 0001:0004B988       Controls.TDockZone.NextVisible
 0001:0004B994       Controls.TDockZone.PrevVisible
 0001:0004B590       Controls.TDockZone.ResetChildren
 0001:0004B928       Controls.TDockZone.ResetZoneLimits
 0001:0004B67C       Controls.TDockZone.SetControlName
 0001:0004B8D4       Controls.TDockZone.SetZoneLimit
 0001:0004B730       Controls.TDockZone.Update
 0001:0003E340       Controls.TDragControlObject.GetDragCursor
 0001:0003E358       Controls.TDragControlObject.GetDragImages
 0001:0003E364       Controls.TDragControlObject.HideDragImage
 0001:0003E384       Controls.TDragControlObject.ShowDragImage
 0001:0003E3A4       Controls.TDragControlObjectEx.BeforeDestruction
 0001:0003E4E0       Controls.TDragDockObject.AdjustDockRect
 0001:0003E440       Controls.TDragDockObject.Assign
 0001:0003E3A8       Controls.TDragDockObject.Create
 0001:0003E410       Controls.TDragDockObject.Destroy
 0001:0003E55C       Controls.TDragDockObject.DrawDragDockImage
 0001:0003E4A0       Controls.TDragDockObject.EndDrag
 0001:0003E570       Controls.TDragDockObject.EraseDragDockImage
 0001:0003E584       Controls.TDragDockObject.GetDragCursor
 0001:0003E590       Controls.TDragDockObject.GetEraseWhenMoving
 0001:0003E594       Controls.TDragDockObject.GetFrameWidth
 0001:0003E59C       Controls.TDragDockObjectEx.BeforeDestruction
 0001:0004AFD4       Controls.TDragImageList.BeginDrag
 0001:0004B048       Controls.TDragImageList.DragLock
 0001:0004B0D0       Controls.TDragImageList.DragMove
 0001:0004B0AC       Controls.TDragImageList.DragUnlock
 0001:0004B144       Controls.TDragImageList.EndDrag
 0001:0004B12C       Controls.TDragImageList.HideDragImage
 0001:0004AFB0       Controls.TDragImageList.SetDragCursor
 0001:0004AF68       Controls.TDragImageList.SetDragImage
 0001:0004B114       Controls.TDragImageList.ShowDragImage
 0001:0003E288       Controls.TDragObject.AfterConstruction
 0001:0003E034       Controls.TDragObject.Assign
 0001:0003E278       Controls.TDragObject.BeforeDestruction
 0001:0003E074       Controls.TDragObject.Capture
 0001:0003E08C       Controls.TDragObject.Finished
 0001:0003E204       Controls.TDragObject.GetDragCursor
 0001:0003E200       Controls.TDragObject.GetDragImages
 0001:0003E094       Controls.TDragObject.GetName
 0001:0003E21C       Controls.TDragObject.HideDragImage
 0001:0003E220       Controls.TDragObject.Instance
 0001:0003E22C       Controls.TDragObject.MainWndProc
 0001:0003E0BC       Controls.TDragObject.ReleaseCapture
 0001:0003E228       Controls.TDragObject.ShowDragImage
 0001:0003E0D0       Controls.TDragObject.WndProc
 0001:0004A754       Controls.TGraphicControl.Create
 0001:0004A7B0       Controls.TGraphicControl.Destroy
 0001:0004A8A4       Controls.TGraphicControl.Paint
 0001:0004A7F0       Controls.TGraphicControl.WMPaint
 0001:0004AB94       Controls.THintWindow.ActivateHint
 0001:0004AE10       Controls.THintWindow.ActivateHintData
 0001:0004AE38       Controls.THintWindow.CalcHintRect
 0001:0004AAFC       Controls.THintWindow.CMTextChanged
 0001:0004A8A8       Controls.THintWindow.Create
 0001:0004A914       Controls.THintWindow.CreateParams
 0001:0004AA8C       Controls.THintWindow.IsHintMsg
 0001:0004AE94       Controls.THintWindow.NCPaint
 0001:0004A9E4       Controls.THintWindow.Paint
 0001:0004AAF0       Controls.THintWindow.ReleaseHandle
 0001:0004AF24       Controls.THintWindow.ShouldHideHint
 0001:0004A978       Controls.THintWindow.WMNCHitTest
 0001:0004A980       Controls.THintWindow.WMNCPaint
 0001:0004AF00       Controls.THintWindow.WMPrint
 0001:0004EB44       Controls.TMargins.AssignTo
 0001:0004EB8C       Controls.TMargins.Change
 0001:0004EB00       Controls.TMargins.Create
 0001:0004ED04       Controls.TMargins.GetControlBound
 0001:0004EBA0       Controls.TMargins.InitDefaults
 0001:0004EC18       Controls.TMargins.SetControlBounds
 0001:0004EBC0       Controls.TMargins.SetMargin
 0001:0004E2E8       Controls.TMouse.Create
 0001:0004E378       Controls.TMouse.CreatePanningWindow
 0001:0004E3A4       Controls.TMouse.Destroy
 0001:0004E3D4       Controls.TMouse.GetCapture
 0001:0004E3DC       Controls.TMouse.GetCursorPos
 0001:0004E3EC       Controls.TMouse.GetIsDragging
 0001:0004E3F8       Controls.TMouse.GetIsPanning
 0001:0004E41C       Controls.TMouse.GetMouseData
 0001:0004E438       Controls.TMouse.GetNativeData
 0001:0004E468       Controls.TMouse.GetRegisteredData
 0001:0004E490       Controls.TMouse.SetCapture
 0001:0004E4B8       Controls.TMouse.SetPanningWindow
 0001:0004E4D8       Controls.TMouse.SettingChanged
 0001:0004EEC8       Controls.TPadding.InitDefaults
 0001:00048104       Controls.TraverseControls
 0003:00001714       Controls.TreeStreamEndFlag
 0001:0003DF18       Controls.TSiteList.AddSite
 0001:0003DF9C       Controls.TSiteList.Clear
 0001:0003DEB4       Controls.TSiteList.Find
 0001:0003DFD0       Controls.TSiteList.GetTopSite
 0001:0003F960       Controls.TSizeConstraints.AssignTo
 0001:0003FA34       Controls.TSizeConstraints.Change
 0001:0003F924       Controls.TSizeConstraints.Create
 0001:0003F9A8       Controls.TSizeConstraints.SetConstraints
 0001:00049D40       Controls.TWinControl.ActionChange
 0001:00045170       Controls.TWinControl.AddBiDiModeExStyle
 0001:00044208       Controls.TWinControl.AdjustClientRect
 0001:00049260       Controls.TWinControl.AdjustSize
 0001:00044AD4       Controls.TWinControl.AlignControl
 0001:000449D0       Controls.TWinControl.AlignControls
 0001:00044238       Controls.TWinControl.ArrangeControl
 0001:00049D88       Controls.TWinControl.AssignTo
 0001:0004506C       Controls.TWinControl.Broadcast
 0001:00049878       Controls.TWinControl.CalcConstraints
 0001:00049DB8       Controls.TWinControl.CanAutoSize
 0001:0004901C       Controls.TWinControl.CanFocus
 0001:000497AC       Controls.TWinControl.CanResize
 0001:00048BE0       Controls.TWinControl.ChangeScale
 0001:0004842C       Controls.TWinControl.CMBiDiModeChanged
 0001:00048688       Controls.TWinControl.CMBorderChanged
 0001:00048504       Controls.TWinControl.CMChanged
 0001:00048518       Controls.TWinControl.CMChildKey
 0001:000485E4       Controls.TWinControl.CMColorChanged
 0001:000487C8       Controls.TWinControl.CMControlListChange
 0001:000487DC       Controls.TWinControl.CMControlListChanging
 0001:000486C8       Controls.TWinControl.CMCtl3DChanged
 0001:00048648       Controls.TWinControl.CMCursorChanged
 0001:000484E4       Controls.TWinControl.CMDesignHitTest
 0001:00048534       Controls.TWinControl.CMDialogChar
 0001:0004852C       Controls.TWinControl.CMDialogKey
 0001:00047CC0       Controls.TWinControl.CMDockClient
 0001:00048768       Controls.TWinControl.CMDrag
 0001:0004859C       Controls.TWinControl.CMEnabledChanged
 0001:00048464       Controls.TWinControl.CMEnter
 0001:000484D4       Controls.TWinControl.CMExit
 0001:00047DD8       Controls.TWinControl.CMFloat
 0001:0004853C       Controls.TWinControl.CMFocusChanged
 0001:00048758       Controls.TWinControl.CMFontChange
[...]
   136 0001:0007FA13   139 0001:0007FA1C   140 0001:0007FA1F   141 0001:0007FA2E
   142 0001:0007FA35   148 0001:0007FA38   149 0001:0007FA47   150 0001:0007FA4D
   151 0001:0007FA63   152 0001:0007FA67   153 0001:0007FA6C   155 0001:0007FA74
   157 0001:0007FAB4   159 0001:0007FAF4   161 0001:0007FB34   163 0001:0007FB74
   165 0001:0007FBB4   167 0001:0007FBF4   169 0001:0007FC34   153 0001:0007FC74
   172 0001:0007FC7E   174 0001:0007FCBE   176 0001:0007FCFE   178 0001:0007FD3E
   180 0001:0007FD7E   182 0001:0007FDBE   184 0001:0007FDFE   186 0001:0007FE3E
   188 0001:0007FE7E   189 0001:0007FE83   190 0001:0007FE8B   196 0001:0007FEB4
   197 0001:0007FEC3   198 0001:0007FEC9   199 0001:0007FEDF   200 0001:0007FEE3
   201 0001:0007FEE8   203 0001:0007FF28   205 0001:0007FF71   207 0001:0007FFB1
   209 0001:0007FFFA   211 0001:0008003A   213 0001:00080083   215 0001:000800C3
   217 0001:0008010C   219 0001:00080114   221 0001:00080154   223 0001:00080194
   225 0001:000801D4   227 0001:00080214   229 0001:00080254   231 0001:00080294
   233 0001:000802D4   217 0001:00080314   236 0001:0008031E   237 0001:00080323
   238 0001:0008032B

Line numbers for Gost(Gost.pas) segment .itext

   241 0002:00000910   242 0002:00000919   243 0002:00000923   245 0002:0000092F

Line numbers for Cast128(Cast128.pas) segment .text

    57 0001:00080470    58 0001:00080475    62 0001:00080478    63 0001:0008047D
    67 0001:00080480    68 0001:00080485    71 0001:00080488    72 0001:0008048B
    73 0001:00080497    90 0001:000804AC    91 0001:000804B5    92 0001:000804C5
    93 0001:000804D8    94 0001:000804E6    95 0001:000804F9    96 0001:00080504
    97 0001:00080525    98 0001:0008052C    99 0001:0008053F   100 0001:0008054D
   101 0001:0008056E   102 0001:00080579   103 0001:0008059A   104 0001:000805A1
   105 0001:000805B4   106 0001:000805C2   107 0001:000805E3   108 0001:000805EE
   109 0001:0008060F   110 0001:00080616   111 0001:0008061D   117 0001:00080628
   118 0001:0008063B   119 0001:0008064B   120 0001:00080657   121 0001:0008065C
   123 0001:00080668   124 0001:00080672   125 0001:00080680   126 0001:0008068C
   127 0001:000806B4   128 0001:000806DE   129 0001:00080708   130 0001:00080732
   133 0001:00080734   136 0001:0008074C   139 0001:000807A1   140 0001:000807A7
   143 0001:00080803   144 0001:00080809   147 0001:00080865   148 0001:0008086B
   151 0001:000808C4   155 0001:000808CF   158 0001:00080924   159 0001:00080929
   162 0001:00080981   163 0001:00080987   166 0001:000809E3   167 0001:000809E9
   170 0001:00080A42   173 0001:00080A48   176 0001:00080A6F   178 0001:00080AB6
   180 0001:00080AFD   182 0001:00080B44   187 0001:00080B90   189 0001:00080BD7
   191 0001:00080C1E   193 0001:00080C65   197 0001:00080CAC   200 0001:00080CCD
   201 0001:00080CE4   202 0001:00080CFB   203 0001:00080D12   207 0001:00080D28
   208 0001:00080D39   209 0001:00080D50   210 0001:00080D63   214 0001:00080D7C
   215 0001:00080D93   216 0001:00080DA4   217 0001:00080DBB   221 0001:00080DD4
   222 0001:00080DE7   223 0001:00080DFB   224 0001:00080E0C   227 0001:00080E23
   229 0001:00080E28   230 0001:00080E2D   231 0001:00080E32   232 0001:00080E37
   234 0001:00080E3C   131 0001:00080E3F   237 0001:00080E48   239 0001:00080E4E
   240 0001:00080E5B   241 0001:00080E69   245 0001:00080E72   246 0001:00080E80
   248 0001:00080E87   251 0001:00080E90   252 0001:00080E93   253 0001:00080EA5
   254 0001:00080EAD   255 0001:00080EB4   260 0001:00080EB8   261 0001:00080ECD
   262 0001:00080ED3   263 0001:00080EE9   264 0001:00080EEE   265 0001:00080EF6
   266 0001:00080F1C   267 0001:00080F42   268 0001:00080F52   270 0001:00080F8D
   271 0001:00080F9D   273 0001:00080FD8   274 0001:00080FE8   276 0001:00081023
   277 0001:00081033   279 0001:0008106E   280 0001:0008107E   282 0001:000810B9
   283 0001:000810C9   285 0001:00081104   286 0001:00081114   288 0001:0008114F
   289 0001:0008115F   291 0001:0008119A   292 0001:000811AA   294 0001:000811E5
   295 0001:000811F5   297 0001:00081230   298 0001:00081240   300 0001:0008127B
   301 0001:0008128B   303 0001:000812C6   305 0001:000812D3   306 0001:000812E3
   308 0001:0008131E   309 0001:0008132E   311 0001:00081369   312 0001:0008137C
   314 0001:000813B7   315 0001:000813CA   318 0001:00081405   319 0001:0008142B
   320 0001:00081451   321 0001:00081457   322 0001:00081460   327 0001:00081488
   328 0001:0008149D   329 0001:000814A3   330 0001:000814B9   331 0001:000814BE
   332 0001:000814C6   333 0001:000814EC   334 0001:00081512   336 0001:0008151F
   337 0001:00081532   339 0001:0008156D   340 0001:00081580   342 0001:000815BB
   343 0001:000815CB   345 0001:00081606   346 0001:00081616   349 0001:00081651
   350 0001:00081661   352 0001:0008169C   353 0001:000816AC   355 0001:000816E7
   356 0001:000816F7   358 0001:00081732   359 0001:00081742   361 0001:0008177D
   362 0001:0008178D   364 0001:000817C8   365 0001:000817D8   367 0001:00081813
   368 0001:00081823   370 0001:0008185E   371 0001:0008186E   373 0001:000818A9
   374 0001:000818B9   376 0001:000818F4   377 0001:00081904   379 0001:0008193F
   380 0001:0008194F   382 0001:0008198A   383 0001:0008199A   385 0001:000819D5
   386 0001:000819FB   387 0001:00081A21   388 0001:00081A27   389 0001:00081A30

Line numbers for Cast128(Cast128.pas) segment .itext

   392 0002:00000930   393 0002:00000939   394 0002:00000943   396 0002:0000094F

Line numbers for Blowfish(Blowfish.pas) segment .text

    57 0001:00081B74    58 0001:00081B79    61 0001:00081B7C    62 0001:00081B7F
    63 0001:00081B8B    67 0001:00081BA4    68 0001:00081BA9    72 0001:00081BAC
    73 0001:00081BB1    86 0001:00081BB4    87 0001:00081BBA    88 0001:00081BCA
    89 0001:00081BDD    90 0001:00081BEB    91 0001:00081BFE    92 0001:00081C05
    93 0001:00081C10    94 0001:00081C23    95 0001:00081C2A    96 0001:00081C3D
    97 0001:00081C4B    98 0001:00081C5E    99 0001:00081C65   100 0001:00081C70
   101 0001:00081C83   102 0001:00081C8A   103 0001:00081C91   111 0001:00081C9C
   112 0001:00081CAB   113 0001:00081CBA   114 0001:00081CC6   115 0001:00081CC9
   116 0001:00081CDB   117 0001:00081CF0   118 0001:00081CF5   120 0001:00081CF7
   121 0001:00081D07   122 0001:00081D1C   123 0001:00081D2F   124 0001:00081D3E
   125 0001:00081D45   126 0001:00081D51   118 0001:00081D52   127 0001:00081D57
   128 0001:00081D66   129 0001:00081D6A   131 0001:00081D6C   132 0001:00081D79
   133 0001:00081DA3   134 0001:00081DC9   129 0001:00081DCA   135 0001:00081DCF
   137 0001:00081DD4   139 0001:00081DD6   140 0001:00081DE3   141 0001:00081E15
   142 0001:00081E3D   137 0001:00081E3E   143 0001:00081E46   135 0001:00081E49
   145 0001:00081E4F   147 0001:00081E55   148 0001:00081E62   149 0001:00081E70
   153 0001:00081E79   154 0001:00081E87   156 0001:00081E8E   159 0001:00081E98
   160 0001:00081E9B   161 0001:00081EAD   162 0001:00081EC2   163 0001:00081EC9
   168 0001:00081ECC   169 0001:00081ED4   170 0001:00081EDA   171 0001:00081EF0
   172 0001:00081EF4   173 0001:00081EF9   174 0001:00081F02   175 0001:00081F0B
   176 0001:00081F11   178 0001:00081F5A   180 0001:00081FA3   182 0001:00081FEC
   184 0001:00082035   186 0001:0008207E   188 0001:000820C7   190 0001:00082110
   192 0001:00082159   194 0001:000821A2   196 0001:000821EB   198 0001:00082234
   200 0001:0008227D   202 0001:000822C6   204 0001:0008230F   206 0001:00082358
   208 0001:000823A1   209 0001:000823A7   210 0001:000823B0   211 0001:000823B9
   212 0001:000823BC   213 0001:000823C2   218 0001:000823E8   219 0001:000823EB
   220 0001:000823F1   221 0001:00082407   222 0001:0008240B   223 0001:00082410
   224 0001:00082436   225 0001:0008245C   226 0001:00082462   228 0001:000824AC
   230 0001:000824F6   232 0001:00082540   234 0001:0008258A   236 0001:000825D4
   238 0001:0008261E   240 0001:00082668   242 0001:000826B2   244 0001:000826FC
   246 0001:00082746   248 0001:00082790   250 0001:000827DA   252 0001:00082824
   254 0001:0008286E   256 0001:000828B8   258 0001:00082902   259 0001:00082908
   260 0001:0008292E   261 0001:00082954   262 0001:00082956   263 0001:0008295B

Line numbers for Blowfish(Blowfish.pas) segment .itext

   265 0002:00000950   266 0002:00000959   267 0002:00000963   269 0002:0000096F

Line numbers for uFileUnit(uFileUnit.pas) segment .text

    41 0001:00082A38    42 0001:00082A3F    43 0001:00082A44    44 0001:00082A52
    45 0001:00082A85    46 0001:00082A9B    47 0001:00082AAE    48 0001:00082AC1
    49 0001:00082AD4    50 0001:00082AE7    51 0001:00082AFA    52 0001:00082B0D
    56 0001:00082B39    58 0001:00082B4D   223 0001:00082B58   224 0001:00082B9B
   225 0001:00082B9F   226 0001:00082BAD   227 0001:00082BB9   228 0001:00082BC7
   230 0001:00082BD6   231 0001:00082BEB   232 0001:00082BFC   233 0001:00082C0A
   234 0001:00082C12   235 0001:00082C1D   237 0001:00082C38   238 0001:00082C40
   242 0001:00082C50   243 0001:00082C5F   244 0001:00082C7B   247 0001:00082C90
   248 0001:00082CA6   251 0001:00082CAE   252 0001:00082CC8   254 0001:00082CDB
   255 0001:00082CED   256 0001:00082CFA   259 0001:00082D2B   260 0001:00082D44
   262 0001:00082D57   263 0001:00082D6E   264 0001:00082D83   265 0001:00082D93
   266 0001:00082D9B   267 0001:00082DA5   268 0001:00082DB6   271 0001:00082DD1
   272 0001:00082DD9   273 0001:00082DE1   275 0001:00082DF1   278 0001:00082E10
   280 0001:00082E24

Line numbers for uFileUnit(uFileUnit.pas) segment .itext

   377 0002:00000970

Line numbers for DES(Des.pas) segment .text

    82 0001:0008841C    83 0001:0008842B    84 0001:00088447    85 0001:00088467
    88 0001:00088470    89 0001:0008847F    90 0001:00088496    91 0001:000884A0
    92 0001:000884AF    97 0001:000884B8    98 0001:000884C7    99 0001:000884F4
   100 0001:00088522   101 0001:00088537   102 0001:0008854C   103 0001:00088561
   104 0001:00088576   105 0001:0008858B   106 0001:000885A0   108 0001:000885D5
   109 0001:000885DC   111 0001:000885E1   113 0001:000885ED   114 0001:000885FE
   118 0001:00088611   119 0001:00088621   121 0001:00088631   122 0001:00088638
   123 0001:0008863F   127 0001:000886AB   131 0001:00088701   132 0001:00088715
   133 0001:0008872E   134 0001:00088742   135 0001:0008875C   109 0001:0008875F
   136 0001:00088769   142 0001:00088770   143 0001:0008877F   144 0001:00088787
   145 0001:00088792   146 0001:000887A3   147 0001:000887A9   148 0001:000887B2
   149 0001:000887C3   150 0001:000887C9   151 0001:000887D2   152 0001:000887E3
   153 0001:000887E9   154 0001:000887F2   155 0001:00088803   156 0001:00088809
   157 0001:00088812   158 0001:00088822   159 0001:00088828   160 0001:00088830
   161 0001:00088841   162 0001:00088852   163 0001:00088857   165 0001:00088861
   166 0001:00088870   167 0001:00088880   168 0001:00088891   176 0001:00088917
   177 0001:00088927   178 0001:00088937   179 0001:00088948   187 0001:000889CE
   188 0001:000889DE   189 0001:000889EE   190 0001:000889FF   198 0001:00088A85
   199 0001:00088A95   200 0001:00088AA5   201 0001:00088AB6   209 0001:00088B3C
   163 0001:00088B40   211 0001:00088B4A   212 0001:00088B5B   213 0001:00088B6C
   214 0001:00088B7C   215 0001:00088B82   216 0001:00088B8A   217 0001:00088B9B
   218 0001:00088BA1   219 0001:00088BAA   220 0001:00088BBB   221 0001:00088BC1
   222 0001:00088BCA   223 0001:00088BDB   224 0001:00088BE1   225 0001:00088BEA
   226 0001:00088BFB   227 0001:00088C01   228 0001:00088C0A   229 0001:00088C12
   230 0001:00088C1D   236 0001:00088C24   237 0001:00088C33   238 0001:00088C3B
   239 0001:00088C46   240 0001:00088C57   241 0001:00088C5D   242 0001:00088C66
   243 0001:00088C77   244 0001:00088C7D   245 0001:00088C86   246 0001:00088C97
   247 0001:00088C9D   248 0001:00088CA6   249 0001:00088CB7   250 0001:00088CBD
   251 0001:00088CC6   252 0001:00088CD6   253 0001:00088CDC   254 0001:00088CE4
   255 0001:00088CF5   256 0001:00088D06   257 0001:00088D0D   259 0001:00088D17
   260 0001:00088D26   261 0001:00088D36   262 0001:00088D47   270 0001:00088DCD
   271 0001:00088DDD   272 0001:00088DED   273 0001:00088DFE   281 0001:00088E84
   282 0001:00088E94   283 0001:00088EA4   284 0001:00088EB5   292 0001:00088F3B
   293 0001:00088F4B   294 0001:00088F5B   295 0001:00088F6C   303 0001:00088FF2
   257 0001:00088FF6   305 0001:00089000   306 0001:00089011   307 0001:00089022
   308 0001:00089032   309 0001:00089038   310 0001:00089040   311 0001:00089051
   312 0001:00089057   313 0001:00089060   314 0001:00089071   315 0001:00089077
   316 0001:00089080   317 0001:00089091   318 0001:00089097   319 0001:000890A0
   320 0001:000890B1   321 0001:000890B7   322 0001:000890C0   323 0001:000890C8
   324 0001:000890D3   327 0001:000890DC   328 0001:000890E5   329 0001:000890EC
   332 0001:000890F4   333 0001:000890FD   334 0001:00089104   337 0001:0008910C
   338 0001:00089115   339 0001:0008911C   342 0001:00089124   343 0001:00089130
   344 0001:0008913D   363 0001:00089150   364 0001:0008915A   365 0001:0008916B
   366 0001:0008917F   367 0001:0008918F   368 0001:000891A4   369 0001:000891B2
   370 0001:000891D7   371 0001:000891DF   372 0001:000891F3   373 0001:00089203
   374 0001:00089228   375 0001:00089236   376 0001:0008925B   377 0001:00089263
   378 0001:0008926B   383 0001:00089274   384 0001:00089284   385 0001:00089296
   386 0001:000892A5   387 0001:000892BD   390 0001:000892CE   392 0001:000892D4
   393 0001:000892E7   394 0001:000892FB   398 0001:00089305   399 0001:00089319
   401 0001:00089321   404 0001:00089328   405 0001:0008932F   406 0001:00089341
   407 0001:00089349   410 0001:0008934C   411 0001:0008935B   412 0001:00089364
   413 0001:0008937A   414 0001:0008938F   417 0001:000893B4   418 0001:000893C3
   419 0001:000893CC   420 0001:000893E2   421 0001:000893F7   425 0001:0008941C
   426 0001:00089425   427 0001:0008942C   430 0001:00089434   431 0001:0008943D
   432 0001:00089444   435 0001:0008944C   436 0001:00089455   437 0001:0008945C
   440 0001:00089464   441 0001:00089470   442 0001:0008947D   456 0001:00089494
   457 0001:0008949E   458 0001:000894AF   459 0001:000894C3   460 0001:000894D3
   461 0001:000894E8   462 0001:000894F6   463 0001:0008951B   464 0001:00089523
   469 0001:0008952C   470 0001:0008953C   471 0001:0008954E   472 0001:0008955D
   473 0001:00089575   474 0001:00089586   475 0001:0008959A   476 0001:000895A3
   478 0001:000895B9   481 0001:000895D2   483 0001:000895D8   484 0001:000895EB
   485 0001:000895FF   489 0001:00089609   490 0001:0008961D   492 0001:00089625
   495 0001:0008962C   496 0001:00089633   497 0001:00089645   498 0001:0008964D
   501 0001:00089650   502 0001:0008965F   503 0001:00089668   504 0001:0008967E
   505 0001:00089693   506 0001:000896AA   507 0001:000896C1   510 0001:000896E8
   511 0001:000896F7   512 0001:00089700   513 0001:00089716   514 0001:0008972D
   515 0001:00089744   516 0001:00089759

Line numbers for DES(Des.pas) segment .itext

   520 0002:00000978   521 0002:00000984   522 0002:0000098E   523 0002:0000099A
   524 0002:000009A4   526 0002:000009B0

Line numbers for DESTR(DESTR.pas) segment .text

   400 0001:00000000

Line numbers for JSocket(JSocket.pas) segment .text

  2152 0001:00000000

Line numbers for EDcode(EDcode.pas) segment .text

   452 0001:000897B0   458 0001:000897C7

Line numbers for EDcode(EDcode.pas) segment .itext

   443 0002:000009B4   451 0002:000009BE

Line numbers for Grobal2(Grobal2.pas) segment .text

  3572 0001:00000000

Line numbers for EDcodeUnit(EDcodeUnit.pas) segment .text

   682 0001:000897E0   683 0001:000897F9   685 0001:00089803

Line numbers for EDcodeUnit(EDcodeUnit.pas) segment .itext

   677 0002:000009C0   679 0002:000009CC   681 0002:000009D6

Line numbers for Share(Share.pas) segment .text

   299 0001:0008981C   300 0001:00089837   301 0001:00089845   302 0001:00089847
   303 0001:00089854   304 0001:0008985C   305 0001:00089871   306 0001:00089893
   307 0001:000898AD   309 0001:000898CC   311 0001:000898D3   578 0001:000898DC

Line numbers for Main(Main.pas) segment .text

    85 0001:00089E8C    86 0001:00089EA8    87 0001:00089EB5    88 0001:00089EBD
    89 0001:00089EC2    90 0001:00089EC7    91 0001:00089ED3    89 0001:00089EF1
    93 0001:00089EF4    94 0001:00089EFE    95 0001:00089F54    96 0001:00089F6A
    97 0001:00089F8D   105 0001:00089FC0   106 0001:00089FDC   107 0001:00089FE9
   108 0001:00089FF1   109 0001:00089FF6   110 0001:00089FFB   111 0001:0008A007
   109 0001:0008A025   113 0001:0008A028   114 0001:0008A032   115 0001:0008A088
   116 0001:0008A09E   117 0001:0008A0B4   120 0001:0008A0D8   121 0001:0008A0DC
   122 0001:0008A0F2   123 0001:0008A0F4   124 0001:0008A100   125 0001:0008A10C
   126 0001:0008A118   128 0001:0008A11C   131 0001:0008A180   132 0001:0008A196
   133 0001:0008A1A9   134 0001:0008A1B8   136 0001:0008A1D4   139 0001:0008A21C
   140 0001:0008A232   141 0001:0008A245   142 0001:0008A254   144 0001:0008A270
   147 0001:0008A2C0   148 0001:0008A2D6   149 0001:0008A2E9   150 0001:0008A2F8
   152 0001:0008A314   157 0001:0008A358   158 0001:0008A383   159 0001:0008A3AA
   160 0001:0008A3F8   164 0001:0008A421   167 0001:0008A4A4   168 0001:0008A4BA
   169 0001:0008A4CD   170 0001:0008A4DC   172 0001:0008A4F8   179 0001:0008A53C
   180 0001:0008A546   181 0001:0008A561   182 0001:0008A56C   183 0001:0008A578
   184 0001:0008A587   185 0001:0008A59B   186 0001:0008A5A9   187 0001:0008A5B2
   188 0001:0008A5B9   189 0001:0008A5C0   190 0001:0008A5CF   191 0001:0008A5DD
   193 0001:0008A5F5   195 0001:0008A605   216 0001:0008A60C   217 0001:0008A62D
   218 0001:0008A63F   219 0001:0008A64E   220 0001:0008A65D   221 0001:0008A66C
   222 0001:0008A67B   224 0001:0008A689   225 0001:0008A6C3   226 0001:0008A6D2
   229 0001:0008A6DA   233 0001:0008A6E7   234 0001:0008A6FB   236 0001:0008A708
   237 0001:0008A729   238 0001:0008A738   239 0001:0008A746   240 0001:0008A780
   241 0001:0008A788   242 0001:0008A796   243 0001:0008A7AA   245 0001:0008A7C4
   247 0001:0008A7D4   249 0001:0008A7E2   250 0001:0008A803   251 0001:0008A812
   252 0001:0008A820   253 0001:0008A85A   254 0001:0008A862   255 0001:0008A870
   256 0001:0008A884   258 0001:0008A89E   260 0001:0008A8AE   262 0001:0008A8BC
   263 0001:0008A8DD   264 0001:0008A8EC   265 0001:0008A8FA   266 0001:0008A934
   267 0001:0008A93C   268 0001:0008A94A   269 0001:0008A95E   271 0001:0008A978
   273 0001:0008A988   275 0001:0008A996   276 0001:0008A9AB   277 0001:0008A9BA
   278 0001:0008A9C8   279 0001:0008A9D5   280 0001:0008A9DD   281 0001:0008A9EB
   282 0001:0008A9FF   284 0001:0008AA19   286 0001:0008AA29   289 0001:0008AA37
   290 0001:0008AA74   291 0001:0008AAB8   292 0001:0008AAFC   293 0001:0008AB13
   294 0001:0008AB57   295 0001:0008AB9B   296 0001:0008ABDF   297 0001:0008AC1C
   298 0001:0008AC73   300 0001:0008AC7F   301 0001:0008AC8B   302 0001:0008AC9E
   303 0001:0008ACAA   304 0001:0008ACB9   305 0001:0008ACC1   306 0001:0008ACCF
   308 0001:0008ACDE   309 0001:0008ACEC   310 0001:0008ACF6   311 0001:0008AD06
   313 0001:0008AD3C   315 0001:0008AD61   316 0001:0008AD69   317 0001:0008AD71
   318 0001:0008AD79   320 0001:0008AD89   323 0001:0008AF0C   324 0001:0008AF22
   325 0001:0008AF35   326 0001:0008AF44   328 0001:0008AF60   331 0001:0008AFA8
   332 0001:0008AFBE   333 0001:0008AFD1   334 0001:0008AFE0   336 0001:0008AFFC
   338 0001:0008B072

Line numbers for TextLoginOrGate(TextLoginOrGate.dpr) segment .itext

    11 0002:000009D8    12 0002:000009E8    13 0002:000009F4    14 0002:00000A0C
    15 0002:00000A18

Bound resource files

e:\program files\codegear\rad studio\5.0\lib\Controls.res
e:\program files\codegear\rad studio\5.0\lib\Buttons.res
e:\program files\codegear\rad studio\5.0\lib\ExtDlgs.res
e:\program files\codegear\rad studio\5.0\lib\WindowsXP.res
Main.dfm
TextLoginOrGate.res
TextLoginOrGate.drf


Program entry point at 0002:000009D8
