
 Start         Length     Name                   Class
 0001:00401000 000CB1D4H .text                   CODE
 0002:004CD000 00000C68H .itext                  ICODE
 0003:004CE000 0000C7BCH .data                   DATA
 0004:004DB000 0000696CH .bss                    BSS
 0005:00000000 0000003CH .tls                    TLS


Detailed map of segments

 0001:00000000 00006259 C=CODE     S=.text    G=(none)   M=System   ACBP=A9
 0001:0000625C 00000105 C=CODE     S=.text    G=(none)   M=SysInit  ACBP=A9
 0001:00006364 00000099 C=CODE     S=.text    G=(none)   M=Types    ACBP=A9
 0001:00006400 00000DA4 C=CODE     S=.text    G=(none)   M=Windows  ACBP=A9
 0001:000071A4 00000039 C=CODE     S=.text    G=(none)   M=ActiveX  ACBP=A9
 0001:000071E0 00000328 C=CODE     S=.text    G=(none)   M=SysConst ACBP=A9
 0001:00007508 000072CD C=CODE     S=.text    G=(none)   M=SysUtils ACBP=A9
 0001:0000E7D8 000007EE C=CODE     S=.text    G=(none)   M=VarUtils ACBP=A9
 0001:0000EFC8 00006634 C=CODE     S=.text    G=(none)   M=Variants ACBP=A9
 0001:000155FC 00000148 C=CODE     S=.text    G=(none)   M=RTLConsts ACBP=A9
 0001:00015744 00001377 C=CODE     S=.text    G=(none)   M=TypInfo  ACBP=A9
 0001:00016ABC 0000D571 C=CODE     S=.text    G=(none)   M=Classes  ACBP=A9
 0001:00024030 00000191 C=CODE     S=.text    G=(none)   M=Contnrs  ACBP=A9
 0001:000241C4 00001262 C=CODE     S=.text    G=(none)   M=HelpIntfs ACBP=A9
 0001:00025428 00000772 C=CODE     S=.text    G=(none)   M=MultiMon ACBP=A9
 0001:00025B9C 00000308 C=CODE     S=.text    G=(none)   M=CommCtrl ACBP=A9
 0001:00025EA4 00000338 C=CODE     S=.text    G=(none)   M=Consts   ACBP=A9
 0001:000261DC 00001169 C=CODE     S=.text    G=(none)   M=IniFiles ACBP=A9
 0001:00027348 0000099D C=CODE     S=.text    G=(none)   M=Registry ACBP=A9
 0001:00027CE8 000097FE C=CODE     S=.text    G=(none)   M=Graphics ACBP=A9
 0001:000314E8 00000692 C=CODE     S=.text    G=(none)   M=SyncObjs ACBP=A9
 0001:00031B7C 00000BB9 C=CODE     S=.text    G=(none)   M=UxTheme  ACBP=A9
 0001:00032738 00000194 C=CODE     S=.text    G=(none)   M=DwmApi   ACBP=A9
 0001:000328CC 00000238 C=CODE     S=.text    G=(none)   M=ShlObj   ACBP=A9
 0001:00032B04 0000740B C=CODE     S=.text    G=(none)   M=StdCtrls ACBP=A9
 0001:00039F10 0000003A C=CODE     S=.text    G=(none)   M=Printers ACBP=A9
 0001:00039F4C 00000006 C=CODE     S=.text    G=(none)   M=CommDlg  ACBP=A9
 0001:00039F54 00000047 C=CODE     S=.text    G=(none)   M=WideStrUtils ACBP=A9
 0001:00039F9C 000000B0 C=CODE     S=.text    G=(none)   M=StrUtils ACBP=A9
 0001:0003A04C 00000D76 C=CODE     S=.text    G=(none)   M=GraphUtil ACBP=A9
 0001:0003ADC4 0000244E C=CODE     S=.text    G=(none)   M=ExtCtrls ACBP=A9
 0001:0003D214 00005CE4 C=CODE     S=.text    G=(none)   M=Dialogs  ACBP=A9
 0001:00042EF8 0000064A C=CODE     S=.text    G=(none)   M=Clipbrd  ACBP=A9
 0001:00043544 0000012D C=CODE     S=.text    G=(none)   M=StdActns ACBP=A9
 0001:00043674 0000030E C=CODE     S=.text    G=(none)   M=FlatSB   ACBP=A9
 0001:00043984 00007AE1 C=CODE     S=.text    G=(none)   M=Menus    ACBP=A9
 0001:0004B468 00014454 C=CODE     S=.text    G=(none)   M=Controls ACBP=A9
 0001:0005F8BC 0000105A C=CODE     S=.text    G=(none)   M=Themes   ACBP=A9
 0001:00060918 00001B95 C=CODE     S=.text    G=(none)   M=ImgList  ACBP=A9
 0001:000624B0 000013C6 C=CODE     S=.text    G=(none)   M=ActnList ACBP=A9
 0001:00063878 0000F408 C=CODE     S=.text    G=(none)   M=Forms    ACBP=A9
 0001:00072C80 00002C3D C=CODE     S=.text    G=(none)   M=Buttons  ACBP=A9
 0001:000758C0 0000007C C=CODE     S=.text    G=(none)   M=ExtDlgs  ACBP=A9
 0001:0007593C 00000062 C=CODE     S=.text    G=(none)   M=Mapi     ACBP=A9
 0001:000759A0 0000004D C=CODE     S=.text    G=(none)   M=ExtActns ACBP=A9
 0001:000759F0 00000050 C=CODE     S=.text    G=(none)   M=ComStrs  ACBP=A9
 0001:00075A40 000020A2 C=CODE     S=.text    G=(none)   M=ListActns ACBP=A9
 0001:00077AE4 0000E8FC C=CODE     S=.text    G=(none)   M=ComCtrls ACBP=A9
 0001:000863E0 000000EE C=CODE     S=.text    G=(none)   M=WinSock  ACBP=A9
 0001:000864D0 0000351E C=CODE     S=.text    G=(none)   M=JSocket  ACBP=A9
 0001:000899F0 00000341 C=CODE     S=.text    G=(none)   M=Base64   ACBP=A9
 0001:00089D34 00001566 C=CODE     S=.text    G=(none)   M=Sha1     ACBP=A9
 0001:0008B29C 000014C1 C=CODE     S=.text    G=(none)   M=DCPcrypt ACBP=A9
 0001:0008C760 00000D6E C=CODE     S=.text    G=(none)   M=Gost     ACBP=A9
 0001:0008D4D0 00000010 C=CODE     S=.text    G=(none)   M=ZLibConst ACBP=A9
 0001:0008D4E0 000052AF C=CODE     S=.text    G=(none)   M=ZLib     ACBP=A9
 0001:00092790 00000B1A C=CODE     S=.text    G=(none)   M=FileUnit ACBP=A9
 0001:000932AC 000011EE C=CODE     S=.text    G=(none)   M=Share    ACBP=A9
 0001:0009449C 000001A6 C=CODE     S=.text    G=(none)   M=EDcode   ACBP=A9
 0001:00094644 00000018 C=CODE     S=.text    G=(none)   M=JConsts  ACBP=A9
 0001:0009465C 00013368 C=CODE     S=.text    G=(none)   M=jpeg     ACBP=A9
 0001:000A79C4 000012A2 C=CODE     S=.text    G=(none)   M=DES      ACBP=A9
 0001:000A8C68 000004D6 C=CODE     S=.text    G=(none)   M=EDcodeUnit ACBP=A9
 0001:000A9140 00002BFC C=CODE     S=.text    G=(none)   M=FGInt    ACBP=A9
 0001:000ABD3C 0000027C C=CODE     S=.text    G=(none)   M=FGIntRSA ACBP=A9
 0001:000ABFB8 0000036C C=CODE     S=.text    G=(none)   M=RSA      ACBP=A9
 0001:000AC324 00000A2F C=CODE     S=.text    G=(none)   M=MaskUtils ACBP=A9
 0001:000ACD54 0000202B C=CODE     S=.text    G=(none)   M=Mask     ACBP=A9
 0001:000AED80 000001AD C=CODE     S=.text    G=(none)   M=RzGrafx  ACBP=A9
 0001:000AEF30 000041FA C=CODE     S=.text    G=(none)   M=RzCommon ACBP=A9
 0001:000B312C 000004CC C=CODE     S=.text    G=(none)   M=RzBorder ACBP=A9
 0001:000B35F8 000024D2 C=CODE     S=.text    G=(none)   M=RzEdit   ACBP=A9
 0001:000B5ACC 000003C4 C=CODE     S=.text    G=(none)   M=RzCmboBx ACBP=A9
 0001:000B5E90 00001C46 C=CODE     S=.text    G=(none)   M=RzButton ACBP=A9
 0001:000B7AD8 00002485 C=CODE     S=.text    G=(none)   M=RzBtnEdt ACBP=A9
 0001:000B9F60 00000508 C=CODE     S=.text    G=(none)   M=FileCtrl ACBP=A9
 0001:000BA468 00001C03 C=CODE     S=.text    G=(none)   M=Spin     ACBP=A9
 0001:000BC06C 00000EB2 C=CODE     S=.text    G=(none)   M=BasicSet ACBP=A9
 0001:000BCF20 0000061F C=CODE     S=.text    G=(none)   M=HUtil32  ACBP=A9
 0001:000BD540 00000551 C=CODE     S=.text    G=(none)   M=MakeThread ACBP=A9
 0001:000BDA94 00000F46 C=CODE     S=.text    G=(none)   M=Blowfish ACBP=A9
 0001:000BE9DC 00001766 C=CODE     S=.text    G=(none)   M=Cast128  ACBP=A9
 0001:000C0144 00000ABA C=CODE     S=.text    G=(none)   M=IDEA     ACBP=A9
 0001:000C0C00 0000076E C=CODE     S=.text    G=(none)   M=Misty1   ACBP=A9
 0001:000C1370 000006A6 C=CODE     S=.text    G=(none)   M=RC2      ACBP=A9
 0001:000C1A18 00000D36 C=CODE     S=.text    G=(none)   M=Rijndael ACBP=A9
 0001:000C2750 0000163E C=CODE     S=.text    G=(none)   M=Twofish  ACBP=A9
 0001:000C3D90 00000501 C=CODE     S=.text    G=(none)   M=uFileUnit ACBP=A9
 0001:000C4294 0000065E C=CODE     S=.text    G=(none)   M=uRes     ACBP=A9
 0001:000C48F4 000064E0 C=CODE     S=.text    G=(none)   M=Main     ACBP=A9
 0001:000CADD4 00000400 C=CODE     S=.text    G=(none)   M=MakeServer ACBP=A9
 0002:00000000 00000095 C=ICODE    S=.itext   G=(none)   M=System   ACBP=A9
 0002:00000098 00000011 C=ICODE    S=.itext   G=(none)   M=Windows  ACBP=A9
 0002:000000AC 00000088 C=ICODE    S=.itext   G=(none)   M=SysUtils ACBP=A9
 0002:00000134 0000000F C=ICODE    S=.itext   G=(none)   M=VarUtils ACBP=A9
 0002:00000144 000000AA C=ICODE    S=.itext   G=(none)   M=Variants ACBP=A9
 0002:000001F0 00000008 C=ICODE    S=.itext   G=(none)   M=TypInfo  ACBP=A9
 0002:000001F8 00000092 C=ICODE    S=.itext   G=(none)   M=Classes  ACBP=A9
 0002:0000028C 00000008 C=ICODE    S=.itext   G=(none)   M=HelpIntfs ACBP=A9
 0002:00000294 0000000F C=ICODE    S=.itext   G=(none)   M=MultiMon ACBP=A9
 0002:000002A4 00000008 C=ICODE    S=.itext   G=(none)   M=IniFiles ACBP=A9
 0002:000002AC 00000008 C=ICODE    S=.itext   G=(none)   M=Registry ACBP=A9
 0002:000002B4 000000FB C=ICODE    S=.itext   G=(none)   M=Graphics ACBP=A9
 0002:000003B0 0000001B C=ICODE    S=.itext   G=(none)   M=UxTheme  ACBP=A9
 0002:000003CC 00000008 C=ICODE    S=.itext   G=(none)   M=DwmApi   ACBP=A9
 0002:000003D4 00000008 C=ICODE    S=.itext   G=(none)   M=Printers ACBP=A9
 0002:000003DC 00000098 C=ICODE    S=.itext   G=(none)   M=GraphUtil ACBP=A9
 0002:00000474 00000044 C=ICODE    S=.itext   G=(none)   M=ExtCtrls ACBP=A9
 0002:000004B8 0000003D C=ICODE    S=.itext   G=(none)   M=Dialogs  ACBP=A9
 0002:000004F8 00000058 C=ICODE    S=.itext   G=(none)   M=Clipbrd  ACBP=A9
 0002:00000550 0000000F C=ICODE    S=.itext   G=(none)   M=FlatSB   ACBP=A9
 0002:00000560 00000085 C=ICODE    S=.itext   G=(none)   M=Menus    ACBP=A9
 0002:000005E8 0000008F C=ICODE    S=.itext   G=(none)   M=Controls ACBP=A9
 0002:00000678 00000008 C=ICODE    S=.itext   G=(none)   M=Themes   ACBP=A9
 0002:00000680 0000002A C=ICODE    S=.itext   G=(none)   M=ActnList ACBP=A9
 0002:000006AC 00000070 C=ICODE    S=.itext   G=(none)   M=Forms    ACBP=A9
 0002:0000071C 00000025 C=ICODE    S=.itext   G=(none)   M=Buttons  ACBP=A9
 0002:00000744 00000014 C=ICODE    S=.itext   G=(none)   M=ExtDlgs  ACBP=A9
 0002:00000758 00000008 C=ICODE    S=.itext   G=(none)   M=Mapi     ACBP=A9
 0002:00000760 00000008 C=ICODE    S=.itext   G=(none)   M=ExtActns ACBP=A9
 0002:00000768 00000008 C=ICODE    S=.itext   G=(none)   M=ComCtrls ACBP=A9
 0002:00000770 00000018 C=ICODE    S=.itext   G=(none)   M=Sha1     ACBP=A9
 0002:00000788 00000026 C=ICODE    S=.itext   G=(none)   M=DCPcrypt ACBP=A9
 0002:000007B0 00000024 C=ICODE    S=.itext   G=(none)   M=Gost     ACBP=A9
 0002:000007D4 00000078 C=ICODE    S=.itext   G=(none)   M=FileUnit ACBP=A9
 0002:0000084C 0000005D C=ICODE    S=.itext   G=(none)   M=Share    ACBP=A9
 0002:000008AC 0000000C C=ICODE    S=.itext   G=(none)   M=EDcode   ACBP=A9
 0002:000008B8 000000B0 C=ICODE    S=.itext   G=(none)   M=jpeg     ACBP=A9
 0002:00000968 0000003A C=ICODE    S=.itext   G=(none)   M=DES      ACBP=A9
 0002:000009A4 00000018 C=ICODE    S=.itext   G=(none)   M=EDcodeUnit ACBP=A9
 0002:000009BC 0000001E C=ICODE    S=.itext   G=(none)   M=RzCommon ACBP=A9
 0002:000009DC 00000014 C=ICODE    S=.itext   G=(none)   M=RzBorder ACBP=A9
 0002:000009F0 00000008 C=ICODE    S=.itext   G=(none)   M=RzCmboBx ACBP=A9
 0002:000009F8 00000025 C=ICODE    S=.itext   G=(none)   M=RzButton ACBP=A9
 0002:00000A20 0000001B C=ICODE    S=.itext   G=(none)   M=RzBtnEdt ACBP=A9
 0002:00000A3C 00000008 C=ICODE    S=.itext   G=(none)   M=HUtil32  ACBP=A9
 0002:00000A44 00000024 C=ICODE    S=.itext   G=(none)   M=Blowfish ACBP=A9
 0002:00000A68 00000024 C=ICODE    S=.itext   G=(none)   M=Cast128  ACBP=A9
 0002:00000A8C 00000024 C=ICODE    S=.itext   G=(none)   M=IDEA     ACBP=A9
 0002:00000AB0 00000024 C=ICODE    S=.itext   G=(none)   M=Misty1   ACBP=A9
 0002:00000AD4 00000024 C=ICODE    S=.itext   G=(none)   M=RC2      ACBP=A9
 0002:00000AF8 00000024 C=ICODE    S=.itext   G=(none)   M=Rijndael ACBP=A9
 0002:00000B1C 0000002B C=ICODE    S=.itext   G=(none)   M=Twofish  ACBP=A9
 0002:00000B48 00000008 C=ICODE    S=.itext   G=(none)   M=uFileUnit ACBP=A9
 0002:00000B50 00000008 C=ICODE    S=.itext   G=(none)   M=uRes     ACBP=A9
 0002:00000B58 00000022 C=ICODE    S=.itext   G=(none)   M=Main     ACBP=A9
 0002:00000B7C 000000EC C=ICODE    S=.itext   G=(none)   M=MakeServer ACBP=A9
 0003:00000000 000007B4 C=DATA     S=.data    G=DGROUP   M=System   ACBP=A9
 0003:000007B4 00000020 C=DATA     S=.data    G=DGROUP   M=SysInit  ACBP=A9
 0003:000007D4 00000250 C=DATA     S=.data    G=DGROUP   M=SysUtils ACBP=A9
 0003:00000A24 00000008 C=DATA     S=.data    G=DGROUP   M=VarUtils ACBP=A9
 0003:00000A2C 00000136 C=DATA     S=.data    G=DGROUP   M=Variants ACBP=A9
 0003:00000B64 0000000C C=DATA     S=.data    G=DGROUP   M=TypInfo  ACBP=A9
 0003:00000B70 00000100 C=DATA     S=.data    G=DGROUP   M=Classes  ACBP=A9
 0003:00000C70 00000008 C=DATA     S=.data    G=DGROUP   M=IniFiles ACBP=A9
 0003:00000C78 00000008 C=DATA     S=.data    G=DGROUP   M=Registry ACBP=A9
 0003:00000C80 00000314 C=DATA     S=.data    G=DGROUP   M=Graphics ACBP=A9
 0003:00000F94 00000030 C=DATA     S=.data    G=DGROUP   M=ShlObj   ACBP=A9
 0003:00000FC4 00000090 C=DATA     S=.data    G=DGROUP   M=StdCtrls ACBP=A9
 0003:00001054 00000004 C=DATA     S=.data    G=DGROUP   M=Printers ACBP=A9
 0003:00001058 00000450 C=DATA     S=.data    G=DGROUP   M=GraphUtil ACBP=A9
 0003:000014A8 00000020 C=DATA     S=.data    G=DGROUP   M=ExtCtrls ACBP=A9
 0003:000014C8 00000214 C=DATA     S=.data    G=DGROUP   M=Dialogs  ACBP=A9
 0003:000016DC 0000012C C=DATA     S=.data    G=DGROUP   M=Menus    ACBP=A9
 0003:00001808 00000140 C=DATA     S=.data    G=DGROUP   M=Controls ACBP=A9
 0003:00001948 00000068 C=DATA     S=.data    G=DGROUP   M=Themes   ACBP=A9
 0003:000019B0 00000020 C=DATA     S=.data    G=DGROUP   M=ImgList  ACBP=A9
 0003:000019D0 0000013C C=DATA     S=.data    G=DGROUP   M=Forms    ACBP=A9
 0003:00001B0C 00000046 C=DATA     S=.data    G=DGROUP   M=Buttons  ACBP=A9
 0003:00001B54 00000018 C=DATA     S=.data    G=DGROUP   M=ExtDlgs  ACBP=A9
 0003:00001B6C 00000008 C=DATA     S=.data    G=DGROUP   M=Mapi     ACBP=A9
 0003:00001B74 00000144 C=DATA     S=.data    G=DGROUP   M=ComCtrls ACBP=A9
 0003:00001CB8 00000040 C=DATA     S=.data    G=DGROUP   M=Base64   ACBP=A9
 0003:00001CF8 00000028 C=DATA     S=.data    G=DGROUP   M=Sha1     ACBP=A9
 0003:00001D20 00001060 C=DATA     S=.data    G=DGROUP   M=Gost     ACBP=A9
 0003:00002D80 00000248 C=DATA     S=.data    G=DGROUP   M=ZLib     ACBP=A9
 0003:00002FC8 00000008 C=DATA     S=.data    G=DGROUP   M=FileUnit ACBP=A9
 0003:00002FD0 000000B1 C=DATA     S=.data    G=DGROUP   M=Share    ACBP=A9
 0003:00003084 00000908 C=DATA     S=.data    G=DGROUP   M=jpeg     ACBP=A9
 0003:0000398C 00001068 C=DATA     S=.data    G=DGROUP   M=DES      ACBP=A9
 0003:000049F4 00000040 C=DATA     S=.data    G=DGROUP   M=EDcodeUnit ACBP=A9
 0003:00004A34 00000040 C=DATA     S=.data    G=DGROUP   M=FGInt    ACBP=A9
 0003:00004A74 00000005 C=DATA     S=.data    G=DGROUP   M=MaskUtils ACBP=A9
 0003:00004A7C 00000004 C=DATA     S=.data    G=DGROUP   M=Mask     ACBP=A9
 0003:00004A80 00000098 C=DATA     S=.data    G=DGROUP   M=RzCommon ACBP=A9
 0003:00004B18 00000230 C=DATA     S=.data    G=DGROUP   M=RzBorder ACBP=A9
 0003:00004D48 0000015C C=DATA     S=.data    G=DGROUP   M=RzCmboBx ACBP=A9
 0003:00004EA4 0000002C C=DATA     S=.data    G=DGROUP   M=RzButton ACBP=A9
 0003:00004ED0 00000024 C=DATA     S=.data    G=DGROUP   M=RzBtnEdt ACBP=A9
 0003:00004EF4 000000B0 C=DATA     S=.data    G=DGROUP   M=HUtil32  ACBP=A9
 0003:00004FA4 00001078 C=DATA     S=.data    G=DGROUP   M=Blowfish ACBP=A9
 0003:0000601C 00002030 C=DATA     S=.data    G=DGROUP   M=Cast128  ACBP=A9
 0003:0000804C 00000040 C=DATA     S=.data    G=DGROUP   M=IDEA     ACBP=A9
 0003:0000808C 000008B0 C=DATA     S=.data    G=DGROUP   M=Misty1   ACBP=A9
 0003:0000893C 00000140 C=DATA     S=.data    G=DGROUP   M=RC2      ACBP=A9
 0003:00008A7C 00003320 C=DATA     S=.data    G=DGROUP   M=Rijndael ACBP=A9
 0003:0000BD9C 00000230 C=DATA     S=.data    G=DGROUP   M=Twofish  ACBP=A9
 0003:0000BFCC 00000168 C=DATA     S=.data    G=DGROUP   M=uFileUnit ACBP=A9
 0003:0000C134 00000008 C=DATA     S=.data    G=DGROUP   M=uRes     ACBP=A9
 0004:00000000 000027F0 C=BSS      S=.bss     G=DGROUP   M=System   ACBP=A9
 0004:000027F0 0000000C C=BSS      S=.bss     G=DGROUP   M=SysInit  ACBP=A9
 0004:000027FC 00000008 C=BSS      S=.bss     G=DGROUP   M=Windows  ACBP=A9
 0004:00002804 00002108 C=BSS      S=.bss     G=DGROUP   M=SysUtils ACBP=A9
 0004:0000490C 0000005C C=BSS      S=.bss     G=DGROUP   M=VarUtils ACBP=A9
 0004:00004968 00000040 C=BSS      S=.bss     G=DGROUP   M=Variants ACBP=A9
 0004:000049A8 00000004 C=BSS      S=.bss     G=DGROUP   M=TypInfo  ACBP=A9
 0004:000049AC 00000044 C=BSS      S=.bss     G=DGROUP   M=Classes  ACBP=A9
 0004:000049F0 00000008 C=BSS      S=.bss     G=DGROUP   M=HelpIntfs ACBP=A9
 0004:000049F8 00000031 C=BSS      S=.bss     G=DGROUP   M=MultiMon ACBP=A9
 0004:00004A2C 0000000C C=BSS      S=.bss     G=DGROUP   M=CommCtrl ACBP=A9
 0004:00004A38 00000004 C=BSS      S=.bss     G=DGROUP   M=IniFiles ACBP=A9
 0004:00004A3C 00000004 C=BSS      S=.bss     G=DGROUP   M=Registry ACBP=A9
 0004:00004A40 00000060 C=BSS      S=.bss     G=DGROUP   M=Graphics ACBP=A9
 0004:00004AA0 00000004 C=BSS      S=.bss     G=DGROUP   M=SyncObjs ACBP=A9
 0004:00004AA4 000000DC C=BSS      S=.bss     G=DGROUP   M=UxTheme  ACBP=A9
 0004:00004B80 00000010 C=BSS      S=.bss     G=DGROUP   M=DwmApi   ACBP=A9
 0004:00004B90 00000008 C=BSS      S=.bss     G=DGROUP   M=ShlObj   ACBP=A9
 0004:00004B98 00000004 C=BSS      S=.bss     G=DGROUP   M=Printers ACBP=A9
 0004:00004B9C 00000010 C=BSS      S=.bss     G=DGROUP   M=GraphUtil ACBP=A9
 0004:00004BAC 00000008 C=BSS      S=.bss     G=DGROUP   M=ExtCtrls ACBP=A9
 0004:00004BB4 00000038 C=BSS      S=.bss     G=DGROUP   M=Dialogs  ACBP=A9
 0004:00004BEC 0000000C C=BSS      S=.bss     G=DGROUP   M=Clipbrd  ACBP=A9
 0004:00004BF8 00000034 C=BSS      S=.bss     G=DGROUP   M=FlatSB   ACBP=A9
 0004:00004C2C 00000010 C=BSS      S=.bss     G=DGROUP   M=Menus    ACBP=A9
 0004:00004C3C 00000088 C=BSS      S=.bss     G=DGROUP   M=Controls ACBP=A9
 0004:00004CC4 0000000C C=BSS      S=.bss     G=DGROUP   M=Themes   ACBP=A9
 0004:00004CD0 00000008 C=BSS      S=.bss     G=DGROUP   M=ImgList  ACBP=A9
 0004:00004CD8 00000004 C=BSS      S=.bss     G=DGROUP   M=ActnList ACBP=A9
 0004:00004CDC 00000031 C=BSS      S=.bss     G=DGROUP   M=Forms    ACBP=A9
 0004:00004D10 00000030 C=BSS      S=.bss     G=DGROUP   M=Buttons  ACBP=A9
 0004:00004D40 00000004 C=BSS      S=.bss     G=DGROUP   M=ExtDlgs  ACBP=A9
 0004:00004D44 00000004 C=BSS      S=.bss     G=DGROUP   M=Mapi     ACBP=A9
 0004:00004D48 00000009 C=BSS      S=.bss     G=DGROUP   M=ExtActns ACBP=A9
 0004:00004D54 00000011 C=BSS      S=.bss     G=DGROUP   M=ComCtrls ACBP=A9
 0004:00004D68 00000190 C=BSS      S=.bss     G=DGROUP   M=JSocket  ACBP=A9
 0004:00004EF8 00000004 C=BSS      S=.bss     G=DGROUP   M=Sha1     ACBP=A9
 0004:00004EFC 0000000C C=BSS      S=.bss     G=DGROUP   M=DCPcrypt ACBP=A9
 0004:00004F08 00000004 C=BSS      S=.bss     G=DGROUP   M=Gost     ACBP=A9
 0004:00004F0C 000008E4 C=BSS      S=.bss     G=DGROUP   M=ZLib     ACBP=A9
 0004:000057F0 00000004 C=BSS      S=.bss     G=DGROUP   M=FileUnit ACBP=A9
 0004:000057F4 0000006C C=BSS      S=.bss     G=DGROUP   M=Share    ACBP=A9
 0004:00005860 00000004 C=BSS      S=.bss     G=DGROUP   M=EDcode   ACBP=A9
 0004:00005864 00000004 C=BSS      S=.bss     G=DGROUP   M=jpeg     ACBP=A9
 0004:00005868 00000004 C=BSS      S=.bss     G=DGROUP   M=DES      ACBP=A9
 0004:0000586C 0000001C C=BSS      S=.bss     G=DGROUP   M=EDcodeUnit ACBP=A9
 0004:00005888 00000008 C=BSS      S=.bss     G=DGROUP   M=RzCommon ACBP=A9
 0004:00005890 00000004 C=BSS      S=.bss     G=DGROUP   M=RzBorder ACBP=A9
 0004:00005894 00000004 C=BSS      S=.bss     G=DGROUP   M=RzCmboBx ACBP=A9
 0004:00005898 00000030 C=BSS      S=.bss     G=DGROUP   M=RzButton ACBP=A9
 0004:000058C8 00000028 C=BSS      S=.bss     G=DGROUP   M=RzBtnEdt ACBP=A9
 0004:000058F0 00000004 C=BSS      S=.bss     G=DGROUP   M=BasicSet ACBP=A9
 0004:000058F4 00000004 C=BSS      S=.bss     G=DGROUP   M=HUtil32  ACBP=A9
 0004:000058F8 00000010 C=BSS      S=.bss     G=DGROUP   M=MakeThread ACBP=A9
 0004:00005908 00000004 C=BSS      S=.bss     G=DGROUP   M=Blowfish ACBP=A9
 0004:0000590C 00000004 C=BSS      S=.bss     G=DGROUP   M=Cast128  ACBP=A9
 0004:00005910 00000004 C=BSS      S=.bss     G=DGROUP   M=IDEA     ACBP=A9
 0004:00005914 00000004 C=BSS      S=.bss     G=DGROUP   M=Misty1   ACBP=A9
 0004:00005918 00000004 C=BSS      S=.bss     G=DGROUP   M=RC2      ACBP=A9
 0004:0000591C 00000004 C=BSS      S=.bss     G=DGROUP   M=Rijndael ACBP=A9
 0004:00005920 00001005 C=BSS      S=.bss     G=DGROUP   M=Twofish  ACBP=A9
 0004:00006928 00000004 C=BSS      S=.bss     G=DGROUP   M=uFileUnit ACBP=A9
 0004:0000692C 00000004 C=BSS      S=.bss     G=DGROUP   M=uRes     ACBP=A9
 0004:00006930 0000003C C=BSS      S=.bss     G=DGROUP   M=Main     ACBP=A9
 0005:00000000 00000008 C=TLS      S=.tls     G=(none)   M=System   ACBP=A9
 0005:00000008 00000008 C=TLS      S=.tls     G=(none)   M=Classes  ACBP=A9
 0005:00000010 00000004 C=TLS      S=.tls     G=(none)   M=SyncObjs ACBP=A9
 0005:00000014 00000028 C=TLS      S=.tls     G=(none)   M=GraphUtil ACBP=A9


  Address             Publics by Name

 0001:000071BC       ActiveX.CoCreateInstance
 0001:000071A4       ActiveX.CoInitialize
 0001:000071AC       ActiveX.CoInitializeEx
 0001:000071C4       ActiveX.CoTaskMemAlloc
 0001:000071CC       ActiveX.CoTaskMemFree
 0001:000071B4       ActiveX.CoUninitialize
 0001:000071D4       ActiveX.Succeeded
 0004:00004CD8       ActnList..9
 0001:00062914       ActnList..TActionLink
 0001:000624B0       ActnList..TContainedAction
 0001:0006280C       ActnList..TCustomAction
 0001:000625D4       ActnList..TCustomActionList
 0001:000626B4       ActnList..TShortCutList
 0002:00000680       ActnList.ActnList
 0001:00063848       ActnList.Finalization
 0001:00063004       ActnList.TActionLink.IsCaptionLinked
 0001:00063018       ActnList.TActionLink.IsCheckedLinked
 0001:0006302C       ActnList.TActionLink.IsEnabledLinked
 0001:00063040       ActnList.TActionLink.IsGroupIndexLinked
 0001:00063054       ActnList.TActionLink.IsHelpContextLinked
 0001:00063068       ActnList.TActionLink.IsHelpLinked
 0001:0006307C       ActnList.TActionLink.IsHintLinked
 0001:00063090       ActnList.TActionLink.IsImageIndexLinked
 0001:000630A4       ActnList.TActionLink.IsShortCutLinked
 0001:000630B8       ActnList.TActionLink.IsVisibleLinked
 0001:000630CC       ActnList.TActionLink.SetAutoCheck
 0001:000630D0       ActnList.TActionLink.SetCaption
 0001:000630D4       ActnList.TActionLink.SetChecked
 0001:000630D8       ActnList.TActionLink.SetEnabled
 0001:000630DC       ActnList.TActionLink.SetGroupIndex
 0001:000630E0       ActnList.TActionLink.SetHelpContext
 0001:000630E4       ActnList.TActionLink.SetHelpKeyword
 0001:000630E8       ActnList.TActionLink.SetHelpType
 0001:000630EC       ActnList.TActionLink.SetHint
 0001:000630F0       ActnList.TActionLink.SetImageIndex
 0001:000630F4       ActnList.TActionLink.SetShortCut
 0001:000630F8       ActnList.TActionLink.SetVisible
 0001:000629E4       ActnList.TContainedAction.Destroy
 0001:00062B50       ActnList.TContainedAction.Execute
 0001:00062A18       ActnList.TContainedAction.GetIndex
 0001:00062A34       ActnList.TContainedAction.GetParentComponent
 0001:00062A44       ActnList.TContainedAction.HasParent
 0001:00062A30       ActnList.TContainedAction.IsCategoryStored
 0001:00062A54       ActnList.TContainedAction.ReadState
 0001:00062AFC       ActnList.TContainedAction.SetActionList
 0001:00062AD0       ActnList.TContainedAction.SetCategory
 0001:00062A88       ActnList.TContainedAction.SetIndex
 0001:00062B24       ActnList.TContainedAction.SetParentComponent
 0001:00062BA8       ActnList.TContainedAction.Update
 0001:000631A0       ActnList.TCustomAction.AssignTo
 0001:000630FC       ActnList.TCustomAction.Create
 0001:00063150       ActnList.TCustomAction.Destroy
 0001:000636C0       ActnList.TCustomAction.DoHint
 0001:000636E8       ActnList.TCustomAction.Execute
 0001:0006374C       ActnList.TCustomAction.GetSecondaryShortCuts
 0001:000637CC       ActnList.TCustomAction.HandleShortCut
 0001:000637A8       ActnList.TCustomAction.IsSecondaryShortCutsStored
 0001:00063250       ActnList.TCustomAction.SetCaption
 0001:000632B0       ActnList.TCustomAction.SetChecked
 0001:000633B8       ActnList.TCustomAction.SetEnabled
 0001:0006349C       ActnList.TCustomAction.SetHelpContext
 0001:00063434       ActnList.TCustomAction.SetHelpKeyword
 0001:000634F4       ActnList.TCustomAction.SetHint
 0001:00063554       ActnList.TCustomAction.SetImageIndex
 0001:00063674       ActnList.TCustomAction.SetName
 0001:00063774       ActnList.TCustomAction.SetSecondaryShortCuts
 0001:000635B0       ActnList.TCustomAction.SetShortCut
 0001:00063614       ActnList.TCustomAction.SetVisible
 0001:00062DD8       ActnList.TCustomActionList.AddAction
 0001:00062E14       ActnList.TCustomActionList.Change
 0001:00062C00       ActnList.TCustomActionList.Create
 0001:00062C6C       ActnList.TCustomActionList.Destroy
 0001:00062F20       ActnList.TCustomActionList.ExecuteAction
 0001:00062D34       ActnList.TCustomActionList.GetAction
 0001:00062D48       ActnList.TCustomActionList.GetActionCount
 0001:00062CBC       ActnList.TCustomActionList.GetChildren
 0001:00062D84       ActnList.TCustomActionList.ImageListChange
 0001:00062E7C       ActnList.TCustomActionList.IsShortCut
 0001:00062D90       ActnList.TCustomActionList.Notification
 0001:00062DF8       ActnList.TCustomActionList.RemoveAction
 0001:00062D04       ActnList.TCustomActionList.SetChildOrder
 0001:00062D50       ActnList.TCustomActionList.SetImages
 0001:00062F60       ActnList.TCustomActionList.SetState
 0001:00062F40       ActnList.TCustomActionList.UpdateAction
 0001:000637D8       ActnList.TShortCutList.Add
 0001:00063804       ActnList.TShortCutList.IndexOfShortCut
 0003:00001CB8       Base64.B64
 0001:00089B98       Base64.Base64Decode
 0001:00089CCC       Base64.Base64DecodeStr
 0001:000899F0       Base64.Base64Encode
 0001:00089B40       Base64.Base64EncodeStr
 0001:000BC06C       BasicSet..TFrmBasicSet
 0004:000058F0       BasicSet.FrmBasicSet
 0001:000BC900       BasicSet.TFrmBasicSet.BtnSaveClick
 0001:000BCD90       BasicSet.TFrmBasicSet.Edt0627GateExeButtonClick
 0001:000BCD2C       BasicSet.TFrmBasicSet.Edt0627LoginExeButtonClick
 0001:000BCEBC       BasicSet.TFrmBasicSet.Edt176GateExeButtonClick
 0001:000BCE58       BasicSet.TFrmBasicSet.Edt176LoginExeButtonClick
 0001:000BCDF4       BasicSet.TFrmBasicSet.Edt176SkinFileButtonClick
 0001:000BC76C       BasicSet.TFrmBasicSet.EdtGateExeButtonClick
 0001:000BC708       BasicSet.TFrmBasicSet.EdtLoginExeButtonClick
 0001:000BC7D0       BasicSet.TFrmBasicSet.EdtMakeDirButtonClick
 0001:000BC6A4       BasicSet.TFrmBasicSet.EdtSkinFileButtonClick
 0001:000BC868       BasicSet.TFrmBasicSet.EdtUpFileDirButtonClick
 0001:000BC5AC       BasicSet.TFrmBasicSet.Open
 0004:00005908       Blowfish..2
 0001:000BDA94       Blowfish..TDCP_blowfish
 0002:00000A44       Blowfish.Blowfish
 0001:000BE9AC       Blowfish.Finalization
 0003:00005FFC       Blowfish.InData1
 0003:00006004       Blowfish.InData2
 0003:00005FEC       Blowfish.Key1
 0003:00005FF4       Blowfish.Key2
 0003:0000600C       Blowfish.OutData1
 0003:00006014       Blowfish.OutData2
 0003:00004FA4       Blowfish.PBoxOrg
 0003:00004FEC       Blowfish.SBoxOrg
 0001:000BDEB4       Blowfish.TDCP_blowfish.Burn
 0001:000BE410       Blowfish.TDCP_blowfish.DecryptECB
 0001:000BDEEC       Blowfish.TDCP_blowfish.EncryptECB
 0001:000BDB88       Blowfish.TDCP_blowfish.GetAlgorithm
 0001:000BDBBC       Blowfish.TDCP_blowfish.GetBlockSize
 0001:000BDB80       Blowfish.TDCP_blowfish.GetId
 0001:000BDBB4       Blowfish.TDCP_blowfish.GetMaxKeySize
 0001:000BDCB8       Blowfish.TDCP_blowfish.Init
 0001:000BDBC4       Blowfish.TDCP_blowfish.SelfTest
 0004:00004D10       Buttons..5
 0001:000734F4       Buttons..TButtonGlyph
 0001:0007349C       Buttons..TGlyphCache
 0001:000733DC       Buttons..TGlyphList
 0001:00072DF0       Buttons..TSpeedButton
 0001:00072CF8       Buttons..TSpeedButtonActionLink
 0003:00001B0C       Buttons.BitBtnCaptions
 0004:00004D14       Buttons.BitBtnGlyphs
 0003:00001B3C       Buttons.ButtonCount
 0002:0000071C       Buttons.Buttons
 0001:000757F0       Buttons.DestroyLocals
 0001:00074148       Buttons.DoDrawText
 0003:00001B40       Buttons.DownStyles
 0003:00001B48       Buttons.FillStyles
 0001:00075888       Buttons.Finalization
 0003:00001B38       Buttons.GlyphCache
 0003:00001B50       Buttons.NewState
 0001:000743D0       Buttons.TButtonGlyph.CalcButtonLayout
 0001:00073780       Buttons.TButtonGlyph.Create
 0001:00073980       Buttons.TButtonGlyph.CreateButtonGlyph
 0001:00073810       Buttons.TButtonGlyph.Destroy
 0001:0007471C       Buttons.TButtonGlyph.Draw
 0001:00073F54       Buttons.TButtonGlyph.DrawButtonGlyph
 0001:0007424C       Buttons.TButtonGlyph.DrawButtonText
 0001:000738B0       Buttons.TButtonGlyph.GlyphChanged
 0001:0007386C       Buttons.TButtonGlyph.Invalidate
 0001:000738E0       Buttons.TButtonGlyph.SetGlyph
 0001:00073958       Buttons.TButtonGlyph.SetNumGlyphs
 0001:0007367C       Buttons.TGlyphCache.Create
 0001:000736C0       Buttons.TGlyphCache.Destroy
 0001:00073774       Buttons.TGlyphCache.Empty
 0001:000736F0       Buttons.TGlyphCache.GetList
 0001:00073750       Buttons.TGlyphCache.ReturnList
 0001:00073620       Buttons.TGlyphList.AddMasked
 0001:000735D4       Buttons.TGlyphList.AllocateIndex
 0001:00073550       Buttons.TGlyphList.CreateSize
 0001:0007364C       Buttons.TGlyphList.Delete
 0001:000735A4       Buttons.TGlyphList.Destroy
 0001:0007571C       Buttons.TSpeedButton.ActionChange
 0001:000751E8       Buttons.TSpeedButton.Click
 0001:0007546C       Buttons.TSpeedButton.CMButtonPressed
 0001:000754E0       Buttons.TSpeedButton.CMDialogChar
 0001:00075438       Buttons.TSpeedButton.CMEnabledChanged
 0001:00075578       Buttons.TSpeedButton.CMFontChanged
 0001:000755BC       Buttons.TSpeedButton.CMMouseEnter
 0001:00075630       Buttons.TSpeedButton.CMMouseLeave
 0001:00075598       Buttons.TSpeedButton.CMSysColorChange
 0001:00075588       Buttons.TSpeedButton.CMTextChanged
 0001:00075698       Buttons.TSpeedButton.CopyImage
 0001:00074948       Buttons.TSpeedButton.Create
 0001:00074A08       Buttons.TSpeedButton.Destroy
 0001:00075204       Buttons.TSpeedButton.GetActionLinkClass
 0001:0007520C       Buttons.TSpeedButton.GetGlyph
 0001:00075234       Buttons.TSpeedButton.GetNumGlyphs
 0001:000751F0       Buttons.TSpeedButton.GetPalette
 0001:00075270       Buttons.TSpeedButton.GlyphChanged
 0001:00074FB8       Buttons.TSpeedButton.Loaded
 0001:00074FE4       Buttons.TSpeedButton.MouseDown
 0001:00075040       Buttons.TSpeedButton.MouseMove
 0001:000750E8       Buttons.TSpeedButton.MouseUp
 0001:00074A40       Buttons.TSpeedButton.Paint
 0001:00075400       Buttons.TSpeedButton.SetAllowAllUp
 0001:000752B8       Buttons.TSpeedButton.SetDown
 0001:00075328       Buttons.TSpeedButton.SetFlat
 0001:00075218       Buttons.TSpeedButton.SetGlyph
 0001:00075348       Buttons.TSpeedButton.SetGroupIndex
 0001:0007535C       Buttons.TSpeedButton.SetLayout
 0001:0007537C       Buttons.TSpeedButton.SetMargin
 0001:00075240       Buttons.TSpeedButton.SetNumGlyphs
 0001:000753A0       Buttons.TSpeedButton.SetSpacing
 0001:000753C0       Buttons.TSpeedButton.SetTransparent
 0001:00075280       Buttons.TSpeedButton.UpdateExclusive
 0001:00074F54       Buttons.TSpeedButton.UpdateTracking
 0001:00075414       Buttons.TSpeedButton.WMLButtonDblClk
 0001:00074790       Buttons.TSpeedButtonActionLink.AssignClient
 0001:000747B4       Buttons.TSpeedButtonActionLink.Create
 0001:000747F0       Buttons.TSpeedButtonActionLink.IsCheckedLinked
 0001:0007483C       Buttons.TSpeedButtonActionLink.IsGroupIndexLinked
 0001:0007486C       Buttons.TSpeedButtonActionLink.IsImageIndexLinked
 0001:0007489C       Buttons.TSpeedButtonActionLink.SetChecked
 0001:000748BC       Buttons.TSpeedButtonActionLink.SetGroupIndex
 0001:000748DC       Buttons.TSpeedButtonActionLink.SetImageIndex
 0004:0000590C       Cast128..2
 0001:000BE9DC       Cast128..TDCP_cast128
 0002:00000A68       Cast128.Cast128
 0003:0000601C       Cast128.cast_sbox1
 0003:0000641C       Cast128.cast_sbox2
 0003:0000681C       Cast128.cast_sbox3
 0003:00006C1C       Cast128.cast_sbox4
 0003:0000701C       Cast128.cast_sbox5
 0003:0000741C       Cast128.cast_sbox6
 0003:0000781C       Cast128.cast_sbox7
 0003:00007C1C       Cast128.cast_sbox8
 0001:000C0114       Cast128.Finalization
 0003:0000802C       Cast128.InBlock
 0003:0000801C       Cast128.Key
 0003:00008034       Cast128.Out128
 0003:00008044       Cast128.Out40
 0003:0000803C       Cast128.Out80
 0001:000BF4FC       Cast128.TDCP_cast128.Burn
 0001:000BFB18       Cast128.TDCP_cast128.DecryptECB
 0001:000BF528       Cast128.TDCP_cast128.EncryptECB
 0001:000BEAE0       Cast128.TDCP_cast128.GetAlgorithm
 0001:000BEAD0       Cast128.TDCP_cast128.GetBlockSize
 0001:000BEAD8       Cast128.TDCP_cast128.GetId
 0001:000BEAC8       Cast128.TDCP_cast128.GetMaxKeySize
 0001:000BEC94       Cast128.TDCP_cast128.Init
 0001:000BEB08       Cast128.TDCP_cast128.SelfTest
 0004:000049B8       Classes..95
 0001:0001705C       Classes..EBitsError
 0001:00016F4C       Classes..EClassNotFound
 0001:00017114       Classes..EComponentError
 0001:00016D90       Classes..EFCreateError
 0001:00016E44       Classes..EFilerError
 0001:00016D30       Classes..EFileStreamError
 0001:00016DEC       Classes..EFOpenError
 0001:000171CC       Classes..EInvalidOperation
 0001:00017004       Classes..EListError
 0001:00017170       Classes..EOutOfResources
 0001:00016E9C       Classes..EReadError
 0001:00016FA8       Classes..EResNotFound
 0001:00016CD4       Classes..EStreamError
 0001:000170B4       Classes..EStringListError
 0001:00018000       Classes..EThread
 0001:00016EF4       Classes..EWriteError
 0001:000183A8       Classes..TBasicAction
 0001:00018328       Classes..TBasicActionLink
 0001:000172E8       Classes..TBits
 0001:00017E2C       Classes..TClassFinder
 0001:00017598       Classes..TCollection
 0001:000174E0       Classes..TCollectionItem
 0001:000181C8       Classes..TComponent
 0001:00017B20       Classes..TCustomMemoryStream
 0001:00017E88       Classes..TFiler
 0001:00017A98       Classes..TFileStream
 0001:00017A20       Classes..THandleStream
 0001:0001926C       Classes..TIntConst
 0001:0001742C       Classes..TInterfacedPersistent
 0001:0001722C       Classes..TList
 0001:00017B9C       Classes..TMemoryStream
 0001:0001766C       Classes..TOwnedCollection
 0001:0001733C       Classes..TPersistent
 0001:0001CDB8       Classes..TPropFixup
 0001:0001CE30       Classes..TPropIntfFixup
 0001:00017EEC       Classes..TReader
 0001:00018548       Classes..TRegGroup
 0001:000185A0       Classes..TRegGroups
 0001:00017C18       Classes..TResourceStream
 0001:000179B0       Classes..TStream
 0001:00017DA4       Classes..TStreamAdapter
 0001:00017898       Classes..TStringList
 0001:00017760       Classes..TStrings
 0001:00018054       Classes..TThread
 0001:00017290       Classes..TThreadList
 0001:00017F80       Classes..TWriter
 0001:00019210       Classes.ActivateClassGroup
 0003:00000B70       Classes.AddDataModule
 0001:0001D090       Classes.AddFinished
 0001:0001D0C8       Classes.AddNotFinished
 0001:0001DC3C       Classes.AddSubComponentsToLoaded
 0001:00022500       Classes.AddThread
 0001:00023EA4       Classes.AllocateHWnd
 0001:00020B70       Classes.AncestorIsValid
 0003:00000B80       Classes.ApplicationHandleException
 0003:00000B88       Classes.ApplicationShowException
 0001:000195E4       Classes.BeginGlobalLoading
 0001:000223EC       Classes.BinToHex
 0003:00000C44       Classes.BlockCode
 0001:000184F0       Classes.Bounds
 0001:00023DE0       Classes.CalcJmpOffset
 0001:0001DC78       Classes.CheckSubComponents
 0001:00022518       Classes.CheckSynchronize
 0002:000001F8       Classes.Classes
 0001:00018FD4       Classes.ClassNotFound
 0001:000198A4       Classes.CollectionsEqual
 0001:0001DD58       Classes.ComponentCreated
 0003:00000BA4       Classes.Convert
 0003:00000BB4       Classes.Convert
 0001:0001DDD8       Classes.CreateComponent
 0001:00023F58       Classes.DeallocateHWnd
 0001:000224B4       Classes.DoneThreadSynchronization
 0001:0001AE34       Classes.DoWrite
 0001:0001966C       Classes.EndGlobalLoading
 0001:0001CBF0       Classes.Error
 0001:00018B74       Classes.Error
 0003:00000B98       Classes.FilerSignature
 0001:00023F80       Classes.Finalization
 0001:0002025C       Classes.FindAncestor
 0001:00019094       Classes.FindClass
 0001:0001DF88       Classes.FindExistingComponent
 0001:000194FC       Classes.FindGlobalComponent
 0004:000049C4       Classes.FindGlobalComponentProcs
 0001:000193A4       Classes.FindIdentToInt
 0001:00019328       Classes.FindIntToIdent
 0001:00020FFC       Classes.FindMethodName
 0001:0001CFC4       Classes.FindNestedComponent
 0001:0001EF2C       Classes.FindUniqueName
 0001:00023D4C       Classes.FreeIntConstList
 0001:00023E80       Classes.FreeObjectInstance
 0001:00019040       Classes.GetClass
 0001:000216EC       Classes.GetComponentValue
 0001:0001A3B4       Classes.GetDesigner
 0001:00018FC8       Classes.GetFieldClassTable
 0004:000049C8       Classes.GlobalFixupList
 0001:0001D110       Classes.GlobalFixupReferences
 0005:0000000C       Classes.GlobalLists
 0005:00000008       Classes.GlobalLoaded
 0004:000049AC       Classes.GlobalNameSpace
 0001:000191BC       Classes.GroupDescendentsWith
 0001:0001E6FC       Classes.HandleException
 0001:00022428       Classes.HexToBin
 0001:00019420       Classes.IdentToInt
 0001:000196C8       Classes.InitComponent
 0001:00019770       Classes.InitInheritedComponent
 0001:00022480       Classes.InitThreadSynchronization
 0004:000049E8       Classes.InstBlockList
 0004:000049EC       Classes.InstFreeList
 0004:000049BC       Classes.IntConstList
 0001:00019560       Classes.InternalReadComponentRes
 0001:00019460       Classes.IntToIdent
 0001:00018518       Classes.InvalidPoint
 0001:0001852C       Classes.InvalidPoint
 0001:00020D7C       Classes.IsDefault
 0001:00020BF8       Classes.IsDefaultFloatProp
 0001:00020C54       Classes.IsDefaultInt64Prop
 0001:00020F20       Classes.IsDefaultInterfaceProp
 0001:00021068       Classes.IsDefaultMethodProp
 0001:00020DD4       Classes.IsDefaultObjectProp
 0001:00020BA0       Classes.IsDefaultOrdProp
 0001:000211A0       Classes.IsDefaultPropertyValue
 0001:00020CAC       Classes.IsDefaultStrProp
 0001:00020E54       Classes.IsDefaultValue
 0001:00021108       Classes.IsDefaultVariantProp
 0001:0001953C       Classes.IsUniqueGlobalComponentName
 0004:000049B0       Classes.IsUniqueGlobalComponentNameProc
 0001:00023DE8       Classes.MakeObjectInstance
 0001:00019FC0       Classes.Min
 0001:00023DB8       Classes.ModuleUnload
 0003:00000B9C       Classes.NilMethod
 0001:0001A454       Classes.NotifyDesigner
 0001:0001963C       Classes.NotifyGlobalLoading
 0001:00020D3C       Classes.ObjectAncestorMatch
 0001:000216D4       Classes.OwnedBy
 0001:000184A0       Classes.Point
 0001:00018900       Classes.PointerInModule
 0003:00000C28       Classes.Priorities
 0001:0001D430       Classes.PropertyNotFound
 0001:0001E7FC       Classes.PropPathError
 0001:0001D424       Classes.PropValueError
 0001:0001C310       Classes.RaiseException
 0001:0001FAE0       Classes.ReadCustomVariant
 0001:0001D40C       Classes.ReadError
 0001:0001DD78       Classes.Recover
 0001:000184C8       Classes.Rect
 0004:000049C0       Classes.RegGroups
 0001:000190B4       Classes.RegisterClass
 0001:000194A4       Classes.RegisterFindGlobalComponentProc
 0001:000192FC       Classes.RegisterIntegerConsts
 0003:00000B78       Classes.RemoveDataModule
 0001:0001D2DC       Classes.RemoveFixupReferences
 0001:0001D388       Classes.RemoveFixups
 0001:0001D720       Classes.RemoveGlobalFixup
 0001:0002250C       Classes.RemoveThread
 0001:000224CC       Classes.ResetSyncEvent
 0001:00019A90       Classes.ReturnAddr
 0001:0001AF94       Classes.ReturnAddr
 0001:0001DEE8       Classes.SetCompName
 0001:0001D45C       Classes.SetElementValue
 0001:0001EB54       Classes.SetInterfaceReference
 0001:0001EA70       Classes.SetIntIdent
 0001:0001EAB8       Classes.SetObjectIdent
 0001:0001DCF0       Classes.SetSubComponentState
 0001:0001EAF8       Classes.SetVariantReference
 0001:000224F4       Classes.SignalSyncEvent
 0001:0001F600       Classes.SkipBinary
 0001:0001F630       Classes.SkipCollection
 0001:0001F5D8       Classes.SkipList
 0001:000184B8       Classes.SmallPoint
 0001:00019170       Classes.StartClassGroup
 0001:00023DC0       Classes.StdWndProc
 0001:0001C138       Classes.StringListCompareStrings
 0004:000049B4       Classes.SyncEvent
 0003:00000C24       Classes.SyncList
 0001:000237B8       Classes.TBasicAction.Change
 0001:0002364C       Classes.TBasicAction.Create
 0001:00023690       Classes.TBasicAction.Destroy
 0001:00023724       Classes.TBasicAction.Execute
 0001:000236F4       Classes.TBasicAction.ExecuteTarget
 0001:000236F0       Classes.TBasicAction.HandlesTarget
 0001:000236F8       Classes.TBasicAction.Notification
 0001:000237CC       Classes.TBasicAction.RegisterChanges
 0001:00023818       Classes.TBasicAction.SetActionComponent
 0001:0002375C       Classes.TBasicAction.SetOnExecute
 0001:000237D8       Classes.TBasicAction.UnRegisterChanges
 0001:00023740       Classes.TBasicAction.Update
 0001:00023720       Classes.TBasicAction.UpdateTarget
 0001:0002359C       Classes.TBasicActionLink.AssignClient
 0001:000235D4       Classes.TBasicActionLink.Change
 0001:00023558       Classes.TBasicActionLink.Create
 0001:000235A0       Classes.TBasicActionLink.Destroy
 0001:000235EC       Classes.TBasicActionLink.Execute
 0001:00023634       Classes.TBasicActionLink.IsOnExecuteLinked
 0001:00023608       Classes.TBasicActionLink.SetAction
 0001:00023638       Classes.TBasicActionLink.SetOnExecute
 0001:00023640       Classes.TBasicActionLink.Update
 0001:00019F78       Classes.TBits.Destroy
 0001:00019FA8       Classes.TBits.Error
 0001:0001A09C       Classes.TBits.GetBit
 0001:0001A0B4       Classes.TBits.OpenBit
 0001:0001A070       Classes.TBits.SetBit
 0001:00019FCC       Classes.TBits.SetSize
 0001:00018DE4       Classes.TClassFinder.Create
 0001:00018F10       Classes.TClassFinder.Destroy
 0001:00018F40       Classes.TClassFinder.GetClass
 0001:0001A734       Classes.TCollection.Add
 0001:0001ABC0       Classes.TCollection.Added
 0001:0001A754       Classes.TCollection.Assign
 0001:0001A7EC       Classes.TCollection.BeginUpdate
 0001:0001A7F0       Classes.TCollection.Changed
 0001:0001A800       Classes.TCollection.Clear
 0001:0001A69C       Classes.TCollection.Create
 0001:0001AB84       Classes.TCollection.Delete
 0001:0001ABC4       Classes.TCollection.Deleting
 0001:0001A6E8       Classes.TCollection.Destroy
 0001:0001A868       Classes.TCollection.EndUpdate
 0001:0001A878       Classes.TCollection.GetAttr
 0001:0001A874       Classes.TCollection.GetAttrCount
 0001:0001A8A4       Classes.TCollection.GetCount
 0001:0001A8AC       Classes.TCollection.GetItem
 0001:0001A884       Classes.TCollection.GetItemAttr
 0001:0001A8C0       Classes.TCollection.GetNamePath
 0001:0001A988       Classes.TCollection.GetPropName
 0001:0001AAA4       Classes.TCollection.Insert
 0001:0001AAC0       Classes.TCollection.InsertItem
 0001:0001ABC8       Classes.TCollection.Notify
 0001:0001ABB4       Classes.TCollection.Owner
 0001:0001AB28       Classes.TCollection.RemoveItem
 0001:0001AB7C       Classes.TCollection.SetItemName
 0001:0001AB80       Classes.TCollection.Update
 0001:0001A520       Classes.TCollectionItem.Changed
 0001:0001A4B8       Classes.TCollectionItem.Create
 0001:0001A4F0       Classes.TCollectionItem.Destroy
 0001:0001A55C       Classes.TCollectionItem.GetDisplayName
 0001:0001A544       Classes.TCollectionItem.GetIndex
 0001:0001A584       Classes.TCollectionItem.GetNamePath
 0001:0001A638       Classes.TCollectionItem.GetOwner
 0001:0001A63C       Classes.TCollectionItem.SetCollection
 0001:0001A664       Classes.TCollectionItem.SetDisplayName
 0001:0001A66C       Classes.TCollectionItem.SetIndex
 0001:00022DF0       Classes.TComponent.BeforeDestruction
 0001:00023328       Classes.TComponent.ChangeName
 0001:00022D28       Classes.TComponent.Create
 0001:000230B8       Classes.TComponent.DefineProperties
 0001:00022D74       Classes.TComponent.Destroy
 0001:00022F80       Classes.TComponent.DestroyComponents
 0001:00022FDC       Classes.TComponent.Destroying
 0001:00023464       Classes.TComponent.ExecuteAction
 0001:00023248       Classes.TComponent.FindComponent
 0001:00022DFC       Classes.TComponent.FreeNotification
 0001:0002314C       Classes.TComponent.GetChildOwner
 0001:00023150       Classes.TComponent.GetChildParent
 0001:00023144       Classes.TComponent.GetChildren
 0001:0002333C       Classes.TComponent.GetComponent
 0001:00023368       Classes.TComponent.GetComponentCount
 0001:00023154       Classes.TComponent.GetNamePath
 0001:00023168       Classes.TComponent.GetOwner
 0001:00023170       Classes.TComponent.GetParentComponent
 0001:00023140       Classes.TComponent.HasParent
 0001:00022E90       Classes.TComponent.Insert
 0001:00022EE4       Classes.TComponent.InsertComponent
 0001:00023554       Classes.TComponent.IntfGetComponent
 0001:00023190       Classes.TComponent.Loaded
 0001:00023058       Classes.TComponent.Notification
 0001:0002319C       Classes.TComponent.PaletteCreated
 0001:000234D4       Classes.TComponent.QueryInterface
 0001:00022E50       Classes.TComponent.ReadLeft
 0001:000231A0       Classes.TComponent.ReadState
 0001:00022E64       Classes.TComponent.ReadTop
 0001:00022EBC       Classes.TComponent.Remove
 0001:00022F48       Classes.TComponent.RemoveComponent
 0001:0002303C       Classes.TComponent.RemoveFreeNotification
 0001:00023018       Classes.TComponent.RemoveNotification
 0001:000234B4       Classes.TComponent.SafeCallException
 0001:0002316C       Classes.TComponent.SetChildOrder
 0001:00023378       Classes.TComponent.SetComponentIndex
 0001:000233CC       Classes.TComponent.SetDesigning
 0001:00023298       Classes.TComponent.SetName
 0001:00023174       Classes.TComponent.SetParentComponent
 0001:0002341C       Classes.TComponent.SetReference
 0001:0002348C       Classes.TComponent.UpdateAction
 0001:00023184       Classes.TComponent.Updated
 0001:000234CC       Classes.TComponent.UpdateRegistry
 0001:00023178       Classes.TComponent.Updating
 0001:00023230       Classes.TComponent.ValidateContainer
 0001:00023244       Classes.TComponent.ValidateInsert
 0001:000231B0       Classes.TComponent.ValidateRename
 0001:00022E78       Classes.TComponent.WriteLeft
 0001:000231A8       Classes.TComponent.WriteState
 0001:00022E84       Classes.TComponent.WriteTop
 0001:00023514       Classes.TComponent._AddRef
 0001:00023534       Classes.TComponent._Release
 0001:0001C930       Classes.TCustomMemoryStream.Read
 0001:0001C98C       Classes.TCustomMemoryStream.SaveToStream
 0001:0001C968       Classes.TCustomMemoryStream.Seek
 0001:0001C928       Classes.TCustomMemoryStream.SetPointer
 0001:0001CD44       Classes.TFiler.Create
 0001:0001CD8C       Classes.TFiler.Destroy
 0001:0001CDB4       Classes.TFiler.SetRoot
 0001:0001C73C       Classes.TFileStream.Create
 0001:0001C780       Classes.TFileStream.Create
 0001:0001C8F4       Classes.TFileStream.Destroy
 0001:0001C678       Classes.THandleStream.Create
 0001:0001C6B4       Classes.THandleStream.Read
 0001:0001C6D4       Classes.THandleStream.Seek
 0001:0001C714       Classes.THandleStream.SetSize
 0001:0001C700       Classes.THandleStream.SetSize
 0001:0001C6C4       Classes.THandleStream.Write
 0004:000049E4       Classes.ThreadCount
 0004:000049CC       Classes.ThreadLock
 0001:000226F0       Classes.ThreadProc
 0001:000192C4       Classes.TIntConst.Create
 0001:0001A2FC       Classes.TInterfacedPersistent.AfterConstruction
 0001:0001A38C       Classes.TInterfacedPersistent.QueryInterface
 0001:0001A34C       Classes.TInterfacedPersistent._AddRef
 0001:0001A36C       Classes.TInterfacedPersistent._Release
 0001:000199E8       Classes.TList.Add
 0001:00019A1C       Classes.TList.Clear
 0001:00019A34       Classes.TList.Delete
 0001:000199C8       Classes.TList.Destroy
 0001:00019ACC       Classes.TList.Error
 0001:00019A94       Classes.TList.Error
 0001:00019B20       Classes.TList.Expand
 0001:00019B38       Classes.TList.First
 0001:00019B40       Classes.TList.Get
 0001:00019B68       Classes.TList.Grow
 0001:00019B9C       Classes.TList.IndexOf
 0001:00019BBC       Classes.TList.Insert
 0001:00019C28       Classes.TList.Last
 0001:00019C34       Classes.TList.Move
 0001:00019DAC       Classes.TList.Notify
 0001:00019C8C       Classes.TList.Put
 0001:00019CDC       Classes.TList.Remove
 0001:00019CFC       Classes.TList.SetCapacity
 0001:00019D38       Classes.TList.SetCount
 0001:0001C9D0       Classes.TMemoryStream.Clear
 0001:0001C9A4       Classes.TMemoryStream.Destroy
 0001:0001CA20       Classes.TMemoryStream.LoadFromFile
 0001:0001C9E8       Classes.TMemoryStream.LoadFromStream
 0001:0001CAC8       Classes.TMemoryStream.Realloc
 0001:0001CA74       Classes.TMemoryStream.SetCapacity
 0001:0001CA9C       Classes.TMemoryStream.SetSize
 0001:0001CB48       Classes.TMemoryStream.Write
 0001:0001ABEC       Classes.TOwnedCollection.Create
 0001:0001AC30       Classes.TOwnedCollection.GetOwner
 0001:0001A158       Classes.TPersistent.Assign
 0001:0001A16C       Classes.TPersistent.AssignError
 0001:0001A23C       Classes.TPersistent.AssignTo
 0001:0001A244       Classes.TPersistent.DefineProperties
 0001:0001A12C       Classes.TPersistent.Destroy
 0001:0001A248       Classes.TPersistent.GetNamePath
 0001:0001A2F8       Classes.TPersistent.GetOwner
 0001:0001CE90       Classes.TPropFixup.Create
 0001:0001CEE8       Classes.TPropFixup.MakeGlobalReference
 0001:0001CF30       Classes.TPropFixup.ResolveReference
 0001:0001CF40       Classes.TPropIntfFixup.ResolveReference
 0001:0001D4B0       Classes.TReader.CheckValue
 0001:0001D510       Classes.TReader.DefineBinaryProperty
 0001:0001D4D4       Classes.TReader.DefineProperty
 0001:0001D474       Classes.TReader.Destroy
 0001:0001D79C       Classes.TReader.DoFixupReferences
 0001:0001D5F8       Classes.TReader.EndOfList
 0001:0001D60C       Classes.TReader.Error
 0001:0001F92C       Classes.TReader.FindAncestorComponent
 0001:0001FA24       Classes.TReader.FindComponentClass
 0001:0001D6B8       Classes.TReader.FindMethod
 0001:0001D630       Classes.TReader.FindMethodInstance
 0001:0001D8E0       Classes.TReader.FlushBuffer
 0001:0001D904       Classes.TReader.FreeFixups
 0001:0001D940       Classes.TReader.GetFieldClass
 0001:0001D9D8       Classes.TReader.GetPosition
 0001:0001D9F0       Classes.TReader.NextValue
 0001:0001DA00       Classes.TReader.PropertyError
 0001:0001DA14       Classes.TReader.Read
 0001:0001DA9C       Classes.TReader.ReadBoolean
 0001:0001DA60       Classes.TReader.ReadBuffer
 0001:0001DAB0       Classes.TReader.ReadChar
 0001:0001DB6C       Classes.TReader.ReadCollection
 0001:0001E02C       Classes.TReader.ReadComponent
 0001:0001E46C       Classes.TReader.ReadCurrency
 0001:0001E26C       Classes.TReader.ReadData
 0001:0001E2DC       Classes.TReader.ReadDataInner
 0001:0001E4BC       Classes.TReader.ReadDate
 0001:0001E3E4       Classes.TReader.ReadDouble
 0001:0001E3AC       Classes.TReader.ReadFloat
 0001:0001E500       Classes.TReader.ReadIdent
 0001:0001E668       Classes.TReader.ReadInt64
 0001:0001E5FC       Classes.TReader.ReadInteger
 0001:0001E6AC       Classes.TReader.ReadListBegin
 0001:0001E6B4       Classes.TReader.ReadListEnd
 0001:0001E6BC       Classes.TReader.ReadPrefix
 0001:0001E818       Classes.TReader.ReadProperty
 0001:0001EC14       Classes.TReader.ReadPropValue
 0001:0001EF8C       Classes.TReader.ReadRootComponent
 0001:0001F2C0       Classes.TReader.ReadSet
 0001:0001F37C       Classes.TReader.ReadSignature
 0001:0001E428       Classes.TReader.ReadSingle
 0001:0001F3A0       Classes.TReader.ReadStr
 0001:0001F3DC       Classes.TReader.ReadString
 0001:0001F57C       Classes.TReader.ReadValue
 0001:0001FCA8       Classes.TReader.ReadVariant
 0001:0001DB10       Classes.TReader.ReadWideChar
 0001:0001F498       Classes.TReader.ReadWideString
 0001:0001F9E4       Classes.TReader.ReferenceName
 0001:0001F9FC       Classes.TReader.SetName
 0001:0001FA98       Classes.TReader.SkipBytes
 0001:0001F884       Classes.TReader.SkipComponent
 0001:0001F83C       Classes.TReader.SkipProperty
 0001:0001F590       Classes.TReader.SkipSetBody
 0001:0001F68C       Classes.TReader.SkipValue
 0001:000185F8       Classes.TRegGroup.AddClass
 0001:00018604       Classes.TRegGroup.BestClass
 0001:00018664       Classes.TRegGroup.BestGroup
 0001:000186D4       Classes.TRegGroup.Create
 0001:00018730       Classes.TRegGroup.Destroy
 0001:00018770       Classes.TRegGroup.GetClass
 0001:000187D8       Classes.TRegGroup.InGroup
 0001:0001881C       Classes.TRegGroup.RegisterClass
 0001:000188DC       Classes.TRegGroup.Registered
 0001:00018920       Classes.TRegGroup.UnregisterModuleClasses
 0001:000189CC       Classes.TRegGroups.Activate
 0001:00018A18       Classes.TRegGroups.Create
 0001:00018A8C       Classes.TRegGroups.Destroy
 0001:00018AEC       Classes.TRegGroups.FindGroup
 0001:00018B30       Classes.TRegGroups.GetClass
 0001:00018C04       Classes.TRegGroups.GroupWith
 0001:00018CD0       Classes.TRegGroups.Lock
 0001:00018CDC       Classes.TRegGroups.RegisterClass
 0001:00018CF4       Classes.TRegGroups.Registered
 0001:00018D38       Classes.TRegGroups.StartGroup
 0001:00018D88       Classes.TRegGroups.Unlock
 0001:00018D94       Classes.TRegGroups.UnregisterModuleClasses
 0001:0001CB98       Classes.TResourceStream.Create
 0001:0001CCFC       Classes.TResourceStream.Destroy
 0001:0001CC90       Classes.TResourceStream.Initialize
 0001:0001CD2C       Classes.TResourceStream.Write
 0001:0001C4C0       Classes.TStream.CopyFrom
 0001:0001C224       Classes.TStream.GetPosition
 0001:0001C258       Classes.TStream.GetSize
 0001:0001C450       Classes.TStream.ReadBuffer
 0001:0001C5B4       Classes.TStream.ReadComponent
 0001:0001C35C       Classes.TStream.Seek
 0001:0001C3E0       Classes.TStream.Seek
 0001:0001C244       Classes.TStream.SetPosition
 0001:0001C2BC       Classes.TStream.SetSize
 0001:0001C2A4       Classes.TStream.SetSize
 0001:0001C2A8       Classes.TStream.SetSize64
 0001:0001C488       Classes.TStream.WriteBuffer
 0001:0001C614       Classes.TStream.WriteComponent
 0001:0001C61C       Classes.TStream.WriteDescendent
 0001:00023D34       Classes.TStreamAdapter.Clone
 0001:00023C88       Classes.TStreamAdapter.Commit
 0001:00023A80       Classes.TStreamAdapter.CopyTo
 0001:00023844       Classes.TStreamAdapter.Create
 0001:00023890       Classes.TStreamAdapter.Destroy
 0001:00023CA0       Classes.TStreamAdapter.LockRegion
 0001:000238C8       Classes.TStreamAdapter.Read
 0001:00023C94       Classes.TStreamAdapter.Revert
 0001:00023998       Classes.TStreamAdapter.Seek
 0001:00023A1C       Classes.TStreamAdapter.SetSize
 0001:00023CB8       Classes.TStreamAdapter.Stat
 0001:00023CAC       Classes.TStreamAdapter.UnlockRegion
 0001:00023930       Classes.TStreamAdapter.Write
 0001:0001BBA4       Classes.TStringList.Add
 0001:0001BBB4       Classes.TStringList.AddObject
 0001:0001BC18       Classes.TStringList.Changed
 0001:0001BC34       Classes.TStringList.Changing
 0001:0001BC50       Classes.TStringList.Clear
 0001:0001C1A0       Classes.TStringList.CompareStrings
 0001:0001C168       Classes.TStringList.CustomSort
 0001:0001BC90       Classes.TStringList.Delete
 0001:0001BB48       Classes.TStringList.Destroy
 0001:0001BCFC       Classes.TStringList.Exchange
 0001:0001BD58       Classes.TStringList.ExchangeItems
 0001:0001BD7C       Classes.TStringList.Find
 0001:0001BE00       Classes.TStringList.Get
 0001:0001BE34       Classes.TStringList.GetCapacity
 0001:0001BE38       Classes.TStringList.GetCount
 0001:0001BE3C       Classes.TStringList.GetObject
 0001:0001BE64       Classes.TStringList.Grow
 0001:0001BE98       Classes.TStringList.IndexOf
 0001:0001BED4       Classes.TStringList.Insert
 0001:0001BF38       Classes.TStringList.InsertItem
 0001:0001BEE4       Classes.TStringList.InsertObject
 0001:0001BFB4       Classes.TStringList.Put
 0001:0001C010       Classes.TStringList.PutObject
 0001:0001C050       Classes.TStringList.QuickSort
 0001:0001C0E4       Classes.TStringList.SetCapacity
 0001:0001C100       Classes.TStringList.SetSorted
 0001:0001C120       Classes.TStringList.SetUpdateState
 0001:0001C158       Classes.TStringList.Sort
 0001:0001AC64       Classes.TStrings.Add
 0001:0001AC88       Classes.TStrings.AddObject
 0001:0001ACAC       Classes.TStrings.AddStrings
 0001:0001AD64       Classes.TStrings.Assign
 0001:0001AE1C       Classes.TStrings.BeginUpdate
 0001:0001BAD0       Classes.TStrings.CompareStrings
 0001:0001AE8C       Classes.TStrings.DefineProperties
 0001:0001AC34       Classes.TStrings.Destroy
 0001:0001AED8       Classes.TStrings.EndUpdate
 0001:0001AEEC       Classes.TStrings.Equals
 0001:0001AF98       Classes.TStrings.Error
 0001:0001AFD0       Classes.TStrings.Error
 0001:0001B028       Classes.TStrings.Exchange
 0001:0001B114       Classes.TStrings.GetCapacity
 0001:0001BA70       Classes.TStrings.GetLineBreak
 0001:0001BB14       Classes.TStrings.GetNameValueSeparator
 0001:0001B11C       Classes.TStrings.GetObject
 0001:0001B120       Classes.TStrings.GetText
 0001:0001B174       Classes.TStrings.GetTextStr
 0001:0001B2AC       Classes.TStrings.IndexOf
 0001:0001B338       Classes.TStrings.IndexOfName
 0001:0001B40C       Classes.TStrings.IndexOfObject
 0001:0001B440       Classes.TStrings.InsertObject
 0001:0001B470       Classes.TStrings.LoadFromFile
 0001:0001B4C4       Classes.TStrings.LoadFromStream
 0001:0001B570       Classes.TStrings.Move
 0001:0001B620       Classes.TStrings.Put
 0001:0001B650       Classes.TStrings.PutObject
 0001:0001B654       Classes.TStrings.ReadData
 0001:0001B704       Classes.TStrings.SaveToFile
 0001:0001B75C       Classes.TStrings.SaveToStream
 0001:0001B7BC       Classes.TStrings.SetCapacity
 0001:0001BAA4       Classes.TStrings.SetLineBreak
 0001:0001BB2C       Classes.TStrings.SetNameValueSeparator
 0001:0001B7C0       Classes.TStrings.SetStringsAdapter
 0001:0001B7F4       Classes.TStrings.SetText
 0001:0001B844       Classes.TStrings.SetTextStr
 0001:0001B9E8       Classes.TStrings.SetUpdateState
 0001:0001B9EC       Classes.TStrings.WriteData
 0001:000228DC       Classes.TThread.AfterConstruction
 0001:0002297C       Classes.TThread.CallOnTerminate
 0001:00022964       Classes.TThread.CheckThreadError
 0001:000228E8       Classes.TThread.CheckThreadError
 0001:00022798       Classes.TThread.Create
 0001:00022868       Classes.TThread.Destroy
 0001:00022990       Classes.TThread.DoTerminate
 0001:000229D0       Classes.TThread.RemoveQueuedEvents
 0001:00022C54       Classes.TThread.Resume
 0001:000229A4       Classes.TThread.SetPriority
 0001:00022C2C       Classes.TThread.Synchronize
 0001:00022A90       Classes.TThread.Synchronize
 0001:00022C7C       Classes.TThread.Terminate
 0001:00022C84       Classes.TThread.WaitFor
 0001:00019E80       Classes.TThreadList.Add
 0001:00019DB0       Classes.TThreadList.Create
 0001:00019E04       Classes.TThreadList.Destroy
 0001:00019F08       Classes.TThreadList.LockList
 0001:00019F1C       Classes.TThreadList.Remove
 0001:00019F6C       Classes.TThreadList.UnlockList
 0001:0001FEF4       Classes.TWriter.AddAncestor
 0001:0001FF28       Classes.TWriter.DefineBinaryProperty
 0001:0001FF00       Classes.TWriter.DefineProperty
 0001:0001FEC8       Classes.TWriter.Destroy
 0001:0001FF64       Classes.TWriter.FindMethodName
 0001:0001FFC0       Classes.TWriter.FlushBuffer
 0001:000223C8       Classes.TWriter.GetLookupInfo
 0001:0001FF54       Classes.TWriter.GetPosition
 0001:0001FFC8       Classes.TWriter.SetPosition
 0001:00020004       Classes.TWriter.SetRoot
 0001:0002001C       Classes.TWriter.Write
 0001:00020068       Classes.TWriter.WriteBinary
 0001:00020108       Classes.TWriter.WriteBoolean
 0001:000200F0       Classes.TWriter.WriteBuffer
 0001:0002011C       Classes.TWriter.WriteChar
 0001:000201BC       Classes.TWriter.WriteCollection
 0001:000202AC       Classes.TWriter.WriteComponent
 0001:00020878       Classes.TWriter.WriteCurrency
 0001:00020400       Classes.TWriter.WriteData
 0001:0002089C       Classes.TWriter.WriteDate
 0001:00020808       Classes.TWriter.WriteDescendent
 0001:00020830       Classes.TWriter.WriteFloat
 0001:000208C0       Classes.TWriter.WriteIdent
 0001:000209F8       Classes.TWriter.WriteInteger
 0001:00020984       Classes.TWriter.WriteInteger
 0001:00020A50       Classes.TWriter.WriteListBegin
 0001:00020A58       Classes.TWriter.WriteListEnd
 0001:000221FC       Classes.TWriter.WriteMinStr
 0001:00020A60       Classes.TWriter.WritePrefix
 0001:00020AA8       Classes.TWriter.WriteProperties
 0001:00021BF8       Classes.TWriter.WriteProperty
 0001:0002214C       Classes.TWriter.WritePropName
 0001:000221A0       Classes.TWriter.WriteSignature
 0001:00020854       Classes.TWriter.WriteSingle
 0001:000221B0       Classes.TWriter.WriteStr
 0001:000222A8       Classes.TWriter.WriteString
 0001:000223B4       Classes.TWriter.WriteValue
 0001:00021D50       Classes.TWriter.WriteVariant
 0001:0002016C       Classes.TWriter.WriteWideChar
 0001:000222FC       Classes.TWriter.WriteWideString
 0001:000194E4       Classes.UnregisterFindGlobalComponentProc
 0001:00019124       Classes.UnRegisterModuleClasses
 0003:00000C48       Classes.UtilWindowClass
 0001:000224D8       Classes.WaitForSyncEvent
 0003:00000B90       Classes.WakeMainThread
 0001:00019838       Classes.WriteCollection
 0001:0002145C       Classes.WriteCollectionProp
 0001:000215F8       Classes.WriteFloatProp
 0001:00021638       Classes.WriteInt64Prop
 0001:00021A28       Classes.WriteInterfaceProp
 0001:000213F0       Classes.WriteIntProp
 0001:00021B04       Classes.WriteMethodProp
 0001:00021814       Classes.WriteObjectProp
 0001:00021500       Classes.WriteOrdProp
 0001:00021308       Classes.WritePropPath
 0001:0002135C       Classes.WriteSet
 0001:00021674       Classes.WriteStrProp
 0001:00021B94       Classes.WriteVariantProp
 0004:00004BF0       Clipbrd..2
 0001:00042EF8       Clipbrd..TClipboard
 0004:00004BEE       Clipbrd.CF_COMPONENT
 0004:00004BEC       Clipbrd.CF_PICTURE
 0001:00043458       Clipbrd.Clipboard
 0002:000004F8       Clipbrd.Clipbrd
 0004:00004BF4       Clipbrd.FClipboard
 0001:00043508       Clipbrd.Finalization
 0001:00042FD4       Clipbrd.TClipboard.Adding
 0001:0004340C       Clipbrd.TClipboard.Assign
 0001:00043388       Clipbrd.TClipboard.AssignGraphic
 0001:00043304       Clipbrd.TClipboard.AssignPicture
 0001:0004329C       Clipbrd.TClipboard.AssignTo
 0001:000431D0       Clipbrd.TClipboard.AssignToBitmap
 0001:00043238       Clipbrd.TClipboard.AssignToMetafile
 0001:00043118       Clipbrd.TClipboard.AssignToPicture
 0001:00042F90       Clipbrd.TClipboard.Clear
 0001:00042FF0       Clipbrd.TClipboard.Close
 0001:000434D4       Clipbrd.TClipboard.Destroy
 0001:00043098       Clipbrd.TClipboard.GetAsText
 0001:00043478       Clipbrd.TClipboard.MainWndProc
 0001:0004301C       Clipbrd.TClipboard.Open
 0001:00043078       Clipbrd.TClipboard.WndProc
 0004:00004D54       ComCtrls..76
 0001:0007BB50       ComCtrls..TComboBoxExActionLink
 0001:0008505C       ComCtrls..TComboBoxExEnumerator
 0001:0007B844       ComCtrls..TComboBoxExStrings
 0001:0007B65C       ComCtrls..TComboExItem
 0001:0007B790       ComCtrls..TComboExItems
 0001:00078F5C       ComCtrls..TConversion
 0001:0007B95C       ComCtrls..TCustomComboBoxEx
 0001:0007A2A4       ComCtrls..TCustomListView
 0001:00077C84       ComCtrls..TCustomTabControl
 0001:00079528       ComCtrls..TIconOptions
 0001:00078FFC       ComCtrls..TListColumn
 0001:000791C0       ComCtrls..TListColumns
 0001:00079274       ComCtrls..TListItem
 0001:0007930C       ComCtrls..TListItems
 0001:0007A518       ComCtrls..TListView
 0001:0007B54C       ComCtrls..TListViewActionLink
 0001:000784A0       ComCtrls..TPageControl
 0001:0007EE34       ComCtrls..TSubItems
 0001:00077E40       ComCtrls..TTabSheet
 0001:0007BD18       ComCtrls..TTabStrings
 0001:00079398       ComCtrls..TWorkArea
 0001:00079444       ComCtrls..TWorkAreas
 0003:00001BA4       ComCtrls.AlignStyles
 0003:00001C0C       ComCtrls.Arrangements
 0003:00001C14       ComCtrls.AutoArrange
 0003:00001BEC       ComCtrls.BorderStyles
 0001:0007BCA8       ComCtrls.CheckCommonControl
 0003:00001BD8       ComCtrls.Codes
 0003:00001C68       ComCtrls.Codes
 0004:00004D64       ComCtrls.CoInitExProcLoaded
 0004:00004D60       ComCtrls.CoInitializeExProc
 0003:00001C3C       ComCtrls.ColumnClicks
 0003:00001C98       ComCtrls.ComboBoxExStyles
 0003:00001CA4       ComCtrls.ComboExStyles
 0002:00000768       ComCtrls.ComCtrls
 0001:000820F8       ComCtrls.ConvertFlags
 0001:00081F60       ComCtrls.ConvertMask
 0001:0008211C       ComCtrls.ConvertStates
 0001:000805A8       ComCtrls.DefaultListViewSort
 0003:00001C54       ComCtrls.Directions
 0001:000812B4       ComCtrls.DoBufferedPaint
 0001:00081064       ComCtrls.DoBufferedPaint
 0003:00001BF4       ComCtrls.EditStyles
 0001:00086368       ComCtrls.Finalization
 0004:00004D5C       ComCtrls.FRichEditModule
 0001:000801E8       ComCtrls.GetByteLength
 0003:00001C04       ComCtrls.HideSelections
 0003:00001C80       ComCtrls.IAlignment
 0001:0007BC7C       ComCtrls.InitCommonControl
 0003:00001BE8       ComCtrls.ListItemStreamVersion
 0003:00001BFC       ComCtrls.MultiSelections
 0001:00080A30       ComCtrls.ReadCols
 0003:00001BD0       ComCtrls.RRStyles
 0003:00001B74       ComCtrls.RTFConversionFormat
 0003:00001B94       ComCtrls.RTL
 0003:00001B9C       ComCtrls.RTL
 0003:00001B8C       ComCtrls.RTL
 0001:0007BCD0       ComCtrls.SetComCtlStyle
 0004:00004D58       ComCtrls.ShellModule
 0003:00001C34       ComCtrls.ShowColumns
 0001:0007BE18       ComCtrls.TabControlError
 0003:00001BC4       ComCtrls.TabStyles
 0001:0008616C       ComCtrls.TComboBoxExActionLink.AddItem
 0001:000860FC       ComCtrls.TComboBoxExActionLink.AddItem
 0001:000861A0       ComCtrls.TComboBoxExEnumerator.Clone
 0001:000861E4       ComCtrls.TComboBoxExEnumerator.Create
 0001:00086220       ComCtrls.TComboBoxExEnumerator.GetCount
 0001:0008622C       ComCtrls.TComboBoxExEnumerator.GetString
 0001:00086250       ComCtrls.TComboBoxExEnumerator.Next
 0001:00086328       ComCtrls.TComboBoxExEnumerator.Reset
 0001:0008633C       ComCtrls.TComboBoxExEnumerator.Skip
 0001:00085BD4       ComCtrls.TComboBoxExStrings.Add
 0001:00085BF8       ComCtrls.TComboBoxExStrings.AddObject
 0001:00085C28       ComCtrls.TComboBoxExStrings.Clear
 0001:00085C90       ComCtrls.TComboBoxExStrings.Create
 0001:00085D1C       ComCtrls.TComboBoxExStrings.Delete
 0001:00085CEC       ComCtrls.TComboBoxExStrings.Destroy
 0001:00085D28       ComCtrls.TComboBoxExStrings.Exchange
 0001:00085E74       ComCtrls.TComboBoxExStrings.Get
 0001:00085E98       ComCtrls.TComboBoxExStrings.GetCapacity
 0001:00085EA4       ComCtrls.TComboBoxExStrings.GetCount
 0001:00086010       ComCtrls.TComboBoxExStrings.GetItemClass
 0001:00086008       ComCtrls.TComboBoxExStrings.GetItemsClass
 0001:00085EB0       ComCtrls.TComboBoxExStrings.GetObject
 0001:00085EC8       ComCtrls.TComboBoxExStrings.IndexOf
 0001:00085F6C       ComCtrls.TComboBoxExStrings.IndexOfName
 0001:00085F74       ComCtrls.TComboBoxExStrings.Insert
 0001:00085F88       ComCtrls.TComboBoxExStrings.Move
 0001:00085FA8       ComCtrls.TComboBoxExStrings.PutObject
 0001:00085FC8       ComCtrls.TComboBoxExStrings.SetUpdateState
 0001:00084C60       ComCtrls.TComboExItem.Assign
 0001:00084CB4       ComCtrls.TComboExItem.SetCaption
 0001:00084CE8       ComCtrls.TComboExItem.SetData
 0001:00084D1C       ComCtrls.TComboExItem.SetDisplayName
 0001:00084D3C       ComCtrls.TComboExItem.SetImageIndex
 0001:00084D6C       ComCtrls.TComboExItem.SetIndex
 0001:00084D88       ComCtrls.TComboExItem.SetOverlayImageIndex
 0001:00084DA4       ComCtrls.TComboExItem.SetSelectedImageIndex
 0001:00084DC0       ComCtrls.TComboExItems.Add
 0001:00084DCC       ComCtrls.TComboExItems.AddItem
 0001:00084E34       ComCtrls.TComboExItems.GetComboItem
 0001:00084E48       ComCtrls.TComboExItems.Insert
 0001:00084E80       ComCtrls.TComboExItems.Notify
 0001:00084EF0       ComCtrls.TComboExItems.SetItem
 0001:0007E504       ComCtrls.TConversion.ConvertReadStream
 0001:0007E518       ComCtrls.TConversion.ConvertWriteStream
 0001:00085948       ComCtrls.TCustomComboBoxEx.ActionChange
 0001:0008548C       ComCtrls.TCustomComboBoxEx.CMColorChanged
 0001:00085460       ComCtrls.TCustomComboBoxEx.CMParentColorChanged
 0001:00085260       ComCtrls.TCustomComboBoxEx.CNNotify
 0001:00085564       ComCtrls.TCustomComboBoxEx.ComboExWndProc
 0001:000850C0       ComCtrls.TCustomComboBoxEx.Create
 0001:000852B0       ComCtrls.TCustomComboBoxEx.CreateParams
 0001:00085584       ComCtrls.TCustomComboBoxEx.CreateWnd
 0001:000851E8       ComCtrls.TCustomComboBoxEx.Destroy
 0001:000859F4       ComCtrls.TCustomComboBoxEx.DestroyWnd
 0001:00085A58       ComCtrls.TCustomComboBoxEx.Focused
 0001:000858E0       ComCtrls.TCustomComboBoxEx.GetActionLinkClass
 0001:000858CC       ComCtrls.TCustomComboBoxEx.GetItemCount
 0001:000859EC       ComCtrls.TCustomComboBoxEx.GetItemHt
 0001:000858D8       ComCtrls.TCustomComboBoxEx.GetItemsClass
 0001:000853BC       ComCtrls.TCustomComboBoxEx.ImageListChange
 0001:00085430       ComCtrls.TCustomComboBoxEx.Notification
 0001:000859AC       ComCtrls.TCustomComboBoxEx.SetDropDownCount
 0001:00085328       ComCtrls.TCustomComboBoxEx.SetImages
 0001:000858E8       ComCtrls.TCustomComboBoxEx.SetStyleEx
 0001:00085A94       ComCtrls.TCustomComboBoxEx.UpdateAutoComplete
 0001:00085BB4       ComCtrls.TCustomComboBoxEx.WMHelp
 0001:000854EC       ComCtrls.TCustomComboBoxEx.WMLButtonDown
 0001:000853E8       ComCtrls.TCustomComboBoxEx.WndProc
 0001:00084B98       ComCtrls.TCustomListView.ActionChange
 0001:00083070       ComCtrls.TCustomListView.AddItem
 0001:000835C4       ComCtrls.TCustomListView.AlphaSort
 0001:000847C4       ComCtrls.TCustomListView.AreItemsStored
 0001:00083B04       ComCtrls.TCustomListView.Arrange
 0001:000830D8       ComCtrls.TCustomListView.CanChange
 0001:00083190       ComCtrls.TCustomListView.CanEdit
 0001:00084154       ComCtrls.TCustomListView.CanvasChanged
 0001:00083120       ComCtrls.TCustomListView.Change
 0001:00082F8C       ComCtrls.TCustomListView.ChangeScale
 0001:00084B38       ComCtrls.TCustomListView.Clear
 0001:00084998       ComCtrls.TCustomListView.ClearSelection
 0001:00081A08       ComCtrls.TCustomListView.CMColorChanged
 0001:00081A2C       ComCtrls.TCustomListView.CMCtl3DChanged
 0001:000833E4       ComCtrls.TCustomListView.CMDrag
 0001:00081CAC       ComCtrls.TCustomListView.CMFontChanged
 0001:00084610       ComCtrls.TCustomListView.CMHintShow
 0001:00084024       ComCtrls.TCustomListView.CNDrawItem
 0001:00082168       ComCtrls.TCustomListView.CNNotify
 0001:00083000       ComCtrls.TCustomListView.ColClick
 0001:00083020       ComCtrls.TCustomListView.ColRightClick
 0001:00081C94       ComCtrls.TCustomListView.ColumnsShowing
 0001:000849D4       ComCtrls.TCustomListView.CopySelection
 0001:00080614       ComCtrls.TCustomListView.Create
 0001:00081F14       ComCtrls.TCustomListView.CreateListItem
 0001:00081F50       ComCtrls.TCustomListView.CreateListItems
 0001:00080910       ComCtrls.TCustomListView.CreateParams
 0001:00080AE4       ComCtrls.TCustomListView.CreateWnd
 0001:00084270       ComCtrls.TCustomListView.CustomDraw
 0001:000842C8       ComCtrls.TCustomListView.CustomDrawItem
 0001:0008433C       ComCtrls.TCustomListView.CustomDrawSubItem
 0001:00083158       ComCtrls.TCustomListView.Delete
 0001:00084A48       ComCtrls.TCustomListView.DeleteSelected
 0001:00080810       ComCtrls.TCustomListView.Destroy
 0001:00080D58       ComCtrls.TCustomListView.DestroyWnd
 0001:00083E5C       ComCtrls.TCustomListView.DoAutoSize
 0001:0008351C       ComCtrls.TCustomListView.DoDragOver
 0001:000833B8       ComCtrls.TCustomListView.DoEndDrag
 0001:00084738       ComCtrls.TCustomListView.DoInfoTip
 0001:000832D8       ComCtrls.TCustomListView.DoStartDrag
 0001:000843B4       ComCtrls.TCustomListView.DrawItem
 0001:00084470       ComCtrls.TCustomListView.DrawWorkAreas
 0001:000831BC       ComCtrls.TCustomListView.Edit
 0001:0008133C       ComCtrls.TCustomListView.EditWndProc
 0001:00084B90       ComCtrls.TCustomListView.GetActionLinkClass
 0001:00083840       ComCtrls.TCustomListView.GetColumnFromIndex
 0001:00084844       ComCtrls.TCustomListView.GetColumnFromTag
 0001:00084AF0       ComCtrls.TCustomListView.GetCount
 0001:0008323C       ComCtrls.TCustomListView.GetDragImages
 0001:000838CC       ComCtrls.TCustomListView.GetDropTarget
 0001:00084794       ComCtrls.TCustomListView.GetHoverTime
 0001:00083938       ComCtrls.TCustomListView.GetImageIndex
 0001:00081FAC       ComCtrls.TCustomListView.GetItem
 0001:00083A98       ComCtrls.TCustomListView.GetItemAt
 0001:00081E18       ComCtrls.TCustomListView.GetItemIndex
 0001:00083A2C       ComCtrls.TCustomListView.GetNearestItem
 0001:00083958       ComCtrls.TCustomListView.GetNextItem
 0001:000820E0       ComCtrls.TCustomListView.GetSelCount
 0001:0008384C       ComCtrls.TCustomListView.GetSelected
 0001:0008442C       ComCtrls.TCustomListView.GetSubItemImage
 0001:00083654       ComCtrls.TCustomListView.GetTopItem
 0001:00083638       ComCtrls.TCustomListView.GetViewOrigin
 0001:000810EC       ComCtrls.TCustomListView.HeaderWndProc
 0001:00080E34       ComCtrls.TCustomListView.ImageListChange
 0001:00083050       ComCtrls.TCustomListView.InsertItem
 0001:0008415C       ComCtrls.TCustomListView.IsCustomDrawn
 0001:000847FC       ComCtrls.TCustomListView.MouseUp
 0001:00080EA8       ComCtrls.TCustomListView.Notification
 0001:00081E40       ComCtrls.TCustomListView.OwnerDataFetch
 0001:00081E68       ComCtrls.TCustomListView.OwnerDataFind
 0001:00081EB4       ComCtrls.TCustomListView.OwnerDataHint
 0001:00081EDC       ComCtrls.TCustomListView.OwnerDataStateChange
 0001:0008153C       ComCtrls.TCustomListView.ResetExStyles
 0001:00081644       ComCtrls.TCustomListView.RestoreChecks
 0001:000816D0       ComCtrls.TCustomListView.SaveChecks
 0001:00084AFC       ComCtrls.TCustomListView.SelectAll
 0001:000819D0       ComCtrls.TCustomListView.SetAllocBy
 0001:000818C0       ComCtrls.TCustomListView.SetBorderStyle
 0001:00081754       ComCtrls.TCustomListView.SetCheckboxes
 0001:000818D4       ComCtrls.TCustomListView.SetColumnClick
 0001:00081944       ComCtrls.TCustomListView.SetColumnHeaders
 0001:000838F4       ComCtrls.TCustomListView.SetDropTarget
 0001:00081898       ComCtrls.TCustomListView.SetFlatScrollBars
 0001:000818AC       ComCtrls.TCustomListView.SetFullDrag
 0001:000817F4       ComCtrls.TCustomListView.SetGridLines
 0001:00081CEC       ComCtrls.TCustomListView.SetHideSelection
 0001:00081808       ComCtrls.TCustomListView.SetHotTrack
 0001:0008181C       ComCtrls.TCustomListView.SetHotTrackStyles
 0001:00084758       ComCtrls.TCustomListView.SetHoverTime
 0001:00081D14       ComCtrls.TCustomListView.SetIconOptions
 0001:00080E04       ComCtrls.TCustomListView.SetImageList
 0001:000818E8       ComCtrls.TCustomListView.SetItemIndex
 0001:000835A8       ComCtrls.TCustomListView.SetItems
 0001:00083694       ComCtrls.TCustomListView.SetLargeImages
 0001:000835B4       ComCtrls.TCustomListView.SetListColumns
 0001:00081930       ComCtrls.TCustomListView.SetMultiSelect
 0001:00081844       ComCtrls.TCustomListView.SetOwnerData
 0001:00081870       ComCtrls.TCustomListView.SetOwnerDraw
 0001:00081D00       ComCtrls.TCustomListView.SetReadOnly
 0001:00081884       ComCtrls.TCustomListView.SetRowSelect
 0001:00083864       ComCtrls.TCustomListView.SetSelected
 0001:00084600       ComCtrls.TCustomListView.SetShowWorkAreas
 0001:00083708       ComCtrls.TCustomListView.SetSmallImages
 0001:000835FC       ComCtrls.TCustomListView.SetSortType
 0001:00083784       ComCtrls.TCustomListView.SetStateImages
 0001:00081984       ComCtrls.TCustomListView.SetTextBkColor
 0001:00081958       ComCtrls.TCustomListView.SetTextColor
 0001:00081D44       ComCtrls.TCustomListView.SetViewStyle
 0001:00083B6C       ComCtrls.TCustomListView.UpdateColumn
 0001:00083B2C       ComCtrls.TCustomListView.UpdateColumns
 0001:0008151C       ComCtrls.TCustomListView.UpdateItems
 0001:00081CA0       ComCtrls.TCustomListView.ValidHeaderHandle
 0001:00084880       ComCtrls.TCustomListView.WMContextMenu
 0001:00084908       ComCtrls.TCustomListView.WMCtlColorEdit
 0001:00083CD8       ComCtrls.TCustomListView.WMLButtonDown
 0001:00081A50       ComCtrls.TCustomListView.WMNotify
 0001:000845D8       ComCtrls.TCustomListView.WMPaint
 0001:00081DC8       ComCtrls.TCustomListView.WMParentNotify
 0001:00084BFC       ComCtrls.TCustomListView.WMVScroll
 0001:00083FF0       ComCtrls.TCustomListView.WMWindowPosChanged
 0001:00083258       ComCtrls.TCustomListView.WndProc
 0001:0007D09C       ComCtrls.TCustomTabControl.AdjustClientRect
 0001:0007C4AC       ComCtrls.TCustomTabControl.CanChange
 0001:0007C4D8       ComCtrls.TCustomTabControl.CanShowTab
 0001:0007C4DC       ComCtrls.TCustomTabControl.Change
 0001:0007CFB8       ComCtrls.TCustomTabControl.CMDialogChar
 0001:0007CF18       ComCtrls.TCustomTabControl.CMFontChanged
 0001:0007CF40       ComCtrls.TCustomTabControl.CMSysColorChange
 0001:0007CF68       ComCtrls.TCustomTabControl.CMTabStopChanged
 0001:0007CD50       ComCtrls.TCustomTabControl.CNDrawItem
 0001:0007CF74       ComCtrls.TCustomTabControl.CNNotify
 0001:0007C398       ComCtrls.TCustomTabControl.Create
 0001:0007C4FC       ComCtrls.TCustomTabControl.CreateParams
 0001:0007C604       ComCtrls.TCustomTabControl.CreateWnd
 0001:0007C458       ComCtrls.TCustomTabControl.Destroy
 0001:0007C68C       ComCtrls.TCustomTabControl.DrawTab
 0001:0007C6C8       ComCtrls.TCustomTabControl.GetDisplayRect
 0001:0007C6FC       ComCtrls.TCustomTabControl.GetImageIndex
 0001:0007C724       ComCtrls.TCustomTabControl.GetTabIndex
 0001:0007D150       ComCtrls.TCustomTabControl.GetTabs
 0001:0007C810       ComCtrls.TCustomTabControl.ImageListChange
 0001:0007C830       ComCtrls.TCustomTabControl.InternalSetMultiLine
 0001:0007C740       ComCtrls.TCustomTabControl.Loaded
 0001:0007C770       ComCtrls.TCustomTabControl.Notification
 0001:0007C75C       ComCtrls.TCustomTabControl.SetHotTrack
 0001:0007C7A0       ComCtrls.TCustomTabControl.SetImages
 0001:0007C8C0       ComCtrls.TCustomTabControl.SetMultiLine
 0001:0007C8E0       ComCtrls.TCustomTabControl.SetOwnerDraw
 0001:0007C8F4       ComCtrls.TCustomTabControl.SetRaggedRight
 0001:0007C910       ComCtrls.TCustomTabControl.SetScrollOpposite
 0001:0007C930       ComCtrls.TCustomTabControl.SetStyle
 0001:0007C9C0       ComCtrls.TCustomTabControl.SetTabHeight
 0001:0007CA6C       ComCtrls.TCustomTabControl.SetTabIndex
 0001:0007CA90       ComCtrls.TCustomTabControl.SetTabPosition
 0001:0007CB28       ComCtrls.TCustomTabControl.SetTabWidth
 0001:0007CBEC       ComCtrls.TCustomTabControl.TabsChanged
 0001:0007D0CC       ComCtrls.TCustomTabControl.TCMAdjustRect
 0001:0007CC54       ComCtrls.TCustomTabControl.UpdateTabImages
 0001:0007CC2C       ComCtrls.TCustomTabControl.UpdateTabSize
 0001:0007CE44       ComCtrls.TCustomTabControl.WMDestroy
 0001:0007CED4       ComCtrls.TCustomTabControl.WMNotifyFormat
 0001:0007CEF8       ComCtrls.TCustomTabControl.WMSize
 0003:00001B80       ComCtrls.TextConversionFormat
 0001:000804F8       ComCtrls.TIconOptions.Create
 0001:0008056C       ComCtrls.TIconOptions.SetArrangement
 0001:00080580       ComCtrls.TIconOptions.SetAutoArrange
 0001:00080594       ComCtrls.TIconOptions.SetWrapText
 0001:0007EA8C       ComCtrls.TListColumn.Assign
 0001:0007E52C       ComCtrls.TListColumn.Create
[...]
   139 0001:000C46EE   140 0001:000C46F8   141 0001:000C46FD   142 0001:000C4705
   143 0001:000C4722   145 0001:000C472A   146 0001:000C472E   147 0001:000C4769
   148 0001:000C4777   153 0001:000C4795   156 0001:000C4800   157 0001:000C481C
   158 0001:000C484F

Line numbers for uRes(uRes.pas) segment .itext

   161 0002:00000B50

Line numbers for Main(Main.pas) segment .text

   100 0001:000C4E04   101 0001:000C4E07   102 0001:000C4E10   103 0001:000C4E1A
   104 0001:000C4E20   105 0001:000C4E56   106 0001:000C4E68   107 0001:000C4E7A
   108 0001:000C4E8C   109 0001:000C4E9E   110 0001:000C4EB0   111 0001:000C4EC2
   112 0001:000C4ED4   114 0001:000C4EE4   121 0001:000C4F18   122 0001:000C4F3E
   123 0001:000C4F63   125 0001:000C4F74   126 0001:000C4F9A   127 0001:000C4FC0
   128 0001:000C4FE6   129 0001:000C500C   130 0001:000C5032   133 0001:000C5058
   134 0001:000C5076   137 0001:000C5094   138 0001:000C50BA   142 0001:000C50E0
   143 0001:000C50F3   144 0001:000C50F9   145 0001:000C5111   147 0001:000C511E
   148 0001:000C5131   149 0001:000C5137   150 0001:000C514F   152 0001:000C515C
   153 0001:000C516F   154 0001:000C5175   155 0001:000C518D   157 0001:000C519A
   158 0001:000C51AD   159 0001:000C51B3   160 0001:000C51CB   162 0001:000C51D8
   163 0001:000C51EB   164 0001:000C51F1   165 0001:000C5209   167 0001:000C5216
   168 0001:000C5229   169 0001:000C522F   170 0001:000C5247   172 0001:000C5254
   173 0001:000C5267   174 0001:000C526D   175 0001:000C5285   177 0001:000C5292
   178 0001:000C52A5   179 0001:000C52AB   180 0001:000C52C3   182 0001:000C52D0
   183 0001:000C52E3   184 0001:000C52E9   185 0001:000C5301   187 0001:000C530E
   188 0001:000C5321   189 0001:000C5327   190 0001:000C533F   192 0001:000C534C
   193 0001:000C535F   194 0001:000C5365   195 0001:000C537D   197 0001:000C538A
   198 0001:000C539D   199 0001:000C53A3   200 0001:000C53BB   202 0001:000C53C8
   203 0001:000C53DB   204 0001:000C53E1   205 0001:000C53F9   207 0001:000C5406
   208 0001:000C5419   209 0001:000C541F   210 0001:000C5437   212 0001:000C5444
   213 0001:000C5457   214 0001:000C545D   215 0001:000C5475   217 0001:000C5482
   218 0001:000C5495   219 0001:000C549B   220 0001:000C54B3   224 0001:000C54C0
   225 0001:000C54D3   226 0001:000C54D9   227 0001:000C54F1   229 0001:000C54FE
   230 0001:000C5511   231 0001:000C5517   232 0001:000C552F   234 0001:000C553C
   235 0001:000C554F   236 0001:000C5555   237 0001:000C556D   239 0001:000C557A
   240 0001:000C558D   241 0001:000C5593   242 0001:000C55AB   244 0001:000C55B8
   245 0001:000C55CB   246 0001:000C55D1   247 0001:000C55E9   249 0001:000C55F6
   250 0001:000C5609   251 0001:000C560F   252 0001:000C5627   254 0001:000C5634
   255 0001:000C5647   256 0001:000C564D   257 0001:000C5665   259 0001:000C5672
   260 0001:000C5685   261 0001:000C568B   262 0001:000C56A3   264 0001:000C56B0
   265 0001:000C56C3   266 0001:000C56C9   267 0001:000C56E1   269 0001:000C56EE
   270 0001:000C5701   271 0001:000C5707   272 0001:000C571F   274 0001:000C572C
   275 0001:000C573F   276 0001:000C5745   277 0001:000C575D   279 0001:000C576A
   280 0001:000C577D   281 0001:000C5783   282 0001:000C579B   284 0001:000C57A8
   285 0001:000C57BB   286 0001:000C57C1   287 0001:000C57D9   289 0001:000C57E6
   290 0001:000C57F9   291 0001:000C57FF   292 0001:000C5817   294 0001:000C5824
   295 0001:000C5837   296 0001:000C583D   297 0001:000C5855   299 0001:000C5862
   300 0001:000C5875   301 0001:000C587B   302 0001:000C5893   304 0001:000C58A0
   305 0001:000C58B3   306 0001:000C58B9   307 0001:000C58D1   309 0001:000C58DE
   310 0001:000C58F1   311 0001:000C58F7   312 0001:000C590F   314 0001:000C591C
   315 0001:000C5942   316 0001:000C595B   318 0001:000C5973   319 0001:000C5999
   320 0001:000C59BF   321 0001:000C59E5   322 0001:000C5A03   323 0001:000C5A29
   324 0001:000C5A42   326 0001:000C5A5A   327 0001:000C5A80   328 0001:000C5A9E
   329 0001:000C5AB2   331 0001:000C5ACB   332 0001:000C5AEA   333 0001:000C5AF1
   340 0001:000C6060   341 0001:000C6069   342 0001:000C606D   343 0001:000C6084
   344 0001:000C6092   345 0001:000C60B3   346 0001:000C60CC   347 0001:000C60D2
   348 0001:000C60D7   349 0001:000C60DB   352 0001:000C60DD   344 0001:000C60DE
   354 0001:000C60EE   356 0001:000C610D   362 0001:000C6118   363 0001:000C611F
   364 0001:000C6136   365 0001:000C6144   366 0001:000C6163   367 0001:000C617C
   368 0001:000C6182   369 0001:000C6187   370 0001:000C61A0   373 0001:000C61A2
   365 0001:000C61A3   375 0001:000C61B5   377 0001:000C61D4   383 0001:000C61D8
   384 0001:000C61F6   385 0001:000C620D   386 0001:000C621B   387 0001:000C6221
   388 0001:000C6247   389 0001:000C6261   390 0001:000C6267   393 0001:000C626C
   394 0001:000C627C   397 0001:000C627E   387 0001:000C6281   400 0001:000C6291
   402 0001:000C62B0   407 0001:000C62D4   408 0001:000C630A   409 0001:000C6321
   410 0001:000C632F   411 0001:000C633F   412 0001:000C6358   413 0001:000C6361
   414 0001:000C636B   415 0001:000C6376   418 0001:000C638E   420 0001:000C63AD
   421 0001:000C63E0   422 0001:000C6400   423 0001:000C640E   424 0001:000C6421
   426 0001:000C6433   428 0001:000C6489   430 0001:000C64DC   431 0001:000C64EF
   432 0001:000C650F   433 0001:000C652C   434 0001:000C6539   437 0001:000C6559
   438 0001:000C6589   439 0001:000C65B9   440 0001:000C65E9   441 0001:000C6619
   445 0001:000C66EC   446 0001:000C66F2   447 0001:000C6709   448 0001:000C6715
   449 0001:000C6721   459 0001:000C6724   461 0001:000C6748   462 0001:000C6756
   463 0001:000C6760   464 0001:000C676E   466 0001:000C6770   467 0001:000C6797
   468 0001:000C67A8   469 0001:000C67B9   470 0001:000C67DE   471 0001:000C67E4
   472 0001:000C67ED   473 0001:000C680D   475 0001:000C6844   476 0001:000C6855
   477 0001:000C686C   479 0001:000C687C   480 0001:000C6887   481 0001:000C68AA
   486 0001:000C68E7   487 0001:000C68F8   489 0001:000C6914   490 0001:000C691F
   491 0001:000C6942   496 0001:000C697F   497 0001:000C6990   498 0001:000C69A7
   500 0001:000C69B7   501 0001:000C69C2   502 0001:000C69E5   507 0001:000C6A22
   508 0001:000C6A33   510 0001:000C6A4F   511 0001:000C6A5A   512 0001:000C6A7D
   517 0001:000C6ABA   518 0001:000C6ACB   520 0001:000C6AE7   521 0001:000C6AF2
   522 0001:000C6B15   527 0001:000C6B52   528 0001:000C6B63   530 0001:000C6B7C
   531 0001:000C6B87   532 0001:000C6BAA   540 0001:000C6BE2   541 0001:000C6BF0
   465 0001:000C6BF1   545 0001:000C6C05   548 0001:000C6C21   550 0001:000C6C33
   551 0001:000C6C3E   552 0001:000C6C4C   553 0001:000C6C62   554 0001:000C6CC0
   552 0001:000C6CC1   555 0001:000C6CC4   557 0001:000C6CDD   559 0001:000C6CF0
   560 0001:000C6D1F   571 0001:000C6DC4   572 0001:000C6DEA   573 0001:000C6DF1
   574 0001:000C6E02   575 0001:000C6E10   576 0001:000C6E21   577 0001:000C6E2F
   578 0001:000C6E3B   579 0001:000C6E3F   580 0001:000C6E46   581 0001:000C6E48
   582 0001:000C6E4C   586 0001:000C6EB2   588 0001:000C6EBF   595 0001:000C6EF8
   596 0001:000C6F1E   597 0001:000C6F22   598 0001:000C6F35   599 0001:000C6F49
   600 0001:000C6F64   601 0001:000C6F67   602 0001:000C6F71   603 0001:000C6F75
   605 0001:000C6F77   598 0001:000C6F78   606 0001:000C6F7D   607 0001:000C6F81
   612 0001:000C6FB0   613 0001:000C6FCD   614 0001:000C6FDD   616 0001:000C6FEF
   618 0001:000C6FFE   619 0001:000C7008   620 0001:000C7015   621 0001:000C703A
   622 0001:000C7041   624 0001:000C7043   625 0001:000C7049   626 0001:000C7051
   627 0001:000C705E   628 0001:000C706D   629 0001:000C7077   633 0001:000C70E4
   634 0001:000C70E7   635 0001:000C70F0   636 0001:000C70FA   637 0001:000C7102
   642 0001:000C7120   643 0001:000C7123   644 0001:000C712A   645 0001:000C7131
   646 0001:000C713B   647 0001:000C7144   653 0001:000C7148   660 0001:000C715E
   661 0001:000C7177   664 0001:000C7198   665 0001:000C719E   666 0001:000C71B0
   667 0001:000C71C6   670 0001:000C71CC   671 0001:000C71D2   672 0001:000C71E4
   673 0001:000C71FA   676 0001:000C7200   677 0001:000C7206   678 0001:000C7213
   679 0001:000C721D   680 0001:000C7226   681 0001:000C722F   682 0001:000C7238
   683 0001:000C7241   684 0001:000C7254   685 0001:000C7267   686 0001:000C7274
   687 0001:000C727B   688 0001:000C7282   689 0001:000C728C   690 0001:000C729A
   693 0001:000C72F0   694 0001:000C72F6   695 0001:000C7300   696 0001:000C7308
   697 0001:000C7315   698 0001:000C731C   699 0001:000C7326   706 0001:000C735C
   735 0001:000C7374   736 0001:000C7393   737 0001:000C739A   738 0001:000C73B9
   739 0001:000C73C7   740 0001:000C73CE   747 0001:000C7414   748 0001:000C743C
   749 0001:000C7440   750 0001:000C7450   751 0001:000C7464   753 0001:000C7472
   756 0001:000C74C4   759 0001:000C74D4   763 0001:000C7508   764 0001:000C753C
   765 0001:000C753E   766 0001:000C7549   767 0001:000C7570   770 0001:000C758C
   783 0001:000C75C8   784 0001:000C75FE   785 0001:000C7605   786 0001:000C760F
   788 0001:000C761D   789 0001:000C762B   790 0001:000C763F   792 0001:000C764A
   793 0001:000C7679   794 0001:000C76A8   795 0001:000C76D7   796 0001:000C7706
   797 0001:000C7735   798 0001:000C7764   799 0001:000C7793   800 0001:000C77C2
   801 0001:000C77F1   802 0001:000C7820   803 0001:000C784F   804 0001:000C787E
   805 0001:000C78AD   806 0001:000C78BA   807 0001:000C78CB   808 0001:000C78DB
   809 0001:000C78EA   810 0001:000C78F9   812 0001:000C7909   814 0001:000C7916
   815 0001:000C7934   816 0001:000C793B   820 0001:000C79B3   821 0001:000C79BD
   822 0001:000C79C4   823 0001:000C79CE   824 0001:000C7A06   825 0001:000C7A1B
   826 0001:000C7A30   827 0001:000C7A45   828 0001:000C7A57   829 0001:000C7A69
   830 0001:000C7A7B   831 0001:000C7A8D   832 0001:000C7A9F   833 0001:000C7AB1
   834 0001:000C7AC3   836 0001:000C7AD3   838 0001:000C7AE8   839 0001:000C7B20
   840 0001:000C7B35   841 0001:000C7B4A   842 0001:000C7B5F   843 0001:000C7B71
   844 0001:000C7B83   845 0001:000C7B95   846 0001:000C7BA7   847 0001:000C7BB9
   848 0001:000C7BCB   849 0001:000C7BDD   851 0001:000C7BED   853 0001:000C7BFD
   854 0001:000C7C04   855 0001:000C7C34   856 0001:000C7C3B   857 0001:000C7C4B
   858 0001:000C7C5B   859 0001:000C7C72   860 0001:000C7C79   861 0001:000C7CF5
   862 0001:000C7CFC   863 0001:000C7D24   864 0001:000C7D2B   865 0001:000C7D3A
   866 0001:000C7D49   867 0001:000C7D5B   868 0001:000C7D6D   869 0001:000C7D7B
   870 0001:000C7D82   871 0001:000C7DA5   872 0001:000C7DB4   873 0001:000C7DBC
   874 0001:000C7DC8   884 0001:000C7DCF   885 0001:000C7DDD   886 0001:000C7DE4
   887 0001:000C7DFB   889 0001:000C7E0E   891 0001:000C7E20   892 0001:000C7E27
   893 0001:000C7E4D   894 0001:000C7E54   895 0001:000C7E81   896 0001:000C7EAE
   897 0001:000C7EC4   898 0001:000C7ECB   899 0001:000C7EF8   900 0001:000C7F25
   901 0001:000C7F52   902 0001:000C7F78   903 0001:000C7F8B   904 0001:000C7F92
   905 0001:000C7FA1   906 0001:000C7FAF   907 0001:000C7FF9   908 0001:000C8010
   909 0001:000C8018   910 0001:000C801F   911 0001:000C8030   912 0001:000C8037
   913 0001:000C804E   914 0001:000C8063   916 0001:000C807A   932 0001:000C808A
   934 0001:000C809E   935 0001:000C80B1   936 0001:000C80B8   937 0001:000C80C7
   938 0001:000C80D5   939 0001:000C811F   940 0001:000C8136   941 0001:000C813D
   942 0001:000C8145   943 0001:000C8156   944 0001:000C815D   945 0001:000C8174
   946 0001:000C8189   948 0001:000C81A0   964 0001:000C81B0   966 0001:000C81C4
   967 0001:000C81D7   968 0001:000C81E9   969 0001:000C81F7   970 0001:000C8244
   971 0001:000C825E   972 0001:000C8269   973 0001:000C827A   974 0001:000C8297
   975 0001:000C82AF   977 0001:000C82C6   993 0001:000C82D9   995 0001:000C82ED
   996 0001:000C8300   997 0001:000C8312   998 0001:000C8320   999 0001:000C832E
  1001 0001:000C833E  1002 0001:000C8349  1003 0001:000C835A  1004 0001:000C8377
  1007 0001:000C839A  1023 0001:000C83AD  1025 0001:000C83C1  1026 0001:000C83C8
  1028 0001:000C8408  1030 0001:000C8418  1031 0001:000C842A  1032 0001:000C8431
  1033 0001:000C843E  1034 0001:000C844D  1035 0001:000C8463  1036 0001:000C8472
  1037 0001:000C8484  1038 0001:000C848F  1039 0001:000C84A0  1041 0001:000C84B5
  1042 0001:000C84C6  1043 0001:000C84D6  1048 0001:000C84EC  1049 0001:000C8535
  1050 0001:000C8586  1052 0001:000C8592  1053 0001:000C85CA  1055 0001:000C85D6
  1058 0001:000C85E2  1065 0001:000C85F9  1066 0001:000C8604  1067 0001:000C860C
  1068 0001:000C8614  1070 0001:000C8627  1071 0001:000C8633  1072 0001:000C863F
  1073 0001:000C864B  1074 0001:000C8657  1075 0001:000C8661  1076 0001:000C8668
  1077 0001:000C8675  1078 0001:000C867C  1079 0001:000C8686  1082 0001:000C8709
  1088 0001:000C8789  1091 0001:000C87EC  1093 0001:000C8808  1095 0001:000C8859
  1096 0001:000C8899  1099 0001:000C88E6  1107 0001:000C8A9C  1108 0001:000C8AD1
  1109 0001:000C8AD5  1110 0001:000C8AE3  1111 0001:000C8AE6  1112 0001:000C8AF1
  1113 0001:000C8B14  1114 0001:000C8B37  1115 0001:000C8B4F  1116 0001:000C8B53
  1117 0001:000C8B7B  1118 0001:000C8B7F  1119 0001:000C8BE0  1120 0001:000C8BEA
  1121 0001:000C8BEE  1122 0001:000C8BF6  1124 0001:000C8C2E  1125 0001:000C8C32
  1126 0001:000C8C73  1127 0001:000C8C77  1128 0001:000C8CB4  1129 0001:000C8CB8
  1130 0001:000C8CF3  1131 0001:000C8CFD  1134 0001:000C8D07  1135 0001:000C8D0B
  1136 0001:000C8D52  1137 0001:000C8D56  1138 0001:000C8D93  1139 0001:000C8D97
  1140 0001:000C8DD2  1141 0001:000C8DDC  1144 0001:000C8DE6  1145 0001:000C8DEA
  1146 0001:000C8E31  1147 0001:000C8E35  1148 0001:000C8E72  1149 0001:000C8E76
  1150 0001:000C8EB1  1151 0001:000C8EBB  1154 0001:000C8EC5  1155 0001:000C8EC9
  1156 0001:000C8F10  1157 0001:000C8F14  1158 0001:000C8F51  1159 0001:000C8F55
  1160 0001:000C8F90  1161 0001:000C8F9A  1164 0001:000C8FA4  1165 0001:000C8FA8
  1166 0001:000C8FEF  1167 0001:000C8FF3  1168 0001:000C9030  1169 0001:000C9034
  1170 0001:000C906F  1171 0001:000C9079  1174 0001:000C9083  1175 0001:000C9087
  1176 0001:000C90CE  1177 0001:000C90D2  1178 0001:000C910F  1179 0001:000C9113
  1180 0001:000C914E  1181 0001:000C9158  1184 0001:000C9162  1185 0001:000C9166
  1186 0001:000C91AD  1187 0001:000C91B1  1188 0001:000C91EE  1189 0001:000C91F2
  1190 0001:000C922D  1191 0001:000C9237  1194 0001:000C9241  1195 0001:000C9245
  1196 0001:000C928C  1197 0001:000C9290  1198 0001:000C92CD  1199 0001:000C92D1
  1200 0001:000C930C  1201 0001:000C9316  1204 0001:000C9320  1205 0001:000C9324
  1206 0001:000C936B  1207 0001:000C936F  1208 0001:000C93AC  1209 0001:000C93B0
  1210 0001:000C93EB  1211 0001:000C93F5  1214 0001:000C93FF  1215 0001:000C9403
  1216 0001:000C944A  1217 0001:000C944E  1218 0001:000C948B  1219 0001:000C948F
  1220 0001:000C94CA  1221 0001:000C94D4  1225 0001:000C94DE  1227 0001:000C9516
  1228 0001:000C951A  1229 0001:000C9561  1230 0001:000C9565  1231 0001:000C95A2
  1232 0001:000C95A6  1233 0001:000C95E1  1234 0001:000C95EB  1237 0001:000C95F5
  1238 0001:000C95F9  1239 0001:000C9640  1240 0001:000C9644  1241 0001:000C9681
  1242 0001:000C9685  1243 0001:000C96C0  1244 0001:000C96CA  1247 0001:000C96D4
  1248 0001:000C96D8  1249 0001:000C971F  1250 0001:000C9723  1251 0001:000C9760
  1252 0001:000C9764  1253 0001:000C979F  1254 0001:000C97A9  1257 0001:000C97B3
  1258 0001:000C97B7  1259 0001:000C97FE  1260 0001:000C9802  1261 0001:000C983F
  1262 0001:000C9843  1263 0001:000C987E  1264 0001:000C9888  1267 0001:000C9892
  1268 0001:000C9896  1269 0001:000C98DD  1270 0001:000C98E1  1271 0001:000C991E
  1272 0001:000C9922  1273 0001:000C995D  1274 0001:000C9967  1277 0001:000C9971
  1278 0001:000C9975  1279 0001:000C99BC  1280 0001:000C99C0  1281 0001:000C99FD
  1282 0001:000C9A01  1283 0001:000C9A3C  1284 0001:000C9A46  1287 0001:000C9A50
  1288 0001:000C9A54  1289 0001:000C9A9B  1290 0001:000C9A9F  1291 0001:000C9ADC
  1292 0001:000C9AE0  1293 0001:000C9B1B  1294 0001:000C9B25  1297 0001:000C9B2F
  1298 0001:000C9B33  1299 0001:000C9B7A  1300 0001:000C9B7E  1301 0001:000C9BBB
  1302 0001:000C9BBF  1303 0001:000C9BFA  1304 0001:000C9C04  1307 0001:000C9C0E
  1308 0001:000C9C12  1309 0001:000C9C59  1310 0001:000C9C5D  1311 0001:000C9C9A
  1312 0001:000C9C9E  1313 0001:000C9CD9  1314 0001:000C9CE3  1317 0001:000C9CED
  1318 0001:000C9CF1  1319 0001:000C9D38  1320 0001:000C9D3C  1321 0001:000C9D79
  1322 0001:000C9D7D  1323 0001:000C9DB5  1324 0001:000C9DBC  1328 0001:000C9DC3
  1329 0001:000C9DC8  1330 0001:000C9DCC  1331 0001:000C9DD5  1332 0001:000C9DDC
  1333 0001:000C9DE4  1336 0001:000C9E67  1340 0001:000C9EE7  1344 0001:000C9F3A
  1345 0001:000C9F6A  1347 0001:000C9FB3  1351 0001:000CA090  1352 0001:000CA0BF
  1353 0001:000CA0CE  1354 0001:000CA0FA  1357 0001:000CA15C  1358 0001:000CA15F
  1359 0001:000CA164  1362 0001:000CA168  1363 0001:000CA16E  1364 0001:000CA18B
  1365 0001:000CA192  1368 0001:000CA1B8  1369 0001:000CA1BB  1370 0001:000CA1C7
  1373 0001:000CA1CC  1375 0001:000CA1DF  1376 0001:000CA205  1377 0001:000CA210
  1382 0001:000CA230  1383 0001:000CA248  1384 0001:000CA255  1385 0001:000CA26C
  1397 0001:000CA2B0  1424 0001:000CA2B4  1425 0001:000CA2E2  1426 0001:000CA2E6
  1428 0001:000CA2F4  1429 0001:000CA2F7  1430 0001:000CA302  1431 0001:000CA325
  1432 0001:000CA348  1433 0001:000CA36B  1434 0001:000CA38E  1435 0001:000CA3A6
  1436 0001:000CA3AA  1437 0001:000CA3E6  1438 0001:000CA3EA  1439 0001:000CA436
  1440 0001:000CA43A  1441 0001:000CA4A2  1471 0001:000CA4A6  1472 0001:000CA4BD
  1473 0001:000CA4C8  1474 0001:000CA4CD  1475 0001:000CA4D1  1476 0001:000CA4D4
  1477 0001:000CA4DB  1480 0001:000CA549  1484 0001:000CA590  1485 0001:000CA5B4
  1487 0001:000CA5F1  1515 0001:000CA6B8  1516 0001:000CA6E6  1517 0001:000CA6EA
  1518 0001:000CA6F8  1519 0001:000CA6FB  1520 0001:000CA706  1521 0001:000CA729
  1522 0001:000CA74C  1523 0001:000CA76F  1524 0001:000CA792  1525 0001:000CA7AA
  1526 0001:000CA7AE  1527 0001:000CA7EA  1528 0001:000CA7EE  1529 0001:000CA83A
  1530 0001:000CA83E  1531 0001:000CA8A6  1560 0001:000CA8AA  1561 0001:000CA8C1
  1562 0001:000CA8CC  1563 0001:000CA8D1  1564 0001:000CA8D5  1565 0001:000CA8D8
  1566 0001:000CA8DF  1569 0001:000CA94D  1573 0001:000CA994  1574 0001:000CA9B8
  1576 0001:000CA9F5  1582 0001:000CAAC0  1583 0001:000CAADA  1584 0001:000CAAE2
  1585 0001:000CAAF0  1587 0001:000CAAF7  1588 0001:000CAB04  1589 0001:000CAB0B
  1595 0001:000CAB12  1598 0001:000CAB38  1599 0001:000CAB41  1600 0001:000CAB4A
  1603 0001:000CAB67  1604 0001:000CAB76  1605 0001:000CAB79  1608 0001:000CABA4
  1609 0001:000CABAA  1613 0001:000CABC5  1614 0001:000CABD3  1619 0001:000CAC04
  1620 0001:000CAC1E  1621 0001:000CAC2B  1622 0001:000CAC69  1623 0001:000CACB9
  1624 0001:000CACD0  1680 0001:000CAD8C  1689 0001:000CAD90  1690 0001:000CADA9
  1691 0001:000CADB3  1694 0001:000CADBD

Line numbers for Main(Main.pas) segment .itext

  1682 0002:00000B58  1684 0002:00000B64  1685 0002:00000B6E  1688 0002:00000B78

Line numbers for MakeServer(D:\Working\3K2012\商业\MakeServer\MakeServer.dpr) segment .itext

    24 0002:00000B7C    25 0002:00000BA0    26 0002:00000BAC    27 0002:00000BCD
    28 0002:00000BD2    29 0002:00000BD9    30 0002:00000BEA    31 0002:00000C02
    32 0002:00000C1A    34 0002:00000C26    35 0002:00000C2C

Bound resource files

e:\program files\codegear\rad studio\5.0\lib\Controls.res
e:\program files\codegear\rad studio\5.0\lib\Buttons.res
e:\program files\codegear\rad studio\5.0\lib\ExtDlgs.res
E:\Program Files\Raize\RC4\Source\RzCommonCursors.res
E:\Program Files\Raize\RC4\Source\RzCommonBitmaps.res
E:\Program Files\Raize\RC4\Source\RzCmboBx.res
E:\Program Files\Raize\RC4\Source\RzToolbarForm.DFM
E:\Program Files\Raize\RC4\Source\RzBtnEdt.res
e:\program files\codegear\rad studio\5.0\lib\FileCtrl.res
e:\program files\codegear\rad studio\5.0\lib\SPIN.RES
BasicSet.dfm
Main.dfm
MakeServer.res
.\生成注册文件\data.Res
MakeServer.drf


Program entry point at 0002:00000B7C
