
 Start         Length     Name                   Class
 0001:00000000 0007C60CH .text                   CODE
 0002:00000000 00006518H .data                   DATA
 0002:00006518 000045DDH .bss                    BSS


Detailed map of segments

 0001:00000000 000003DE C=CODE     S=.text    G=(none)   M=System   ACBP=A9
 0001:000003E0 0000022C C=CODE     S=.text    G=(none)   M=SysInit  ACBP=A9
 0001:0000060C 00000720 C=CODE     S=.text    G=(none)   M=Windows  ACBP=A9
 0001:00000D2C 0000000E C=CODE     S=.text    G=(none)   M=Types    ACBP=A9
 0001:00000D3C 00000038 C=CODE     S=.text    G=(none)   M=Messages ACBP=A9
 0001:00000D74 0000020E C=CODE     S=.text    G=(none)   M=SysUtils ACBP=A9
 0001:00000F84 0000000E C=CODE     S=.text    G=(none)   M=SysConst ACBP=A9
 0001:00000F94 00000216 C=CODE     S=.text    G=(none)   M=Classes  ACBP=A9
 0001:000011AC 0000000E C=CODE     S=.text    G=(none)   M=ActiveX  ACBP=A9
 0001:000011BC 0000003E C=CODE     S=.text    G=(none)   M=TypInfo  ACBP=A9
 0001:000011FC 0000004E C=CODE     S=.text    G=(none)   M=Variants ACBP=A9
 0001:0000124C 0000000E C=CODE     S=.text    G=(none)   M=VarUtils ACBP=A9
 0001:0000125C 0000000E C=CODE     S=.text    G=(none)   M=RTLConsts ACBP=A9
 0001:0000126C 0000006E C=CODE     S=.text    G=(none)   M=Graphics ACBP=A9
 0001:000012DC 0000000E C=CODE     S=.text    G=(none)   M=Consts   ACBP=A9
 0001:000012EC 0000013E C=CODE     S=.text    G=(none)   M=Controls ACBP=A9
 0001:0000142C 0000000E C=CODE     S=.text    G=(none)   M=ActnList ACBP=A9
 0001:0000143C 0000000E C=CODE     S=.text    G=(none)   M=Contnrs  ACBP=A9
 0001:0000144C 0000000E C=CODE     S=.text    G=(none)   M=Math     ACBP=A9
 0001:0000145C 00000016 C=CODE     S=.text    G=(none)   M=ImgList  ACBP=A9
 0001:00001474 00000038 C=CODE     S=.text    G=(none)   M=CommCtrl ACBP=A9
 0001:000014AC 0000014E C=CODE     S=.text    G=(none)   M=Forms    ACBP=A9
 0001:000015FC 0000000E C=CODE     S=.text    G=(none)   M=HelpIntfs ACBP=A9
 0001:0000160C 0000000E C=CODE     S=.text    G=(none)   M=MultiMon ACBP=A9
 0001:0000161C 00000038 C=CODE     S=.text    G=(none)   M=Imm      ACBP=A9
 0001:00001654 0000005E C=CODE     S=.text    G=(none)   M=Menus    ACBP=A9
 0001:000016B4 0000000E C=CODE     S=.text    G=(none)   M=Themes   ACBP=A9
 0001:000016C4 0000000E C=CODE     S=.text    G=(none)   M=UxTheme  ACBP=A9
 0001:000016D4 0000000E C=CODE     S=.text    G=(none)   M=SyncObjs ACBP=A9
 0001:000016E4 0000009E C=CODE     S=.text    G=(none)   M=ComCtrls ACBP=A9
 0001:00001784 00000038 C=CODE     S=.text    G=(none)   M=ShlObj   ACBP=A9
 0001:000017BC 00000038 C=CODE     S=.text    G=(none)   M=UrlMon   ACBP=A9
 0001:000017F4 00000038 C=CODE     S=.text    G=(none)   M=WinInet  ACBP=A9
 0001:0000182C 00000038 C=CODE     S=.text    G=(none)   M=RegStr   ACBP=A9
 0001:00001864 00000040 C=CODE     S=.text    G=(none)   M=ShellAPI ACBP=A9
 0001:000018A4 0000000E C=CODE     S=.text    G=(none)   M=ListActns ACBP=A9
 0001:000018B4 00000036 C=CODE     S=.text    G=(none)   M=ExtCtrls ACBP=A9
 0001:000018EC 00000016 C=CODE     S=.text    G=(none)   M=StdCtrls ACBP=A9
 0001:00001904 0000000E C=CODE     S=.text    G=(none)   M=WinHelpViewer ACBP=A9
 0001:00001914 0000000E C=CODE     S=.text    G=(none)   M=StdActns ACBP=A9
 0001:00001924 0000001E C=CODE     S=.text    G=(none)   M=Dialogs  ACBP=A9
 0001:00001944 0000000E C=CODE     S=.text    G=(none)   M=Printers ACBP=A9
 0001:00001954 00000058 C=CODE     S=.text    G=(none)   M=WinSpool ACBP=A9
 0001:000019AC 00000038 C=CODE     S=.text    G=(none)   M=CommDlg  ACBP=A9
 0001:000019E4 00000038 C=CODE     S=.text    G=(none)   M=Dlgs     ACBP=A9
 0001:00001A1C 0000000E C=CODE     S=.text    G=(none)   M=StrUtils ACBP=A9
 0001:00001A2C 0000001E C=CODE     S=.text    G=(none)   M=Clipbrd  ACBP=A9
 0001:00001A4C 0000000E C=CODE     S=.text    G=(none)   M=FlatSB   ACBP=A9
 0001:00001A5C 0000000E C=CODE     S=.text    G=(none)   M=ToolWin  ACBP=A9
 0001:00001A6C 00000038 C=CODE     S=.text    G=(none)   M=RichEdit ACBP=A9
 0001:00001AA4 0000000E C=CODE     S=.text    G=(none)   M=ExtActns ACBP=A9
 0001:00001AB4 0000000E C=CODE     S=.text    G=(none)   M=Registry ACBP=A9
 0001:00001AC4 00000086 C=CODE     S=.text    G=(none)   M=IniFiles ACBP=A9
 0001:00001B4C 0000000E C=CODE     S=.text    G=(none)   M=ExtDlgs  ACBP=A9
 0001:00001B5C 0000000E C=CODE     S=.text    G=(none)   M=Buttons  ACBP=A9
 0001:00001B6C 0000000E C=CODE     S=.text    G=(none)   M=Mapi     ACBP=A9
 0001:00001B7C 0000000E C=CODE     S=.text    G=(none)   M=ComStrs  ACBP=A9
 0001:00001B8C 00001A83 C=CODE     S=.text    G=(none)   M=ELeaks   ACBP=A9
 0001:00003610 00001008 C=CODE     S=.text    G=(none)   M=ETypes   ACBP=A9
 0001:00004618 00002360 C=CODE     S=.text    G=(none)   M=EConsts  ACBP=A9
 0001:00006978 00005794 C=CODE     S=.text    G=(none)   M=ECore    ACBP=A9
 0001:0000C10C 00004FC8 C=CODE     S=.text    G=(none)   M=EDebug   ACBP=A9
 0001:000110D4 000000A0 C=CODE     S=.text    G=(none)   M=WinSock  ACBP=A9
 0001:00011174 0000154C C=CODE     S=.text    G=(none)   M=EHook    ACBP=A9
 0001:000126C0 000000E8 C=CODE     S=.text    G=(none)   M=ELang    ACBP=A9
 0001:000127A8 000016D0 C=CODE     S=.text    G=(none)   M=ESockets ACBP=A9
 0001:00013E78 0000A32C C=CODE     S=.text    G=(none)   M=EZlib    ACBP=A9
 0001:0001E1A4 00000AFC C=CODE     S=.text    G=(none)   M=EHash    ACBP=A9
 0001:0001ECA0 00000400 C=CODE     S=.text    G=(none)   M=EEncrypt ACBP=A9
 0001:0001F0A0 000002DC C=CODE     S=.text    G=(none)   M=EBase64  ACBP=A9
 0001:0001F37C 000002B8 C=CODE     S=.text    G=(none)   M=EZip     ACBP=A9
 0001:0001F634 000074AC C=CODE     S=.text    G=(none)   M=EWebTools ACBP=A9
 0001:00026AE0 00000700 C=CODE     S=.text    G=(none)   M=EXMLBuilder ACBP=A9
 0001:000271E0 00004314 C=CODE     S=.text    G=(none)   M=ELogManager ACBP=A9
 0001:0002B4F4 000013B4 C=CODE     S=.text    G=(none)   M=EListView ACBP=A9
 0001:0002C8A8 000074A4 C=CODE     S=.text    G=(none)   M=EDisAsm  ACBP=A9
 0001:00033D4C 000289A8 C=CODE     S=.text    G=(none)   M=ExceptionLog ACBP=A9
 0001:0005C6F4 00000788 C=CODE     S=.text    G=(none)   M=EDesign  ACBP=A9
 0001:0005CE7C 0000000E C=CODE     S=.text    G=(none)   M=Grids    ACBP=A9
 0001:0005CE8C 0000000E C=CODE     S=.text    G=(none)   M=Mask     ACBP=A9
 0001:0005CE9C 0000000E C=CODE     S=.text    G=(none)   M=MaskUtils ACBP=A9
 0001:0005CEAC 00000016 C=CODE     S=.text    G=(none)   M=FileCtrl ACBP=A9
 0001:0005CEC4 0000160B C=CODE     S=.text    G=(none)   M=EBorlandDebug ACBP=A9
 0001:0005E4D0 0000243C C=CODE     S=.text    G=(none)   M=EResource ACBP=A9
 0001:0006090C 0000BA28 C=CODE     S=.text    G=(none)   M=EBaseModule ACBP=A9
 0001:0006C334 0000000E C=CODE     S=.text    G=(none)   M=ToolsAPI ACBP=A9
 0001:0006C344 0000001E C=CODE     S=.text    G=(none)   M=DesignIntf ACBP=A9
 0001:0006C364 0000000E C=CODE     S=.text    G=(none)   M=DesignMenus ACBP=A9
 0001:0006C374 00000284 C=CODE     S=.text    G=(none)   M=EWait    ACBP=A9
 0001:0006C5F8 0000041C C=CODE     S=.text    G=(none)   M=EVariables ACBP=A9
 0001:0006CA14 0000000E C=CODE     S=.text    G=(none)   M=ToolIntf ACBP=A9
 0001:0006CA24 0000000E C=CODE     S=.text    G=(none)   M=FileIntf ACBP=A9
 0001:0006CA34 0000000E C=CODE     S=.text    G=(none)   M=VirtIntf ACBP=A9
 0001:0006CA44 0000000E C=CODE     S=.text    G=(none)   M=EditIntf ACBP=A9
 0001:0006CA54 00000504 C=CODE     S=.text    G=(none)   M=EIDEOptions ACBP=A9
 0001:0006CF58 00000754 C=CODE     S=.text    G=(none)   M=EAbout   ACBP=A9
 0001:0006D6AC 0000217C C=CODE     S=.text    G=(none)   M=ECommon  ACBP=A9
 0001:0006F828 00008F1C C=CODE     S=.text    G=(none)   M=EOption  ACBP=A9
 0001:00078744 00000694 C=CODE     S=.text    G=(none)   M=EMessages ACBP=A9
 0001:00078DD8 00000DB4 C=CODE     S=.text    G=(none)   M=EParser  ACBP=A9
 0001:00079B8C 00002494 C=CODE     S=.text    G=(none)   M=EToolsAPI ACBP=A9
 0001:0007C020 00000284 C=CODE     S=.text    G=(none)   M=EMain    ACBP=A9
 0001:0007C2A4 00000365 C=CODE     S=.text    G=(none)   M=ExceptionExpert7 ACBP=A9
 0002:00000000 00000030 C=DATA     S=.data    G=DGROUP   M=SysInit  ACBP=A9
 0002:00000030 00000014 C=DATA     S=.data    G=DGROUP   M=ELeaks   ACBP=A9
 0002:00000044 00000908 C=DATA     S=.data    G=DGROUP   M=EConsts  ACBP=A9
 0002:0000094C 00000024 C=DATA     S=.data    G=DGROUP   M=ECore    ACBP=A9
 0002:00000970 0000004C C=DATA     S=.data    G=DGROUP   M=EDebug   ACBP=A9
 0002:000009BC 000001A0 C=DATA     S=.data    G=DGROUP   M=EHook    ACBP=A9
 0002:00000B5C 00000001 C=DATA     S=.data    G=DGROUP   M=ESockets ACBP=A9
 0002:00000B60 00000FCC C=DATA     S=.data    G=DGROUP   M=EZlib    ACBP=A9
 0002:00001B2C 00000212 C=DATA     S=.data    G=DGROUP   M=EHash    ACBP=A9
 0002:00001D40 000000C0 C=DATA     S=.data    G=DGROUP   M=EBase64  ACBP=A9
 0002:00001E00 00002B88 C=DATA     S=.data    G=DGROUP   M=EWebTools ACBP=A9
 0002:00004988 00000020 C=DATA     S=.data    G=DGROUP   M=EXMLBuilder ACBP=A9
 0002:000049A8 00000020 C=DATA     S=.data    G=DGROUP   M=ELogManager ACBP=A9
 0002:000049C8 000012D5 C=DATA     S=.data    G=DGROUP   M=EDisAsm  ACBP=A9
 0002:00005CA0 00000558 C=DATA     S=.data    G=DGROUP   M=ExceptionLog ACBP=A9
 0002:000061F8 000001BC C=DATA     S=.data    G=DGROUP   M=EBaseModule ACBP=A9
 0002:000063B4 00000008 C=DATA     S=.data    G=DGROUP   M=ECommon  ACBP=A9
 0002:000063BC 00000048 C=DATA     S=.data    G=DGROUP   M=EOption  ACBP=A9
 0002:00006404 00000028 C=DATA     S=.data    G=DGROUP   M=EParser  ACBP=A9
 0002:0000642C 00000020 C=DATA     S=.data    G=DGROUP   M=EToolsAPI ACBP=A9
 0002:00007000 00000010 C=BSS      S=.bss     G=DGROUP   M=SysInit  ACBP=A9
 0002:00007010 00000004 C=BSS      S=.bss     G=DGROUP   M=Windows  ACBP=A9
 0002:00007014 00000004 C=BSS      S=.bss     G=DGROUP   M=Messages ACBP=A9
 0002:00007018 00000004 C=BSS      S=.bss     G=DGROUP   M=CommCtrl ACBP=A9
 0002:0000701C 00000004 C=BSS      S=.bss     G=DGROUP   M=Imm      ACBP=A9
 0002:00007020 00000004 C=BSS      S=.bss     G=DGROUP   M=ShlObj   ACBP=A9
 0002:00007024 00000004 C=BSS      S=.bss     G=DGROUP   M=UrlMon   ACBP=A9
 0002:00007028 00000004 C=BSS      S=.bss     G=DGROUP   M=WinInet  ACBP=A9
 0002:0000702C 00000004 C=BSS      S=.bss     G=DGROUP   M=RegStr   ACBP=A9
 0002:00007030 00000004 C=BSS      S=.bss     G=DGROUP   M=ShellAPI ACBP=A9
 0002:00007034 00000004 C=BSS      S=.bss     G=DGROUP   M=WinSpool ACBP=A9
 0002:00007038 00000004 C=BSS      S=.bss     G=DGROUP   M=CommDlg  ACBP=A9
 0002:0000703C 00000004 C=BSS      S=.bss     G=DGROUP   M=Dlgs     ACBP=A9
 0002:00007040 00000004 C=BSS      S=.bss     G=DGROUP   M=RichEdit ACBP=A9
 0002:00007044 0000004C C=BSS      S=.bss     G=DGROUP   M=ELeaks   ACBP=A9
 0002:00007090 00000004 C=BSS      S=.bss     G=DGROUP   M=ETypes   ACBP=A9
 0002:00007094 00000004 C=BSS      S=.bss     G=DGROUP   M=EConsts  ACBP=A9
 0002:00007098 00000009 C=BSS      S=.bss     G=DGROUP   M=ECore    ACBP=A9
 0002:000070A4 00000004 C=BSS      S=.bss     G=DGROUP   M=EDebug   ACBP=A9
 0002:000070A8 00000004 C=BSS      S=.bss     G=DGROUP   M=WinSock  ACBP=A9
 0002:000070AC 00000010 C=BSS      S=.bss     G=DGROUP   M=EHook    ACBP=A9
 0002:000070BC 00000004 C=BSS      S=.bss     G=DGROUP   M=ELang    ACBP=A9
 0002:000070C0 00000004 C=BSS      S=.bss     G=DGROUP   M=ESockets ACBP=A9
 0002:000070C4 0000311C C=BSS      S=.bss     G=DGROUP   M=EZlib    ACBP=A9
 0002:0000A1E0 00000404 C=BSS      S=.bss     G=DGROUP   M=EHash    ACBP=A9
 0002:0000A5E4 0000001C C=BSS      S=.bss     G=DGROUP   M=EEncrypt ACBP=A9
 0002:0000A600 00000004 C=BSS      S=.bss     G=DGROUP   M=EBase64  ACBP=A9
 0002:0000A604 00000004 C=BSS      S=.bss     G=DGROUP   M=EZip     ACBP=A9
 0002:0000A608 00000044 C=BSS      S=.bss     G=DGROUP   M=EWebTools ACBP=A9
 0002:0000A64C 00000004 C=BSS      S=.bss     G=DGROUP   M=EXMLBuilder ACBP=A9
 0002:0000A650 00000004 C=BSS      S=.bss     G=DGROUP   M=ELogManager ACBP=A9
 0002:0000A654 00000004 C=BSS      S=.bss     G=DGROUP   M=EListView ACBP=A9
 0002:0000A658 00000004 C=BSS      S=.bss     G=DGROUP   M=EDisAsm  ACBP=A9
 0002:0000A65C 00000E5C C=BSS      S=.bss     G=DGROUP   M=ExceptionLog ACBP=A9
 0002:0000B4B8 00000004 C=BSS      S=.bss     G=DGROUP   M=EDesign  ACBP=A9
 0002:0000B4BC 0000003C C=BSS      S=.bss     G=DGROUP   M=EBorlandDebug ACBP=A9
 0002:0000B4F8 00000004 C=BSS      S=.bss     G=DGROUP   M=EResource ACBP=A9
 0002:0000B4FC 00000018 C=BSS      S=.bss     G=DGROUP   M=EBaseModule ACBP=A9
 0002:0000B514 00000008 C=BSS      S=.bss     G=DGROUP   M=EWait    ACBP=A9
 0002:0000B51C 00000008 C=BSS      S=.bss     G=DGROUP   M=EVariables ACBP=A9
 0002:0000B524 00000008 C=BSS      S=.bss     G=DGROUP   M=EIDEOptions ACBP=A9
 0002:0000B52C 00000008 C=BSS      S=.bss     G=DGROUP   M=EAbout   ACBP=A9
 0002:0000B534 0000002C C=BSS      S=.bss     G=DGROUP   M=ECommon  ACBP=A9
 0002:0000B560 0000000C C=BSS      S=.bss     G=DGROUP   M=EOption  ACBP=A9
 0002:0000B56C 00000008 C=BSS      S=.bss     G=DGROUP   M=EMessages ACBP=A9
 0002:0000B574 00000051 C=BSS      S=.bss     G=DGROUP   M=EParser  ACBP=A9
 0002:0000B5C8 0000000C C=BSS      S=.bss     G=DGROUP   M=EToolsAPI ACBP=A9
 0002:0000B5D4 00000008 C=BSS      S=.bss     G=DGROUP   M=EMain    ACBP=A9


  Address         Publics by Name

 0002:00000E24       ..
 0002:00000C3C       ..
 0002:000010C0       ..
 0001:000173AC       ..
 0001:000177B8       ..
 0001:00015EEC       ..
 0002:00000DD4       ..
 0002:00000CBC       ..
 0002:00000C68       ..
 0002:000090C8       ..
 0001:000149D8       ..
 0002:00000C50       ..
 0002:00000B88       ..
 0002:00000BE4       ..
 0002:00000F94       ..
 0001:0001C328       ..
 0002:00000C48       ..
 0001:00017880       ..
 0002:00009954       ..
 0002:000070C8       ..
 0002:00007018       .1
 0002:0000B574       .1
 0002:00007008       .1
 0002:00007030       .1
 0002:0000B4BC       .1
 0002:0000A5E4       .1
 0002:0000A600       .1
 0002:000070BC       .1
 0002:00007038       .1
 0002:0000703C       .1
 0002:00007040       .1
 0002:00007014       .1
 0002:0000705C       .1
 0002:0000B5C8       .1
 0002:000070AC       .1
 0002:000070A8       .1
 0002:00007090       .1
 0002:0000B4B8       .1
 0002:0000A1E0       .1
 0002:0000702C       .1
 0002:00007028       .1
 0002:00007024       .1
 0002:00007020       .1
 0002:0000701C       .1
 0002:0000B5D4       .1
 0002:000070C4       .2
 0002:0000B570       .2
 0002:0000B518       .2
 0002:0000B520       .2
 0002:0000B528       .2
 0002:0000A654       .2
 0002:0000A658       .2
 0002:0000B530       .2
 0002:0000A680       .21
 0002:0000B538       .3
 0002:00007010       .3
 0002:0000A604       .3
 0002:0000A650       .3
 0002:0000A64C       .3
 0002:00007034       .3
 0002:000070C0       .4
 0002:0000709C       .4
 0002:00007094       .5
 0002:0000A608       .7
 0002:0000B560       .7
 0002:0000B4F8       .8
 0002:0000B510       .8
 0002:000070A4       .92
 0001:0001822C       @deflateInit2_
 0001:00017478       @fill_fopen_filefunc
 0001:0007C5E4       @GetPackageInfoTable
 0001:000004E8       @GetTls
 0001:000179B0       @get_crc_table
 0001:0001A960       @inflateInit2_
 0001:0001A3A8       @inflate_fast
 0001:0001BEB8       @inflate_table
 0001:00000558       @InitPkg
 0001:0007C5EC       @PackageLoad
 0001:000005BC       @PackageLoad
 0001:000005C8       @PackageUnload
 0001:0007C5F8       @PackageUnload
 0001:0001D528       @_tr_align
 0001:0001D7F4       @_tr_flush_block
 0001:0001C32C       @_tr_init
 0001:0001D46C       @_tr_stored_block
 0001:0006EC24       AboutBox
 0001:0004E8AC       AccessViolationModuleInLongFormat
 0001:00045520       ActicatePage
 0002:000063DC       ActionValues
 0002:0000B52C       ActivateDelay
 0002:0000A7F8       ActivateEurekaLog
 0001:0006E094       Add
 0001:0002120C       AddAuthenticationToURL
 0001:00054704       AddCallerCallStack
 0001:0004934C       AddColor
 0001:000411C0       AddCustomHeadersToLog
 0001:00041064       AddCustomHeaderToLog
 0001:0001358C       AddDNS
 0002:00007058       AddLeak
 0001:0007A97C       AddMenuItem
 0001:0003FF30       AddModule
 0001:0006E2A4       AddModulePath
 0001:0003A098       AddNewProcess
 0001:0003A460       AddNewProcessEx
 0001:0001173C       AddrSize
 0001:0004D704       AddStr
 0001:000400B4       AddToStack
 0001:000289B4       AddValueField
 0001:00014518       AddZipFile
 0001:00045470       AdjustDialog
 0001:00063C84       AdjustDir
 0001:00042958       AdjustFlatStyle
 0001:0005C910       AdjustFontLanguage
 0001:0005C8A8       AdjustXPThemeSupport
 0001:000174B0       adler32
 0001:00049F14       AfterScreenshot
 0001:00049C2C       AfterScreenshotToStream
 0002:00007074       AllocatedList_End
 0002:0000706C       AllocatedList_Lock
 0002:00007070       AllocatedList_Start
 0001:00000418       AllocTlsBuffer
 0002:00004968       AlphaNumerics
 0001:000406F4       ApplicationRestore
 0001:00002554       AreTheSameLeak
 0001:0003EF50       ASMAssigned
 0002:00000A5C       AsmConst
 0001:00043EF8       AssemblerDialogProc
 0001:00036428       AssemblerToRTF
 0001:00047948       AssignOnCloseData
 0001:000419C8       AssignPriority
 0001:000477A8       AssignRequestData
 0001:00010F6C       AssignValidDebugInfo
 0001:0004AD88       AttachedFile
 0001:0004AFE4       AttachedFiles
 0002:0000A674       AttachedFilesRequest
 0001:00050454       AttrToString
 0002:0000A800       AutoCloseTimer
 0001:00040F38       AutoCloseTimerProc
 0001:0001F1C0       Base64Decode
 0001:0001F2A0       Base64DecodeStr
 0001:0001F308       Base64DecodeString
 0001:0001F104       Base64Encode
 0001:0004A960       Base64EncodeFromFile
 0001:0001F254       Base64EncodeStr
 0001:0001F300       Base64EncodeString
 0001:0001F310       Base64EncodeToString
 0001:0005C92C       BaseDir
 0001:00000A4C       BeginPaint
 0002:0000B5BC       BeginWord
 0001:0000A110       BinToStr
 0001:0000094C       BitBlt
 0001:0004D294       BlockingSendInternetMessage
 0002:00000034       BlockOverFoot
 0002:00000030       BlockOverHead
 0001:0003A6F4       BuildListPS
 0001:0003A5BC       BuildListTH
 0002:00005C88       ByteRegs1
 0002:00005C8C       ByteRegs2
 0001:000494B4       BytesPerScanline
 0001:00048F28       BytesSwap
 0002:0000A9EC       Cached_LogFile
 0001:00058100       CalcAddr
 0001:00048F58       CalcCRC
 0001:00065364       CalcCrc32
 0001:0001F0CC       CalcDecodedSize
 0001:0003D0D0       CalcDuplicatedException
 0001:0001F0A0       CalcEncodedSize
 0001:00011A98       CalculateRelocatedAsmSize
 0001:0003E1E8       CallAttachedFilesRequest
 0001:0003E258       CallAttachedFilesRequestEvents
 0001:0003E3AC       CallCustomButtonClickEvent
 0001:0003E418       CallCustomButtonClickEvents
 0001:0003E108       CallCustomDataRequest
 0001:0003E178       CallCustomDataRequestEvents
 0001:0003E2CC       CallCustomWebFieldsRequest
 0001:0003E33C       CallCustomWebFieldsRequestEvents
 0001:00001C40       CallerOfReallocMem
 0001:00058398       CallEurekaLogFromActiveX
 0001:0003DDF0       CallExceptionActionNotify
 0001:00050BCC       CallExceptionActionNotify_atSavedLogFile
 0001:00050BA8       CallExceptionActionNotify_atSavingLogFile
 0001:0004C304       CallExceptionActionNotify_atSendingEmail
 0001:0004C34C       CallExceptionActionNotify_atSendingWebMessage
 0001:0004C328       CallExceptionActionNotify_atSentEmail
 0001:0004C370       CallExceptionActionNotify_atSentWebMessage
 0001:00050E8C       CallExceptionActionNotify_atShowedExceptionInfo
 0001:00050E68       CallExceptionActionNotify_atShowingExceptionInfo
 0001:00048898       CallExceptionActionNotify_atTerminating
 0001:0003DF70       CallExceptionErrorNotify
 0001:00050BF0       CallExceptionErrorNotify_atSavedLogFile
 0001:0004C394       CallExceptionErrorNotify_atSentEmail
 0001:0004C3B8       CallExceptionErrorNotify_atSentWebMessage
 0001:0003DBDC       CallExceptionNotify
 0001:0003DC48       CallExceptionNotifyEvents
 0001:0003DCBC       CallHandledExceptionNotify
 0001:0003DD28       CallHandledExceptionNotifyEvents
 0001:0003DD34       CallModuleEvent_ExceptionActionNotify
 0001:0003DEB8       CallModuleEvent_ExceptionErrorNotify
 0001:0003E184       CallModule_AttachedFilesRequest
 0001:0003E348       CallModule_CustomButtonClickNotify
 0001:0003E0A4       CallModule_CustomDataRequest
 0001:0003E264       CallModule_CustomWebFieldsRequest
 0001:0003DB7C       CallModule_ExceptionNotify
 0001:0003DC54       CallModule_HandledExceptionNotify
 0001:0003E424       CallModule_PasswordRequestEvent
 0001:00000A54       CallNextHookEx
 0001:0003E038       CallPasswordRequest
 0001:00040384       CallStackByAddresses
 0001:000443C4       CallStackDialogProc
 0001:00058638       CallStackToStrings
 0001:00050EB0       CallWriteIntraWebText
 0001:00056C50       Call_HookedExceptionObject
 0001:00056A38       Call_HookedRaise
 0001:00056C7C       Call_HookedRtlUnwind
 0001:00048AE0       CalsCoordinates
 0002:0000A7B1       CanAttachScreenshot
 0002:0000A7AD       CanAttachScreenshot_Show
 0001:00057FC4       CanCallUnhandledException
 0002:0000A7B2       CanCopy
 0002:0000A7AE       CanCopy_Show
 0001:0003ED3C       CanExit
 0002:0000A775       CanHookLibraries
 0001:0007A03C       CanIncludeInPackage
 0002:0000619C       CannotProcessMessagesExceptions
 0002:0000A980       CannotUseThread
 0001:00054778       CanPauseThisThread
 0002:0000A7AC       CanSendError_Show
 0002:0000A7B0       CanSendMessage
 0002:0000A7AF       CanSupport_Show
 0002:0000AA1C       CaptionFontName
 0002:0000AC44       CAPTION_HEIGHT
 0002:0000B5C4       CaseSensitive
 0002:00001D80       cBase64Codec
 0002:00001D40       cBase64Codec
 0001:000423D4       CenterOnActiveWndMonitor
 0002:0000A730       CGIHandleException
 0002:0000A6DC       CGIOutputFile
 0001:0005C85C       ChangeCharset
 0001:0005B0BC       ChangeFinalizationOrder
 0001:000478BC       ChangeLogUserEmail
 0001:0007918C       CharPosToLineNo
 0002:000049A8       chars
 0002:0000623C       CheckCompiler
 0001:0005B974       CheckCrc32
 0001:00008F20       CheckDirectoryExists
 0001:00021178       CheckError
 0001:00012034       CheckFail
 0001:0005AEC4       CheckForMemoryLeaks
 0001:0003BBE4       CheckForResult
 0001:0002571C       CheckInternetConnection
 0001:00008D6C       CheckIntoIDE
 0001:000352D0       CheckMagicCode
 0001:0007B680       CheckName
 0001:00061068       CheckOptionFile
 0001:0000229C       CheckOurPointer
 0001:00072CC8       CheckValidURL
 0001:00072F40       CheckWebTrakerData
 0001:00038BB8       ClearInternalError
 0002:0000ABC1       ClickLinkActive
 0001:0002BE2C       ClickOnSign
 0001:00037450       CloneObject
 0001:00000A5C       CloseClipboard
 0001:0000065C       CloseHandle
 0001:0003D0B4       CloseLogFile
 0001:00001954       ClosePrinter
 0001:0004ACAC       CloseSendDialog
 0001:000110D4       closesocket
 0001:000146D8       CloseZipFile
 0002:0000A738       CLXHandleException
 0002:0000A73C       CLXShowException
 0002:000061E0       ColIdx
 0002:0000ABF4       ColWidths
 0001:00000954       CombineRgn
 0001:000014A4       CommCtrl
 0001:000019DC       CommDlg
 0002:0000B578       CommentsNumber
 0001:00049B70       CommonSaveToStream
 0001:0005EE48       CompareDetails
 0001:0003F114       CompareEurekaFunctions
 0001:00039B2C       CompareModulesFunctions
 0001:00039EB8       CompareProcessesFunctions
 0001:000790B4       CompareWord
 0002:000063F4       CompilationProject
 0002:0000B500       Compiled
 0001:0004F2D8       CompleteIP
 0001:0005DEDC       CompleteMapFile
 0001:00022DD4       CompleteNumber
 0001:00027C04       CompleteStr
 0001:00035A34       CompleteStr
 0001:000504A8       CompleteString
 0001:0006F1C8       CompleteVersion
 0001:0001E2AC       Compress
 0001:0001786C       compressBound
 0001:00036DC4       ComputerName
 0001:0000BD48       ComputerName
 0001:000110DC       connect
 0001:000082A8       ConvertAddress
 0001:00001ECC       ConvertAddress
 0001:00027418       ConvertNotDosText
 0001:0001FC68       ConvertSpecialHTMLChars
 0001:00000CA4       CopyMemory
 0001:00000A64       CopyRect
 0001:0003E684       CopyStrings
 0001:00002AD8       CountAllLeaks
 0001:00045244       CPUDialogProc
 0001:000367C4       CPUToRTF
 0002:00001B2C       Crc16Tab
 0001:000179C4       crc32
 0002:0000A1E4       crc_table
 0002:00001D2C       crc_table_computed
 0001:000496C8       Create8bitBitmap
 0001:0000095C       CreateBitmap
 0001:00000964       CreateCompatibleBitmap
 0001:0000096C       CreateCompatibleDC
 0001:00000CDC       CreateDialog
 0001:00040BCC       CreateDialogFonts
 0001:00000A6C       CreateDialogParam
 0001:00000974       CreateDIBSection
 0001:00041C7C       CreateExceptionReport
 0001:00000664       CreateFile
 0001:0000066C       CreateFileMapping
 0001:0000097C       CreateFont
 0001:00000984       CreateFontIndirect
 0001:00050EBC       CreateGeneralText
 0001:0003AFD4       CreateHTMLByLayout
 0001:0003D7E0       CreateHTMLFile
 0001:00041F4C       CreateLeakReport
 0001:0005213C       CreateLogText
 0001:00000674       CreateMailslot
 0001:000139B0       CreateMXQuery
 0001:000492E8       CreateOctreeNode
 0001:0000098C       CreatePalette
 0001:0000067C       CreateProcess
 0001:00000994       CreateRectRgn
 0001:0000099C       CreateRectRgnIndirect
 0001:000009A4       CreateSolidBrush
 0001:0003B3AC       CreateTemplateFile
 0001:000420EC       CreateThreadStr
 0001:0004BE04       CreateTmpLogFile
 0001:00036F48       CreateVirtualFile
 0001:0003D8AC       CreateXMLLogCopy
 0001:0004C3DC       CreateZIPFile
 0001:00014484       CreateZipFile
 0001:0005A3B0       Create_EurekaLogUnitsList
 0002:0000094C       CriticalError
 0002:000061C0       CriticalExceptObject
 0002:0000A764       CurrentAsmErrorLine
 0002:0000A76C       CurrentAsmErrorText
 0002:0000A770       CurrentCPUErrorText
 0002:0000A804       CurrentDialog
 0001:00058174       CurrentEurekaLogOptions
 0002:0000A768       CurrentGeneralErrorText
 0002:0000A6D8       CurrentOptions
 0002:0000B50C       CurrentPersonality
 0002:0000A81C       CurrentProcessWindowsList
 0002:0000A7D0       CurrentRequestValue
 0002:000061AC       CurrentStackList
 0002:0000A67C       CustomButtonClickNotify
 0002:0000A670       CustomDataRequest
 0002:0000A79C       CustomExceptMessage
 0002:0000A678       CustomWebFieldsRequest
 0002:0000A5E8       CV
 0002:0000A818       DbgSection
 0002:0000A958       DebugHook_Assigned
 0001:00064ECC       DebugNotFoundProcedure
 0001:0004D754       DebugToStr
 0001:0000E578       DecodeNameString
 0001:0001EFA4       Decrypt
 0001:00063A10       DefaultOptionFile
 0001:000187FC       deflate
 0001:00018AC0       deflateEnd
 0001:00013F64       DeflateInit
 0001:00018210       deflateInit_
 0001:00000A74       DefWindowProc
 0001:00000684       DeleteCriticalSection
 0001:000009AC       DeleteDC
 0001:0004C54C       DeleteExtraFiles
 0001:0000068C       DeleteFile
 0001:00062200       DeleteLine
 0001:000009B4       DeleteObject
 0001:000491FC       DeleteTree
 0001:000370D4       DeleteVirtualFile
 0002:0000B5CC       DesignNotifier
 0001:00040E14       DestroyDialogFonts
 0001:00000A7C       DestroyWindow
 0002:0000AC34       DetailsActive
 0001:00042998       DetailsState
 0001:00000A84       DialogBoxParam
 0002:0000AC40       DialogHeight
 0002:0000A968       DialogType
 0002:000063BC       DialogValues
 0001:0003B388       DirectoryExists
 0001:0000342C       DisableMemoryLeaksCheck
 0001:00000A8C       DispatchMessage
 0001:00001A14       Dlgs
 0001:00040884       DlgTemplate
 0001:0005DF88       DllFullPath
 0002:0000B4F4       DllHandle
 0002:000070B4       DllList
 0001:00062DA8       DLLNameFromThunkData
 0001:00014908       DoExtract
 0001:00014700       DoExtractCurrentFile
 0001:0007C200       Done
 0001:0005C280       Done
 0001:0006C214       Done
 0001:00013DE4       Done
 0001:0007BF40       Done
 0001:0000C084       Done
 0001:0006F130       Done
 0001:0005E47C       Done
 0001:0000353C       Done
 0001:00012594       Done
 0001:000785C8       Done
 0001:00059B34       DoneCheckFreeze
 0002:0000A72C       DoneExcept
 0001:0005B070       DoneExceptAddr
 0001:00020C8C       DoneLib
 0001:0007AE6C       DoneMenu
 0001:0007AF88       DoneNotifier
 0001:0002B5F0       DrawBmp
 0001:0002C174       DrawBottom
 0001:000476D8       DrawButton
 0001:0004756C       DrawClickHere
 0001:000474E8       DrawControl
 0001:0002C100       DrawFrame
 0001:00000A94       DrawIconEx
 0001:0002C21C       DrawItem
 0001:0002C1C8       DrawLine
 0001:00045800       DrawSupportLink
 0001:00000A9C       DrawText
 0002:0000A7B3       DuplicatedException
 0001:00000694       DuplicateHandle
 0001:0006D6A4       EAbout
 0001:0001F374       EBase64
 0001:0006C2FC       EBaseModule
 0001:0005E4C0       EBorlandDebug
 0001:0006F7D0       ECommon
 0001:00006970       EConsts
 0001:0000C0DC       ECore
 0001:000110CC       EDebug
 0001:0005CE74       EDesign
 0001:00033D44       EDisAsm
 0001:0001F098       EEncrypt
 0001:0001EC98       EHash
 0001:00012690       EHook
 0001:0006CF50       EIDEOptions
 0001:000630E0       ElaborateParameter
 0001:00027894       ElaborateString
 0001:00062860       ElaborateText
 0001:00021434       ElaborateURL
 0001:00021594       ElaborateWebPage
 0001:000127A0       ELang
 0001:000035FC       ELeaks
 0001:0002C8A0       EListView
 0001:0002B4EC       ELogManager
 0001:0007C274       EMain
 0001:00078DD0       EMessages
 0001:00000AA4       EmptyClipboard
 0002:0000004C       EMsgs
 0001:000032A0       EnableMemoryLeaksCheck
 0001:00000AAC       EnableWindow
 0001:00049120       Encode
 0002:00004988       EncodedChars
 0001:0004BF68       EncodeURL
 0001:0001EEF8       Encrypt
 0001:00058E34       EndAntiFreeze
 0002:00006328       EndChars0
 0002:00006348       EndChars1
 0002:0000B58C       EndComments
 0002:00006208       EndComments
 0001:00000AB4       EndDialog
 0001:0007BEF8       EndKeyHook
 0001:00000ABC       EndPaint
 0002:00006404       EndProcWord
 0002:0000B5C0       EndWord
 0001:0000069C       EnterCriticalSection
 0001:00078FAC       EnumerateWord
 0001:000009BC       EnumFontFamiliesEx
 0001:0005C6F4       EnumFontFamProc
 0001:0000195C       EnumPrinters
 0001:000006A4       EnumSystemLocales
 0001:00000AC4       EnumWindows
 0001:00038EF4       EnumWindowsProc
 0001:00038DE4       EnumWindowsProc
 0001:00038D8C       EnumWindowsProc
 0001:00063B38       EnvironmentStringsToList
 0001:00007788       EnvironmentVariable
 0001:0000D874       Eof
 0001:00078710       EOption
 0001:00079B84       EParser
 0001:00060904       EResource
 0001:0004A010       Error
 0001:00072C7C       Error
 0001:0005D2BC       ErrorType
 0002:00000824       EShowOptions
 0001:00013E44       ESockets
 0001:0007BFC8       EToolsAPI
 0001:00004610       ETypes
 0001:00063AD8       EurekaDefaultOptionFile
 0002:00000044       EurekaLogCurrentVersion
 0001:000639E0       EurekaLogFirstLine
 0002:0000643C       EurekaLogItem
 0001:000639F8       EurekaLogLastLine
 0002:0000A7CC       EurekaLogList
 0001:0006E7CC       EurekaLogPath
 0001:00079F78       EurekaLogRequiredFileName
 0001:0004A8BC       EurekaLogSendEmail
 0001:00008C38       EurekaLogType
 0002:00005CA4       EurekaLogUnits
 0002:0000A7F4       EurekaLogUnitsList
 0001:0003EB50       EurekaLog_AttachedFilesRequestEvent
 0001:000572B0       EurekaLog_CallCreateThread
 0001:00056B38       EurekaLog_CallExceptObject
 0001:000573E8       EurekaLog_CallExitThread
 0001:00056A04       EurekaLog_CallGeneralRaise
 0001:00057344       EurekaLog_CallResumeThread
 0001:0003EC98       EurekaLog_CustomButtonClickEvent
 0001:0003EAAC       EurekaLog_CustomDataRequestEventEx
 0001:0003EBF4       EurekaLog_CustomWebFieldsRequestEvent
 0001:0003E964       EurekaLog_ExceptionActionNotifyEvent
 0001:0003EA08       EurekaLog_ExceptionErrorNotifyEvent
 0001:0003E81C       EurekaLog_ExceptionNotifyEvent
 0001:0003E8C0       EurekaLog_HandledExceptionNotifyEvent
 0001:0003E708       EurekaLog_PasswordRequestEvent
 0001:0003E74C       EurekaLog_PasswordRequestEventEx
 0001:0007791C       EurekaUnitExists
 0001:0007785C       EurekaUnitFullPath
 0002:000005AC       EVals
 0001:0006CA0C       EVariables
 0002:000008E4       EVariablesOptions
 0001:0006C5F0       EWait
 0001:00026AD8       EWebTools
 0002:0000A664       ExceptionActionNotify
 0002:0000A6AC       ExceptionCriticalSection
 0002:0000A668       ExceptionErrorNotify
 0001:0007C604       ExceptionExpert7
 0001:000381BC       ExceptionLine
 0001:0005C688       ExceptionLog
 0001:00058E90       ExceptionManager
 0002:0000A65C       ExceptionNotify
 0002:0000A6E4       ExceptionNumber
 0002:0000A80C       ExceptionsTime
 0002:0000A810       ExceptionTime
 0001:0003B910       ExceptionTypeByAddr
 0001:000560B8       ExceptNotify
 0001:0004D57C       ExceptNotifyAfter1
 0001:0004D678       ExceptNotifyAfter2
 0001:0004D68C       ExceptNotifyAfter3
 0001:000004C4       ExitProcessTLS
 0001:000006AC       ExitThread
 0001:0000049C       ExitThreadTLS
 0001:000271D8       EXMLBuilder
 0001:000006B4       ExpandEnvironmentStrings
 0001:000076AC       ExpandEnvVar
 0001:0003F198       ExportedFunctions
 0002:00006418       ExternalWord
 0001:0003CB7C       ExtractDebugData
 0001:00001BCC       ExtractFileName
 0001:0005D27C       ExtractFileNameEx
 0001:00059314       ExtractGZipStream
 0001:0003D224       ExtractList
 0001:00064550       ExtractProcName
 0001:0005D0E4       ExtractProcName
 0001:0003C624       ExtractStr
 0001:0005CF6C       ExtractStr
 0001:0000875C       ExtractStringsEx
 0001:00041AB0       ExtractThreadByList
 0001:00064624       ExtractUnitName
 0001:00028ECC       ExtractValue
 0001:00014974       ExtractZipFiles
 0001:0001F62C       EZip
 0001:0001E19C       EZlib
 0002:0000A9F8       fActive
 0002:000061D8       fActivePage
 0001:00059F74       FastMM_LogStackTrace
 0002:0000AA14       fBigFont
 0002:0000A9FC       fCaptionFont
 0002:0000A9F0       fDlgBack
 0001:000507E8       FetchStr
 0002:0000AA04       fFixedFont1
 0002:0000AA08       fFixedFont2
 0001:000006BC       FileTimeToDosDateTime
 0001:000006C4       FileTimeToLocalFileTime
 0001:0003DA38       FillAttachedList
 0001:00000ACC       FillRect
 0001:00039FAC       FillThreadsCount
 0001:0007BF5C       Finalization
 0001:0000186C       Finalization
 0001:000608D4       Finalization
 0001:0006F764       Finalization
 0001:0001113C       Finalization
 0001:0006CF20       Finalization
 0001:0005CE44       Finalization
 0001:00033CA8       Finalization
 0001:00026A88       Finalization
 0001:0001F068       Finalization
 0001:00011030       Finalization
 0001:0006D674       Finalization
 0001:0006C9DC       Finalization
 0001:00012770       Finalization
 0001:0002C870       Finalization
 0001:0005C4D8       Finalization
 0001:0001EC68       Finalization
 0001:0000182C       Finalization
 0001:000271A8       Finalization
 0001:0001263C       Finalization
 0001:000017F4       Finalization
 0001:0002B4BC       Finalization
 0001:000017BC       Finalization
 0001:0001E16C       Finalization
 0001:00079AC0       Finalization
 0001:000068EC       Finalization
 0001:0006C228       Finalization
 0001:0005E488       Finalization
 0001:000045E0       Finalization
 0001:000005D4       Finalization
 0001:00001784       Finalization
 0001:0000161C       Finalization
 0001:000035C4       Finalization
 0001:00078638       Finalization
 0001:00001474       Finalization
 0001:00000D3C       Finalization
 0001:00000CF4       Finalization
 0001:0001F5FC       Finalization
 0001:0001F344       Finalization
 0001:00078DA0       Finalization
 0001:0000C088       Finalization
 0001:0006C5C0       Finalization
 0001:00001974       Finalization
 0001:000019AC       Finalization
 0001:0007C220       Finalization
 0001:000019E4       Finalization
 0001:00001A6C       Finalization
 0001:00013DEC       Finalization
 0002:0000704C       FinalizationProc
 0002:00006410       FinalizationWord
 0001:000006CC       FindClose
 0001:0004BD84       FindEOFLine
 0001:00021068       FindErrorMessage
 0001:00050E14       FindException
 0001:000006D4       FindFirstFile
 0001:00064838       FindFirstLine
 0001:0007B718       FindFullPath
 0001:0003A250       FindFullPath
 0001:0003CADC       FindFunction
 0001:000352E4       FindHandled
 0001:00002620       FindLeakAddress
 0001:00002830       FindLeakClassName
 0001:00002578       FindLeakSons
 0001:0005B8B0       FindMainInstance
 0001:00071B1C       FindModuleInterface
 0001:000392E8       FindModuleType
 0001:000024D4       FindNextValidLeak
 0001:0000D9E4       FindParam
 0001:00064BF0       FindProcByAddr
 0001:00039EF8       FindProcess
 0001:000793C0       FindProcStartIdx
 0001:000799B8       FindProcStartLineCppBuilder
 0001:00079870       FindProcStartLineDelphi
 0001:000006DC       FindResource
 0001:0002B130       FindSection
 0001:00020804       FindSelected
 0001:00064B48       FindUnit
 0001:000669B4       FindUnits
 0001:00000AD4       FindWindow
 0001:0007926C       FindWord
 0002:0000AA20       FixedFontName1
 0002:0000AA24       FixedFontName2
 0002:0000AA18       FixedFontSize
 0002:0000AC48       FixedTmpOptionsFile
 0002:0000AA0C       fLinkFont
 0002:0000AA10       fLinkFont2
 0002:0000AB9C       fListViewItems
 0002:00005388       FloatingPointOpcodes
 0001:000006E4       FlushInstructionCache
 0002:0000A9F4       fMemoBack
 0002:0000AB7C       fMonitor
 0002:0000AB84       fMonitorInfo
 0001:0005C70C       FontFamily
 0001:000584CC       ForceApplicationTermination
 0001:00050AE8       FormatComplete
 0001:00010A2C       FormatProcName
 0002:00006414       ForwardWord
 0001:00000ADC       FrameRect
 0001:00002AAC       FreeAllLeaks
 0001:00037484       FreeClonedObject
 0001:000006EC       FreeEnvironmentStrings
 0001:0007AE34       FreeItem
 0001:000006F4       FreeLibrary
 0001:000003E0       FreeLibrary
 0001:00035554       FreeOutOfMemoryCache
 0001:00049FA4       FreeScreenshot
 0002:0000A778       FreezeThread
 0002:0000AB80       fSendBmp
 0002:0000A638       FtpOpenFile
 0001:000262EC       FTPUploadFiles
 0001:00071930       FullEnaled
 0002:0000AA00       fVariableFont
 0001:0004503C       GeneralDialogProc
 0001:000568A0       GeneralRaise
 0001:00035FE8       GeneralToRTF
 0001:0003B264       GenerateHTML
 0001:00021CD4       GenerateMultipartBoundary
 0001:00025794       GenerateMultipartBoundary
 0001:000258C4       GenerateRequestBody
 0001:00021E28       GenerateRequestBody
 0001:000006FC       GetACP
 0001:0004E470       GetActiveControlClass
 0001:0004E488       GetActiveControlText
 0001:0004E390       GetActiveFormClass
 0001:00071E0C       GetActiveFormClass
 0001:0004E3DC       GetActiveFormText
 0001:00042154       GetActiveMonitorData
 0001:00077ED8       GetActiveProjectFileName
 0001:0004F414       GetAdapterInfo
 0001:0005EAC4       GetAlign
 0001:00039F78       GetAllocatedMemory
 0001:0004EFA4       GetApplicationName
 0001:00038E5C       GetApplicationRect
 0001:0004E370       GetApplicationUpTime
 0001:000118A4       GetAsmSize
 0001:00056628       GetBaseOfStack
 0001:00047650       GetBottonWidth
 0001:00000CD8       GetBValue
 0001:00040644       GetCallStackByAddresses
 0001:000585DC       GetCallStackByLevels
 0001:00037EA8       GetCallStackDump
 0001:00000AE4       GetClassName
 0001:0002C6F0       GetColumnAlign
 0001:0002C6C4       GetColumnCount
 0001:00000704       GetCommandLine
 0001:000506C0       GetCompanyName
 0001:0004E314       GetCompilationDate
 0001:00058E3C       GetCompilationDate
 0001:00035ABC       GetCompleteTimeStr
 0001:0000070C       GetComputerName
 0001:00055BE8       GetControlClass
 0001:00055C40       GetControlText
 0001:0006AEAC       GetCppBuilderModuleInfo
 0001:00062A30       GetCppFileOptionValue
 0001:0001E248       GetCRC16
 0001:0001E200       GetCRC32
 0001:0005852C       GetCurrentCallStack
 0001:00077F30       GetCurrentModuleName
 0001:0006BC40       GetCurrentModuleName
 0002:0000B504       GetCurrentModuleNameProc
 0001:000009C4       GetCurrentObject
 0001:0005091C       GetCurrentPrinterHandle
 0001:00000714       GetCurrentProcess
 0001:0000071C       GetCurrentProcessId
 0001:00071BE8       GetCurrentProject
 0001:00071CFC       GetCurrentProjectName
 0001:00058E88       GetCurrentStackPointer
 0001:00056630       GetCurrentStackPointer
 0001:00058310       GetCurrentStackPointer
 0001:00000724       GetCurrentThread
 0001:0000072C       GetCurrentThreadId
 0001:000374A4       GetCurrentTopOfStack
 0001:000504E8       GetCurrentUserPrivileges
 0001:00000AEC       GetCursor
 0001:00000AF4       GetCursorPos
 0001:0007A92C       GetCustomMenu
 0001:0007A8DC       GetCustomMenuIndex
 0001:000023A4       GetDataCaller
 0001:00000AFC       GetDC
 0001:0005D3C4       GetDebugData
 0001:00040074       GetDebugDetail
 0001:0004D7F4       GetDebugInfoEx
 0001:0003CF40       GetDebugInfosByAddr
 0001:0003C8B0       GetDebugPartialInfo
 0001:0005081C       GetDefaultPrinter
 0001:0006ABD4       GetDelphiModuleInfo
 0001:00000B04       GetDesktopWindow
 0001:000009D4       GetDeviceCaps
 0001:0004544C       GetDialogState
 0001:000009CC       GetDIBits
 0001:0006A5B4       GetDirectiveValue
 0001:0004ED68       GetDiskInfo
 0001:000503FC       GetDisplayDPI
 0001:0004F238       GetDisplayMode
 0001:00000B0C       GetDlgItem
 0001:000135B0       GetDNSList
 0001:0001376C       GetDomain
 0001:000138D8       GetDomainName
 0001:00051E24       GetDump
 0001:00051B64       GetEAX
 0001:00051BBC       GetEBX
 0001:00051C14       GetECX
 0001:00051D1C       GetEDI
 0001:00047740       GetEditText
 0001:00051C6C       GetEDX
 0001:0003EF48       GetEF
 0001:000326C4       GetEffectiveAddress
 0001:00051DCC       GetEIP
 0001:00052094       GetEmptySection
 0001:00000734       GetEnvironmentStrings
 0001:0000073C       GetEnvironmentVariable
 0001:00051CC4       GetESI
 0001:00037E98       GetESP
 0001:00051D74       GetESP
 0001:00008CF8       GetEurekaLogLabel
 0001:0003F654       GetEurekaLogModuleVersion
 0001:0004E6B8       GetExceptionAddress
 0001:0004E6A0       GetExceptionDate
 0001:0004EB78       GetExceptionMessage
 0001:0004E6EC       GetExceptionModuleName
 0001:0004E7A8       GetExceptionModuleVersion
 0001:0004E808       GetExceptionType
 0001:00040794       GetExceptMessage
 0001:00000744       GetExitCodeProcess
 0001:0000074C       GetExitCodeThread
 0001:000200A4       GetFieldValue
 0001:00000754       GetFileAttributes
 0001:00020FFC       GetFileContents
 0001:00025858       GetFileContents
 0001:000262B0       GetFileSize
 0001:00039AF8       GetFileSize
 0001:000144DC       GetFileSize
 0001:0000075C       GetFileTime
 0001:0004F8E0       GetFileVersionEx
 0001:00000934       GetFileVersionInfo
 0001:0000093C       GetFileVersionInfoSize
 0001:00000B14       GetFocus
 0001:00000B1C       GetForegroundWindow
 0001:00001F44       GetFramesCallStackDump
 0001:0004EE4C       GetFreeDisk
 0001:0004ECD8       GetFreeMemory
 0001:0004DABC       GetFunctionAsm
 0001:000119DC       GetFunctionSize
 0001:00008BCC       GetGMT
 0001:00008C0C       GetGMTDateTime
 0001:00000CD4       GetGValue
 0001:00000764       GetHandleInformation
 0001:0001110C       gethostbyname
 0001:00011114       gethostname
 0001:0002675C       GetHTMLPage
 0001:00025B98       GetHTTPResponse
 0001:0002164C       GetHTTPResponse
 0001:00000B24       GetIconInfo
 0001:00062D0C       GetImageData
 0001:0005EA34       GetImageNtHeaders
 0001:00010D54       GetImageNtHeaders
 0001:0004FAD4       GetIndexKeyName
 0001:0005646C       GetIntraWebExceptionType
 0001:0002B5C8       GetItemRect
 0001:00044378       GetItemText
 0001:0004E654       GetLanguageString
 0001:00000B2C       GetLastActivePopup
 0001:0000076C       GetLastError
 0001:00058510       GetLastEurekaLogErrorCode
 0001:00058518       GetLastEurekaLogErrorMsg
 0001:0003DB54       GetLastExceptionAddress
 0001:00058554       GetLastExceptionCallStack
 0001:0003DB5C       GetLastExceptionObject
 0001:000025D4       GetLeakCount
 0001:00020A10       GetListDefault
 0001:00020690       GetListValue
 0001:0004E528       GetLocaleDataA
 0001:0004E4E8       GetLocaleDataW
 0001:0000077C       GetLocaleInfo
 0001:00000784       GetLocaleInfoA
 0001:0000078C       GetLocaleInfoW
 0001:00000774       GetLocalTime
 0001:00008384       GetLongNameFromShort
 0001:00000794       GetMailslotInfo
 0001:0007A868       GetMainMenu
 0001:00038DC4       GetMainWindow
 0001:000009DC       GetMapMode
 0001:0001EB68       GetMD5
 0001:00014380       GetModifiedDate
 0001:000082E0       GetModifiedDate
 0001:000396B8       GetModuleDescriptionAndVersion
 0001:0000079C       GetModuleFileName
 0001:000007A4       GetModuleHandle
 0001:000394AC       GetModulePath
 0001:00039588       GetModuleSize
 0001:00039E28       GetModulesList
 0001:00039C98       GetModulesWin9X
 0001:00039B34       GetModulesWinNT
 0001:00039618       GetModuleVer
 0001:000423B0       GetMonitorWorkAreaFromActiveWnd
 0001:0004238C       GetMonitorWorkAreaFromWnd
 0001:000422A8       GetMonitorWorkAreaFromWndEx
 0001:00008990       GetMultiConfigurationString
 0001:00013AD8       GetMXBestRecord
 0001:00013A38       GetMXRecord
 0001:00013BC8       GetMXServerFromEmail
 0001:0005CF28       GetName
 0001:0005FB68       GetNameTableSize
 0001:0004F75C       GetNetworkData
 0001:000009E4       GetObject
 0001:000023B8       GetObjectCaller
 0001:00049658       GetOptimizedPalette
 0001:0006B28C       GetOptionFromCfgFile
 0001:000208EC       GetOptionsDefault
 0001:000031BC       GetOptionsFromExeFile
 0001:00020490       GetOptionsValue
 0001:0004E4A0       GetOSBuild
 0001:0004E688       GetOSCharset
 0001:0004E67C       GetOSLanguage
 0001:00037878       GetOSType
 0001:0004E4D4       GetOSUpdate
 0001:00035538       GetOutOfMemoryCache
 0001:00049238       GetPaletteColors
 0001:0004E270       GetParameters
 0001:0003F9A0       GetPassword
 0001:000009EC       GetPixel
 0001:00001964       GetPrinterDriver
 0001:00050980       GetPrinterStr
 0001:000007AC       GetPriorityClass
 0001:000007B4       GetPrivateProfileString
 0001:000007BC       GetProcAddress
 0001:00064C94       GetProcedureBySymbol
 0001:0003A754       GetProcessesList
 0001:0004F058       GetProcessor
 0001:00039A64       GetProcessThreads
 0001:00007BE0       GetProfileFolder
 0001:000007C4       GetProfileString
 0001:0007A95C       GetProjectMenu
 0001:00001FBC       GetRawCallStackDump
 0001:00003120       GetRawOptions
 0001:00008208       GetReadableSize
 0001:00001C54       GetReadableSize
 0001:0003D348       GetRealFileName
 0001:0003206C       GetRefAddress
 0001:000321CC       GetRegName
 0001:0005F914       GetResource
 0001:0003B9F4       GetResourceData
 0001:000030D8       GetResourceData
 0001:0005EA84       GetResourceSecNo
 0001:0005F8D4       GetResourceStr
 0001:00000CD0       GetRValue
 0001:0003BD40       GetSourceInfoByAddr
 0001:00052004       GetStack
 0001:0004EF8C       GetStartDate
 0001:000007CC       GetStartupInfo
 0001:000009F4       GetStockObject
 0001:0003C4B0       GetSymbolAddr
 0001:00000B34       GetSysColor
 0001:000007D4       GetSystemDefaultLangID
 0001:00000B3C       GetSystemMetrics
 0001:000009FC       GetSystemPaletteEntries
 0001:000007DC       GetSystemTime
 0001:0004F1FC       GetSystemUpTime
 0001:0001FE58       GetTagValue
 0001:000007E4       GetTempPath
 0001:00020284       GetTextAreaValue
 0001:00000A04       GetTextExtentPoint32
 0001:00041374       GetTextHeight
 0001:000414CC       GetTextWidth
 0001:000007EC       GetThreadContext
 0001:00041B4C       GetThreadData
 0001:000563F4       GetThreadParams
 0001:000007F4       GetThreadPriority
 0001:000007FC       GetTickCount
 0001:00000424       GetTlsSize
 0001:0000060C       GetTokenInformation
 0001:00037EA0       GetTopOfStack
 0001:0004EEEC       GetTotalDisk
 0001:0004EC48       GetTotalMemory
 0001:000506AC       GetUserEmail
 0001:00000614       GetUserName
 0001:00007C9C       GetUserPath
 0001:00021D98       GetValueFromIndex
 0001:00039A9C       GetVersionNumber
 0001:0004FCA4       GetVideoCardStr
 0001:000114A8       GetVirtualMethod
 0001:00000B44       GetWindowDC
 0001:00000B4C       GetWindowLong
 0001:00000B54       GetWindowPlacement
 0001:00000B5C       GetWindowRect
 0001:00000804       GetWindowsDirectory
 0001:00000B64       GetWindowText
 0001:00000B6C       GetWindowThreadProcessId
 0001:00008F60       GetWorkingFile
 0001:0000080C       GlobalAlloc
 0001:00000814       GlobalFree
 0001:0000081C       GlobalLock
 0001:00000824       GlobalMemoryStatus
 0002:0000B048       GlobalSendValues
 0001:0000082C       GlobalUnlock
 0002:0000A9D4       Global_AttachedFiles
 0002:0000A98B       Global_CloseDialog
 0002:0000A9C8       Global_CurrentEvent
 0002:0000A9DC       Global_DataFields
 0002:0000A9A8       Global_ExceptionRecord
 0002:0000A988       Global_Execute
 0002:0000A989       Global_Handled
 0002:000061D0       Global_IntoHandleException
 0002:0000A9E4       Global_IntraWebText
 0002:0000A9D0       Global_LastInitPassword
 0002:0000A9E0       Global_Module
 0002:0000A9CC       Global_Password
 0002:0000A98A       Global_Retry
 0002:0000A9D8       Global_WebFields
 0002:0000A9E8       Global_WebTextID
 0001:0005673C       GoNotify
 0001:000646F8       GoToNextLine
 0001:0006474C       GotoSection
 0002:000051C8       GroupsOpcodes
 0002:00005308       GroupsOperands
 0001:0005AF6C       HandleAnyExceptionAddr
 0002:0000A6E8       HandleAnyExceptionAddr_Variable
 0001:00002B00       HandleAnyLeak
 0001:0005B010       HandleAutoExceptionAddr
 0002:0000A6F0       HandleAutoExceptionAddr_Variable
 0001:0002C08C       HandleBackgroundState
 0002:0000A850       HandledCache
 0002:0000A84C       HandledCacheCount
 0002:0000A940       HandledCacheCriticalSection
 0002:0000A660       HandledExceptionNotify
 0001:0000237C       HandleError
 0001:0005AFB8       HandleOnExceptionAddr
 0002:0000A6EC       HandleOnExceptionAddr_Variable
 0002:000063D0       HandleValues
 0001:00038CC8       HasWindowASize
 0001:0005CC48       HelpPath
 0002:00006448       HelpTime
 0002:00007004       HInstance
 0001:00000CA0       HiWord
 0001:00062D2C       hModule
 0001:0006D94C       HookApplicationOnException
 0001:0003EEAC       HookBPLProcedureByAddr
 0001:0003EF20       HookBPLProcedureBySymbol
 0001:0001208C       HookDllProcedure
 0001:00012490       HookDllProcedureEx
 0001:00057408       HookedCreateThread
 0001:00056C58       HookedExceptionObject
 0001:00056E28       HookedExceptProc
 0001:00057880       HookedExitThread
 0002:000062D4       HookedFunctions
 0001:00057968       HookedHttpExtensionProc
 0002:000070B8       HookedMethodsList
 0002:000070B0       HookedProcedures
 0001:00056B18       HookedRaise
 0001:00057664       HookedResumeThread
 0001:0005704C       HookedRTLThreadProc
 0001:00056D70       HookedRtlUnwind
 0001:00056EF4       HookedThreadExecute
 0001:0005717C       HookedThreadProc
 0001:00057934       HookedWriteClientProc
 0001:00056D98       HookedWriteFile
 0001:00058FC8       Hooked_CGIHandleServerException
 0001:000590DC       Hooked_CLXHandleException
 0001:0005910C       Hooked_CLXShowException
 0001:000597A8       Hooked_DoneExcept
 0001:00059778       Hooked_IndyThreadHandleException
 0001:00059160       Hooked_IntraWebCreateServer
 0001:0005945C       Hooked_IntraWebSendResponse
 0001:00058FF8       Hooked_ISAPIHandleServerException
 0001:000596C4       Hooked_NTServiceLogMessage
 0001:00059028       Hooked_VCLHandleException
 0001:0005909C       Hooked_VCLShowException
 0001:0005B880       HookingModuleName
 0001:0005B8A4       HookingRTLModuleName
 0002:0000B5D0       HookKey
 0001:0005B268       HookLastFInit
 0001:0005B1E0       HookLastInit
 0001:00011CB8       HookProcedure
 0001:00011DCC       HookProcedureEx
 0001:0003EE14       HookSymbolProcedure
 0001:000114F4       HookVirtualMethod
 0001:0005B278       Hook_InitializationAndFinalization
 0001:0005B40C       Hook_OnExceptionEvents
 0001:0004ACE8       HostName
 0002:00003844       HTMLChars
 0002:00003544       HTMLDelimiters
 0001:000110E4       htons
 0002:0000A618       HttpAddRequestHeaders
 0002:0000A628       HttpEndRequest
 0002:0000A614       HttpOpenRequest
 0002:0000A62C       HttpQueryInfo
 0002:0000A61C       HttpSendRequest
 0002:0000A620       HttpSendRequestEx
 0001:00025DF8       HTTPUploadFiles
 0002:000061E8       IDATHeader
 0001:000490D8       IDATWrite
 0002:0000A97C       IDC_CURSOR
 0001:0006DA08       IDECatchEnabled
 0002:0000B534       IDEManager
 0002:0000B524       IDEOptionsForm
 0002:00006440       IDE_Idx
 0001:00035884       ifelseStr
 0001:000358FC       ifStr
 0002:000061F4       iLevel
 0001:0002B880       ImageList_Add
 0001:0002B878       ImageList_Create
 0001:0002B888       ImageList_Destroy
 0001:0000164C       Imm
 0001:0004D95C       ImmidiateDataProc
 0002:00006408       ImplementationWord
 0002:0000A7F0       InactiveThreads
 0001:000626B4       IncludeLastBackslash
 0001:0000BB5C       IncludeLastBackslash
 0002:0000A820       IndyHooked
 0002:0000A728       IndyThread_HandleException
 0002:0000A70C       Indy_OnException
 0001:0001AC64       inflate
 0001:00019550       inflateBack
 0001:0001A37C       inflateBackEnd
 0001:00019368       inflateBackInit_
 0001:0001BB1C       inflateEnd
 0001:00013F7C       InflateInit
 0001:0001AA2C       inflateInit_
 0001:0001A8A4       inflateReset
 0001:00007D1C       IniDir
 0001:0000346C       Init
 0001:00012560       Init
 0001:0007C198       Init
 0001:0005E144       Init
 0001:000785A4       Init
 0001:0000C078       Init
 0001:0006EFF4       Init
 0001:00013DDC       Init
 0001:0005BA78       Init
 0001:0007BF04       Init
 0001:0006C1C8       Init
 0001:00059A88       InitCheckFreeze
 0001:00048FDC       InitDeflate
 0001:0007AE30       InitDelayedMenu
 0002:0000640C       InitializationWord
 0001:00000834       InitializeCriticalSection
 0002:000061B4       Initialized
 0002:00000B5C       Initialized
 0001:00000528       InitializeModule
 0001:0001EE58       InitKey
 0001:00020CA4       InitLib
 0001:0007AA7C       InitMenu
 0001:0007AEDC       InitNotifier
 0001:00000470       InitProcessTLS
 0001:00049810       InitScreenshot
 0001:0000042C       InitThreadTLS
 0001:00042428       InsertColumn
 0001:0003543C       InsertHandled
 0001:0006C004       InstalledPackage
 0002:00007088       InstallNewMemoryManager
 0001:0005B898       InstanceModuleName
 0001:0007C0D0       InternalActionNotify
 0001:00060F98       InternalCheckCompiler
 0001:00012A68       InternalCleanup
 0001:00038340       InternalCriticalError
 0002:0000A7C4       InternalErrorCode
 0002:0000A7C8       InternalErrorMsg
 0001:000549D4       InternalExceptNotify
 0001:0003A970       InternalFileExists
 0001:000794B0       InternalFindProcStartLineDelphi
 0001:0007859C       InternalGetCurrentPersonality
 0001:0006C1C0       InternalGetCurrentPersonality
 0001:0006EDCC       InternalHookDllProcedureEx
 0002:000070A0       InternalIntoIDE
 0001:00078464       InternalIsAcceptableProject
 0001:00062BE8       InternalIsAcceptableProject
 0001:0004A01C       InternalSendMail
 0001:00012A38       InternalStartup
 0001:0005A798       Internal_AddLeak
 0001:00002940       Internal_AddLeak
 0001:0005AEB8       Internal_Finalization
 0001:0005AEA0       Internal_MultiFreeProc
 0001:0005AE88       Internal_OverrunProc
 0001:0000292C       Internal_ResetLeaks
 0001:0005A42C       Internal_ResetLeaks
 0001:000029F0       Internal_ShowLeaks
 0001:0005A918       Internal_ShowLeaks
 0002:0000A630       InternetCloseHandle
 0002:0000A610       InternetConnect
 0002:0000A648       InternetGetConnectedState
 0002:0000A63C       InternetGetLastResponseInfo
 0002:0000A60C       InternetOpen
 0002:0000A640       InternetOpenUrl
 0002:0000A644       InternetReadFile
 0002:0000A634       InternetSetOption
 0002:0000A624       InternetWriteFile
 0002:0000A749       IntoFinalization
 0001:00008D64       IntoIDE
 0002:0000A748       IntoInitialization
 0002:0000A750       IntraWebApplication
 0002:0000A758       IntraWebCompressedPage
 0002:0000A754       IntraWebServerController
 0001:0005B32C       IntraWeb_BPL
 0002:0000A700       IntraWeb_CreateServer
 0002:0000A760       IntraWeb_NewEvent
 0001:000565D0       IntraWeb_OnExceptionEvent
 0001:00056550       IntraWeb_OnExceptionEvent_New
 0001:000564C8       IntraWeb_OnExceptionEvent_Old
 0002:0000A708       IntraWeb_OnException_New
 0002:0000A704       IntraWeb_OnException_Old
 0002:0000A718       IntraWeb_SendResponse
 0002:0000A714       IntraWeb_ShowMessage
 0002:0000A75C       IntraWeb_Version
 0001:00000B74       InvalidateRect
 0001:00000B7C       InvalidateRgn
 0001:000110EC       ioctlsocket
 0002:0000B508       IsAcceptableProject
 0001:000024E4       IsALeakChild
 0001:00038EDC       IsANewProcessWindow
 0001:00037648       IsAParent
 0001:00037538       IsAParentClassStr
 0001:00001E00       IsAParentClassStr
 0001:0003770C       IsAParentClassStr_Unsafe
 0001:000376B8       IsAParents
 0001:00037620       IsAParentStr
 0001:000377EC       IsAParentStr_Unsafe
 0002:0000A734       ISAPIHandleException
 0002:0000A69C       ISAPI_HttpExtensionProc
 0002:0000A6A4       ISAPI_Proc
 0002:000061A0       ISAPI_SendError
 0002:0000A6A0       ISAPI_WriteClientProc
 0001:0000083C       IsBadReadPtr
 0001:0005474C       IsBorlandThread
 0001:0003A93C       IsCGI
 0001:00050D7C       IsCompatibleException
 0001:0003B8FC       IsCompiledWithPackages
 0001:00003288       IsCompiledWithPackages
 0001:00060F9C       IsConvertingOldOptionsFile
 0001:00038EC4       IsCurrentProcessWindow
 0001:00037350       IsDebugged
 0001:0000D888       IsDecDigit
 0001:00037E84       IsDelphiException
 0002:0000AC3C       IsDialogShowed
 0001:00061AEC       IsEncoded
 0001:0001FDC4       IsEnd
 0001:00058E24       IsEurekaLogActive
 0001:00058D48       IsEurekaLogActiveInThread
 0001:0003F620       IsEurekaLogCompatibleModule
 0001:0005816C       IsEurekaLogInstalled
 0001:0003F5FC       IsEurekaLogModule
 0001:0003F56C       IsEurekaLogModule_New
 0001:0003F458       IsEurekaLogModule_Old
 0001:00061164       IsEurekaLogOptionsFile
 0001:00060FA0       IsEurekaLogPackage
 0001:0003EF58       IsExceptionHandled
 0001:00008F44       IsFileOK
 0002:0000A969       IsFilterDialog
 0001:0006F34C       IsGreaterVersion
 0001:0003ABB0       IsGUI
 0001:00056044       IsHandledSafeCallException
 0001:00059294       IsHTMLPage
 0001:00000B84       IsIconic
 0001:00002FF4       IsIntoIDE
 0001:0003AB78       IsIntraWeb
 0001:0003AB3C       IsISAPI
 0001:0003B8A0       IsLocalStorageProc
 0001:0005473C       IsMainThread
 0001:00038D04       IsMainWindow
 0001:00037808       IsManageableObject
 0002:00007080       IsMemoryManagerOwner
 0001:00039208       IsModuleLibrary
 0001:00001C10       IsObjectCreation
 0001:00041028       ISODateTime
 0001:00059F08       IsOKDebugInfo
 0001:00008EE8       IsReadableFile
 0001:00020FE0       IsRealFile
 0001:0003B8F0       IsRTLCompiledWithStackFrames
 0001:0003B8C0       IsStackFramesProc
 0001:00008290       IsValidBlockAddr
 0001:00001CDC       IsValidBlockAddr
 0001:00061ADC       IsValidChar
 0001:00001DB0       IsValidClass
 0001:000374AC       IsValidClass
 0001:00013524       IsValidDNS
 0001:00072C38       IsValidEmail
 0001:00047878       IsValidEmail
 0001:000373C0       IsValidHandle
 0001:0003565C       IsValidModule
 0001:0003750C       IsValidObject
 0001:00037420       IsValidRunningThread
 0001:0006F3E8       IsValidVersionString
 0001:0003AB84       IsWeb
 0001:00037840       IsWin95
 0001:00011FD4       IsWin9xDebugThunk
 0001:0003A9E0       IsWinCGI
 0001:00000B8C       IsWindow
 0001:00054768       IsWindowsThread
 0001:00000B94       IsWindowVisible
 0001:0003785C       IsWinNT
 0001:00039EC0       IsWinNT4
 0001:00039EDC       IsWinVista
 0001:0000BC0C       IsWinVista
 0001:00008E50       IsWritableFile
 0001:00062778       IsXMLText
 0001:0003B95C       Is_HandleOnException_Handled
 0001:000116EC       JumpToMem
 0002:0000A68C       Kernel_CreateThread
 0002:0000A694       Kernel_ExitThread
 0002:0000A684       Kernel_RaiseException
 0002:0000A690       Kernel_ResumeThread
 0002:0000A688       Kernel_RtlUnwind
 0002:0000A698       Kernel_WriteFile
 0001:00000C8C       keybd_event
 0002:0000A5F0       KeyData
 0001:00039024       KillApplication
 0001:00063220       KillInutilChars
 0001:00078E78       KillInutilChars
 0001:00000B9C       KillTimer
 0002:0000A6E0       LanguageStr
 0002:000063FC       LastActiveOption
 0002:00006400       LastActiveProject
 0002:0000A964       LastBugID
 0002:0000A794       LastDelphiException
 0002:0000A824       LastDumpCriticalSection
 0002:00007098       LastEurekaVersion
 0002:0000A784       LastExceptAddr
 0002:000061B8       LastExceptionAddress
 0002:0000A840       LastExceptionCallStackAddress
 0002:0000A848       LastExceptionCallStackDump
 0002:0000A844       LastExceptionCallStackSize
 0002:0000A7A4       LastExceptionLog
 0002:0000A960       LastExceptionMessage
 0002:000061BC       LastExceptionObject
 0002:0000A7A0       LastExceptionRecord
 0002:0000A83C       LastExceptionThreadID
 0002:0000A95C       LastExceptionType
 0002:0000A798       LastExceptMessage
 0002:0000A790       LastExceptObject
 0002:0000A78C       LastExceptThreadID
 0002:0000A6FC       LastFinalizationPtr
 0002:0000A740       LastHTMLPage
 0002:0000A6F8       LastInitializationPtr
 0002:0000A744       LastInitPointer
 0002:0000B564       LastItem
 0002:0000A7A8       LastLog
 0002:000063B4       LastOpenedOptionFile
 0002:0000B568       LastOption
 0002:0000A974       LeakAddr
 0001:00002B88       LeaksCheck
 0002:0000708A       LeaksOptions
 0002:000061B0       LeaksStackList
 0002:0000A970       LeakTotalCount
 0002:0000A96C       LeakTotalSize
 0001:00000844       LeaveCriticalSection
 0002:0000ABE8       LeftButton
 0001:00071980       ListAllCollections
 0002:0000ABE0       ListHeight
 0001:00066B48       ListLen
 0002:0000ABDC       ListWidth
 0001:00035D7C       Load
 0001:00000BA4       LoadBitmap
 0001:00000BAC       LoadCursor
 0001:0003FA30       LoadData
 0001:0003F830       LoadData_Old
 0001:0003FE4C       LoadDebugInformation
 0001:0005B920       LoadFromFile
 0001:0000084C       LoadLibrary
 0001:00000854       LoadLibraryEx
 0001:0000085C       LoadResource
 0001:0003D9A0       LoadTextFile
 0001:000720E4       LoadTextsFromFile
 0001:000003E8       LocalAlloc
 0001:0004E56C       LocalesCallback
 0001:000003F0       LocalFree
 0001:00001F08       LockCheck
 0001:00056730       LockCheck
 0001:00000864       LockResource
 0001:00001F14       LockVariable
 0001:0004BF14       LogFileMessage
 0001:0004AD20       LoggedUserName
 0001:0003A930       LogicToPhysicAddr
 0001:0000061C       LookupPrivilegeName
 0001:0001E294       LRot32
 0001:0006DD34       MailSlotCreate
 0002:0000B548       MailSlotName
 0002:0000B540       MailSlotOK
 0001:0006DDE4       MailSlotRead
 0001:00044100       MailSlotSend
 0002:0000B53C       MailSlotSrv
 0002:0000B544       MailSlotTimer
 0002:0000AC38       MainDialog
 0002:0000A77C       MainThreadHandle
 0002:0000A780       MainThreadTopOfStack
 0001:00000C94       MakeLong
 0001:0001E1A4       make_crc_table
 0002:0000A978       ManualAntiFreeze
 0001:00064A50       MapError
 0001:0003E500       MappedExceptionObject
 0001:0000086C       MapViewOfFile
 0001:00000BB4       MapVirtualKey
 0002:000061EC       Mask
 0002:00006238       MasterOptionsFile
 0001:0000D440       Max
 0002:00001E00       MaxBugOccurrences
 0001:0003F11C       MaxReadableSize
 0002:000061CC       MemoryOverrunExceptionText
 0002:0000708C       MemoryPages
 0001:00000BBC       MessageBeep
 0001:00000BC4       MessageBox
 0002:0000B56C       MessageForm
 0001:00000D6C       Messages
 0001:0000D448       Min
 0002:00007084       MMWindow
 0001:00062E54       ModifyImportFunction
 0001:00032174       ModRM
 0001:00011768       ModRMByte
 0002:00000008       Module
 0001:00042F00       ModuleBmp
 0001:00035570       ModuleFileName
 0001:00010E24       ModuleFileName
 0001:0001170C       ModuleFileName
 0001:0005EA38       ModuleHnd
 0001:000391F4       ModuleInfoByAddr
 0001:00039138       ModuleInfoByHandle
 0002:0000A7FC       ModuleInfoData
 0002:000061C4       ModuleInfoHandle
 0001:0003A920       ModuleInitTable
 0002:00007000       ModuleIsLib
 0002:00007001       ModuleIsPackage
 0001:00003200       ModuleName
 0002:0000B4FC       ModuleOptions
 0002:000061A4       ModulesList
 0001:00042FF8       ModulesListDialogProc
 0001:00000874       MoveFile
 0001:0005EA48       MoveResourceData
 0001:00000BCC       MoveWindow
 0001:0000087C       MulDiv
 0002:000061C8       MultiFreeExceptionText
 0002:00007048       MultiFreeProc
 0002:0000A9C4       MustFreeGlobalMappedObject
 0001:000547B8       MustPauseThisThread
 0001:0005460C       MustRestoreApplication
 0001:000545CC       MustSendMessage
 0001:0007BE24       MyKeyHook
 0002:0000B59C       NameSet
 0002:00006218       NameSet
 0001:000273E4       NeedConvertNotDosText
 0002:00003534       NetLib
 0001:0006EE48       NewCreateFile
 0001:000458DC       NewDialogProc
 0001:00041590       NewDialogProc
 0001:00048BCC       NewDialogProc
 0001:00002430       NewFreeMem
 0001:000023C4       NewGetMem
 0001:0006EF34       NewLoadLibrary
 0002:00000038       NewMemoryManager
 0001:00047B48       NewMSDialogProc
 0001:00002464       NewReallocMem
 0001:000401F4       NextItem
 0002:00000950       NoChars
 0002:0000AA28       NonClientMetrics
 0001:0002B0B0       NormalizePos
 0002:0000A981       NoSynchronizeEvent
 0002:0000B55C       NotifiersList
 0002:0000A7F9       NotLoadDebugInfo
 0002:0000A724       NTService_LogMessage
 0001:00000BD4       OffsetRect
 0002:00006244       OkChars
 0002:000063F8       OldActiveOption
 0002:0000B558       OldCreateFile
 0002:0000A6D4       OldExceptObjProc
 0002:0000A6C4       OldExceptProc
 0002:0000A98C       OldGlobal_ExceptionRecord
 0002:0000B554       OldLoadLibrary
 0002:00007060       OldMemoryManager
 0002:0000B54C       OldOnException
 0001:000639C8       OldOptionFileExt
 0001:0004D844       OnCallInstr
 0002:000049C8       OneByteOpcodes
 0001:00008128       OneString
 0001:0003597C       OneString
 0002:0000A774       OnlySafeCallExceptions
 0001:0004D954       OnRefProc
 0002:00000A1C       OpCodeLongJump1Byte
 0002:00000A3C       OpCodeLongJump2Bytes
 0002:000009BC       OpCodePrefixes
 0002:000009FC       OpCodeReturn
 0002:000009DC       OpCodeShortJump
 0001:00000BDC       OpenClipboard
 0002:000061D4       Opened_LogFile_Name
 0001:000441F8       OpenIDEEditor
 0001:0003CFE8       OpenLogFile
 0001:0000196C       OpenPrinter
 0001:00000884       OpenProcess
 0001:00000624       OpenProcessToken
 0001:00025C50       OpenRequest
 0001:00032C34       Operand
 0001:000639B0       OptionFileExt
 0002:00006430       OptItem
 0002:00006438       OptItemBmp
 0002:00006434       OptView
 0002:0000ABC8       OriginalHeight
 0002:0000A74C       OriginalThreadProc
 0002:0000ABC4       OriginalWidth
 0001:0004FAA0       OSSupportDisplayAPI
 0002:0000A984       OutOfMemoryCache
 0001:0000088C       OutputDebugString
 0002:00007044       OverrunProc
 0002:00001D30       p
 0001:0005CA64       PackagePath
 0001:00020B7C       ParserHTML
 0002:0000A66C       PasswordRequest
 0001:00000BE4       PeekMessage
 0001:0000F218       PEInitialize
 0001:0000F178       PeMapImgFindSection
 0001:0000F1D4       PeMapImgNtHeaders
 0001:00011FE8       PeMapImgNtHeaders
 0001:0000F164       PeMapImgSections
 0002:0000B4AC       PNG_Bitmap
 0002:0000B064       PNG_ColoursCount
 0002:0000B090       PNG_CRCList
 0002:000061DC       PNG_CRCListed
 0002:0000B4A0       PNG_Cursor
 0002:0000B074       PNG_Data
 0002:0000B06C       PNG_DataSize
 0002:0000B4A8       PNG_DCCompatible
 0002:0000B4A4       PNG_DCScreen
 0002:0000B08C       PNG_Encode_Data
 0002:0000B088       PNG_Encode_Filter
 0002:0000B49C       PNG_FocusWnd
 0002:0000B078       PNG_HeaderData
 0002:0000B4B4       PNG_Height
 0002:0000B498       PNG_HWindow
 0002:0000B070       PNG_ImgData
 0002:0000B490       PNG_pal
 0002:0000B068       PNG_RowBytes
 0002:0000B494       PNG_UsePal
 0002:0000B4B0       PNG_Width
 0001:00038F24       PopulateCurrentProcessWindows
 0001:000085B0       PosEx
 0001:000627F4       PosEx
 0001:00000BEC       PostMessage
 0001:0004D1D4       PrepareFilesToSend
 0001:00039960       PriorityToString
 0002:0000641C       ProcArray
 0001:0004AAE0       ProcessDialogMessages
 0002:000061A8       ProcessesList
 0001:0004372C       ProcessesListDialogProc
 0001:000494D4       ProcessImage
 0001:00040694       ProcessMessage
 0001:00055F40       ProcessMessages
 0001:000629B0       ProcessText
 0002:0000353C       ProxyPassword
 0002:00003540       ProxyServer
 0002:00003538       ProxyUserName
 0001:00000BF4       PtInRect
 0002:00000004       PtrToNil
 0002:00000990       PublicsByNameHeader
 0002:000009A0       PublicsByValueHeader
 0001:00001FE4       PurgeCallStack
 0001:00040264       PurgeCallStack
 0001:00002A04       PurgeCallStacks
 0001:0001FC34       PurgeHTMLCode
 0001:000028BC       PurgeInvalidLeaks
 0001:00054664       PurgeModulesList
 0001:0002004C       PurgeQuotes
 0001:0004E1A8       PurgeString
 0001:00008648       QuickStringReplace
 0001:00008B18       RADDir
 0001:00008A84       RADRegistryKey
 0002:0000A788       RaisedExceptAddr
 0002:0000ABB0       rClick
 0001:0003F178       ReadAddr
 0001:0000D978       ReadAddress
 0001:00007F30       ReadBool
 0001:0003204C       ReadByte
 0001:0000D8C8       ReadDecValue
 0001:0003200C       ReadDWord
 0001:0004FBBC       ReadDWordKey
 0001:0003BA3C       ReadEncodeString
 0001:00000894       ReadFile
 0001:000643C4       ReadHex
 0001:0000D8FC       ReadHexValue
 0001:00064420       ReadInt
 0001:00007EAC       ReadInteger
 0001:0000887C       ReadKey
 0001:00063818       ReadKeyList
 0001:00009C94       ReadRawStrings
 0001:000322E0       ReadSib
 0001:000424EC       ReadState
 0001:0000A240       ReadString
 0001:00007D94       ReadString
 0001:0000D9B4       ReadString
 0001:00064464       ReadString
 0001:0006363C       ReadStrings
 0001:0000D89C       ReadTextLine
 0001:0003202C       ReadWord
 0001:0005AF58       RealAddr
 0002:0000ABD8       RealHeight
 0002:0000ABCC       RealLeft
 0001:0003A204       RealPriority
 0001:0007B5D4       RealProjectName
 0001:0003D684       RealTmpLastHTMLPage
 0002:0000ABD0       RealTop
 0002:0000ABD4       RealWidth
 0001:000110F4       recv
 0001:0004941C       ReduceTree
 0001:0000062C       RegCloseKey
 0001:00000634       RegEnumKeyEx
 0001:0000063C       RegEnumValue
 0001:0007C168       Register
 0001:00000644       RegOpenKeyEx
 0001:0000064C       RegQueryInfoKey
 0001:00000654       RegQueryValueEx
 0001:0000185C       RegStr
 0001:00000BFC       ReleaseDC
 0001:00011B34       RelocateMemory
 0001:00077A34       RemoveEurekaUnit
 0001:00002904       RemoveExtraLeaks
 0001:0004F6DC       RemoveLastSeparator
 0001:00002A84       RemoveLeaksSons
 0001:00002760       RemoveMemBlock
 0001:00066BCC       RemoveUnit
 0001:000335D0       Replacer
 0001:00040FAC       ResetAutoCloseTimer
 0001:0004AD5C       ResetCounting
 0001:00055F10       ResetGlobalVars
 0002:00007050       ResetLeaks
 0002:000009B0       ResourceFilesHeader
 0001:0005EDFC       ResourceNameToInt
 0001:0005EDA4       ResourceWideCharToStr
 0001:0003E62C       RestoreGlobalExceptionRecord
 0001:0000089C       ResumeThread
 0001:00037AB4       RFCDate
 0001:00000CB4       RGB
 0001:00001A9C       RichEdit
 0001:0003EDF4       RoundMatch
 0001:0003EE0C       RoundMatchPtr
 0002:0000ABA0       rSupport
 0001:00035DC8       RTF_LoadFromStream
 0001:00035DF4       RTF_LoadFromText
 0001:0000BEA4       SafeExec
 0001:0000D4CC       SafeLoadFromFileToStream
 0002:0000B060       SavedLastHTMLPage
 0001:0003D45C       SavedScreenshot
 0001:0003E58C       SaveGlobalExceptionRecord
 0001:00050C14       SaveLogFile
 0001:0005FC24       SaveNode
 0001:00049FE0       SaveScreenshot
 0001:00049FF8       SaveScreenshotToStream
 0001:00042788       SaveState
 0001:00074914       SaveTextsToFile
 0001:0005FEBC       SaveToSection
 0001:00000C04       ScreenToClient
 0001:0000D450       SearchDynArray
 0001:00027A08       SearchItem
 0001:000274F0       SearchNextItem
 0001:0002137C       SearchPort
 0001:000212F0       SearchWord
 0001:0000E174       Search_MapLineNumber
 0001:0000E340       Search_MapProcName
 0001:00062D3C       SecDelta
 0002:00000980       SegmentsHeader
 0002:00006444       SelectedComponent
 0001:00000A0C       SelectObject
 0001:00000A14       SelectPalette
 0001:000110FC       send
 0001:0004B108       SendCommandEx
 0001:0004C6D0       SendEmailMessage
 0001:0004D528       SendInternetMessage
 0001:00000C0C       SendMessage
 0001:00000C14       SendMessageTimeout
 0001:0004D088       SendWebMessage
 0001:000255C0       SendWebTrakerReport
 0002:0000642C       SepItem
 0002:0000A6A8       ServerECB
 0001:00040F68       SetAutoCloseTimer
 0001:00040FF8       SetAutoTopMost
 0001:00000A1C       SetBkColor
 0001:00000A24       SetBkMode
 0001:00000C1C       SetClipboardData
 0001:00038F40       SetClipboardText
 0001:0004AD38       SetCounting
 0001:0005829C       SetCurrentStackPointer
 0001:00000C24       SetCursor
 0001:00040780       SetCustomErrorMessage
 0001:0005B864       SetDebugHook
 0001:0007C0CC       SetDefaultOptions
 0001:00076DEC       SetDefine
 0001:000424A4       SetDialogRect
 0001:00042920       SetDialogState
 0001:00000A2C       SetDIBColorTable
 0001:00074C7C       SetEnum
 0001:000008A4       SetEnvironmentVariable
 0001:00054810       SetEnvVariables
 0001:0004C894       SetError
 0001:00038BCC       SetErrorType
 0001:00058DA0       SetEurekaLogInThread
 0001:00058E1C       SetEurekaLogState
 0001:000372FC       SetEventAddr
 0001:000008AC       SetFileTime
 0001:00000C2C       SetFocus
 0001:00000C34       SetForegroundWindow
 0001:0004CD3C       SetFullURL
 0001:00079890       SetGlobalVariables
 0001:00079720       SetGlobalVariables
 0001:00055FDC       SetHandledWithEurekaLog
 0001:00056EB0       SetIndyEvent
 0001:00040E64       SetInitDialog
 0001:00038A7C       SetInternalError
 0001:000565E4       SetIntraWebEvent
 0001:000353E8       SetItem
 0001:00056B08       SetLastECX
 0001:000008B4       SetLastError
 0001:00040778       SetLastException
 0001:00040750       SetLastExceptionData
 0001:0003DB74       SetLastExceptionObject
 0001:00056638       SetLastExceptStack
 0001:00056AF8       SetLastStackPointer
 0001:0005AF5C       SetMainThreadTopOfStack
 0001:00000A34       SetMapMode
 0001:000021E0       SetOurPointer
 0001:000256F8       SetProxyAuthenticationData
 0001:0002568C       SetProxyServer
 0001:00045734       SetRectangles
 0001:00048B30       SetRectangles
 0001:000407C0       SetRectangles
 0001:00035EA8       SetRTFBackColor
 0001:0004AC78       SetSendDialogBar
 0001:0004AB4C       SetSendDialogLabel
 0001:0004AC40       SetSendDialogSingleLabel
 0001:0005C798       SetSingle
 0001:00000A3C       SetTextColor
 0001:00000C3C       SetTimer
 0001:000114B0       SetVirtualMethod
 0001:0004CD84       SetWebTrakerError
 0001:00000C44       SetWindowLong
 0001:00000C4C       SetWindowPlacement
 0001:00000C54       SetWindowPos
 0001:00000C5C       SetWindowsHookEx
 0002:00006368       SharedUnits
 0001:0000189C       ShellAPI
 0001:00001864       ShellExecute
 0001:0004C04C       ShellSendMail
 0001:00041550       ShiftWndBottom
 0001:000017B4       ShlObj
 0001:00077B60       ShowCompilerProgress
 0001:000488BC       ShowDialog
 0002:00005CA0       ShowEurekaLogUnits
 0001:0005CCB0       ShowHelp
 0002:0000AC35       ShowInDetailsMode
 0001:00058318       ShowLastExceptionData
 0002:00007054       ShowLeaks
 0001:0005CB68       ShowLog
 0001:00041934       ShowRequestDialog
 0001:00048E88       ShowSendDialog
 0001:00048E04       ShowSendDialogThread
 0001:0005CDB8       ShowTutorial
 0001:000546BC       ShowType
 0001:00000C64       ShowWindow
 0001:000321A0       Sib
 0001:00011750       SIDSize
 0001:00031F6C       SignedIntToHex
 0001:00025674       SimpleCheckError
 0001:0000E538       SimpleCryptString
 0001:00064A0C       SimpleUnitName
 0001:00035A74       SimpleWord
 0001:0005CEE4       SixSpaces
 0001:000008BC       SizeofResource
 0001:0000D854       SkipEndLine
 0001:00064724       SkipLines
 0001:00079320       SkipProcedure
 0001:0000D834       SkipWhiteSpace
 0001:000008C4       Sleep
 0001:0004BF54       SMTPSend
 0001:0004B9B4       SMTPSendEmail
 0001:0004B188       SMTPSendSingleEmail
 0001:00011104       socket
 0001:00058340       StandardEurekaError
 0001:000582C8       StandardEurekaNotify
 0001:00058E2C       StartAntiFreeze
 0001:0004DA84       StartComment
 0002:000061F8       StartComments
 0002:0000B57C       StartComments
 0002:0000A7B4       StartDir
 0002:0000A6CC       StartingDate
 0001:0007BED8       StartKeyHook
 0002:0000B5D8       StartTimer
 0001:00066858       StoreUnitNames
 0001:00010928       StringReplace
 0001:00064F44       StripRelocationTable
 0001:0000A1A4       StrToBin
 0001:00013750       StrToWord
 0002:0000ABC0       SupportLinkActive
 0001:000081E0       SupportsEx
 0001:000008CC       SuspendThread
 0001:0001ECC4       SwapDWord
 0002:00006284       SymbolNames
 0001:0003ED48       SynchronizeEvent
 0002:0000A7B8       SynchronizeExcept
 0002:0000A7BC       SynchronizeRaise
 0001:0000DA04       SyncToHeader
 0001:0000DACC       SyncToPrefix
 0001:00000604       SysInit
 0001:00000C6C       SystemParametersInfo
 0002:00000970       TableHeader
 0001:0006D5E8       TAboutForm.BigLabelClick
 0001:0006D584       TAboutForm.EmailClick
 0001:0006D5C8       TAboutForm.FormCloseQuery
 0001:0006D318       TAboutForm.FormCreate
 0001:0006D570       TAboutForm.FormKeyDown
 0001:0006D630       TAboutForm.Label5Click
 0001:0006D2DC       TAboutForm.SiteClick
 0001:0006D5C4       TAboutForm.TimerTimer
 0001:0006D5CC       TAboutForm.WhatBtnClick
 0001:00035284       TActiveXException.Create
 0001:0006C084       TBaseModule.AfterCompile
 0001:0006668C       TBaseModule.Assign
 0001:0006BF44       TBaseModule.BeforeCompile
 0001:0006539C       TBaseModule.BuildMapFile
 0001:000676B4       TBaseModule.Create
 0001:0006AA5C       TBaseModule.DeleteText
 0001:0006A510       TBaseModule.ErrorMessage
 0001:0006BE84       TBaseModule.ExecProgram
 0001:0006B384       TBaseModule.GetCommandLineOption
 0001:0006BAE0       TBaseModule.GetCompiledFile
 0001:0006B4C4       TBaseModule.GetCppBuilderOutputFile
 0001:0006BBEC       TBaseModule.GetMapFile
 0001:0006B208       TBaseModule.GetModuleInfo
 0001:0006B238       TBaseModule.GetModuleType
 0001:0006A990       TBaseModule.GetOptionFile
 0001:0006B8F0       TBaseModule.GetOutputDir
 0001:0006A688       TBaseModule.GetRealFileName
 0001:0006A9EC       TBaseModule.GetText
 0001:0006B990       TBaseModule.GetUnitDirs
 0001:0006AB10       TBaseModule.InsertText
 0001:0006A588       TBaseModule.IsReadOnly
 0001:00069460       TBaseModule.LoadOptions
 0001:000694AC       TBaseModule.LoadOptionsFromDefaultOptionFile
 0001:00067750       TBaseModule.LoadOptionsFromFile
 0001:00066DF4       TBaseModule.MakeLine
 0001:0006A8F8       TBaseModule.SaveOptions
 0001:0006A944       TBaseModule.SaveOptionsToDefaultOptionFile
 0001:000694F8       TBaseModule.SaveOptionsToFile
 0001:0006B994       TBaseModule.SetBplFile
 0001:0006ABD0       TBaseModule.SetDebugOptions
 0001:000666C0       TBaseModule.SetToDefaultOptions
 0001:0006F460       TCheckUpdate.Execute
 0001:000613C0       TCppBuilderWin32Personality.GetOptionValue
 0001:000613BC       TCppBuilderWin32Personality.GetPersonality
 0001:00061220       TCustomPersonality.GetOptionValue
[...]
  1798 0001:0007668B  1791 0001:0007668E  1800 0001:00076694  1802 0001:000766B5
  1803 0001:000766CF  1804 0001:00076713  1800 0001:00076716  1805 0001:0007671B
  1806 0001:0007673E  1808 0001:0007674F  1809 0001:00076765  1810 0001:00076787
  1813 0001:00076794  1814 0001:0007679D  1815 0001:000767A6  1816 0001:000767D1
  1820 0001:000767E8  1821 0001:000767EB  1822 0001:000767F8  1827 0001:000767FC
  1828 0001:00076800  1829 0001:0007682A  1830 0001:00076837  1831 0001:00076844
  1832 0001:00076851  1833 0001:0007685E  1834 0001:0007686B  1835 0001:00076878
  1837 0001:00076885  1839 0001:000768D3  1840 0001:000768E0  1841 0001:000768ED
  1842 0001:000768FA  1843 0001:00076907  1844 0001:00076914  1845 0001:00076921
  1850 0001:00076924  1851 0001:00076928  1852 0001:00076952  1853 0001:0007696D
  1854 0001:0007697A  1855 0001:00076987  1856 0001:00076994  1857 0001:000769A1
  1860 0001:000769A4  1861 0001:000769C0  1862 0001:000769D1  1863 0001:000769F7
  1865 0001:000769FB  1866 0001:00076A0D  1867 0001:00076A1F  1869 0001:00076A25
  1870 0001:00076A46  1874 0001:00076A4E  1875 0001:00076A5F  1878 0001:00076A88
  1881 0001:00076A90  1882 0001:00076A93  1883 0001:00076AA7  1887 0001:00076AAC
  1888 0001:00076AAF  1889 0001:00076AC0  1896 0001:00076AC4  1897 0001:00076AD1
  1899 0001:00076ADB  1900 0001:00076AE7  1902 0001:00076AF7  1903 0001:00076B0A
  1905 0001:00076B1D  1906 0001:00076B2B  1907 0001:00076B4A  1908 0001:00076B63
  1909 0001:00076B84  1911 0001:00076B8A  1922 0001:00076B98  1923 0001:00076BCC
  1924 0001:00076BD6  1925 0001:00076BDE  1927 0001:00076BE8  1929 0001:00076BFA
  1930 0001:00076C20  1931 0001:00076C46  1941 0001:00076C6E  1942 0001:00076C76
  1943 0001:00076C7E  1946 0001:00076C86  1948 0001:00076C8A  1951 0001:00076CD4
  1955 0001:00076CF4  1957 0001:00076D0F  1958 0001:00076D88  1981 0001:00076DEC
  1982 0001:00076E20  1983 0001:00076E31  1992 0001:00076E40  2009 0001:00076E4D
  2010 0001:00076E71  2011 0001:00076E7D  2013 0001:00076E85  2014 0001:00076E98
  2015 0001:00076EB7  2018 0001:00076EDF  2020 0001:00076EE7  2021 0001:00076EFF
  2022 0001:00076F0C  2023 0001:00076F16  2025 0001:00076F99  2028 0001:00076FBC
  2030 0001:00076FE1  2031 0001:00076FE9  2033 0001:00076FF3  2035 0001:00076FFB
  2037 0001:00077010  2038 0001:00077049  2039 0001:00077075  2040 0001:000770AE
  2042 0001:000770DA  2044 0001:000770E7  2045 0001:00077136  2085 0001:00077173
  2086 0001:000771BE  2087 0001:000771F6  2088 0001:00077241  2089 0001:00077279
  2090 0001:000772BF  2091 0001:000772F2  2092 0001:00077338  2096 0001:0007736B
  2098 0001:00077376  2099 0001:00077385  2100 0001:00077394  2102 0001:0007752C
  2105 0001:000775E0  2106 0001:000775E6  2107 0001:000775F4  2110 0001:000775F8
  2111 0001:000775FB  2112 0001:00077609  2115 0001:00077610  2116 0001:00077613
  2117 0001:00077621  2123 0001:00077628  2124 0001:00077652  2126 0001:00077666
  2127 0001:0007766E  2128 0001:00077671  2130 0001:00077678  2132 0001:00077682
  2154 0001:000776C2  2156 0001:000776EE  2158 0001:0007771A  2159 0001:0007774E
  2162 0001:00077753  2167 0001:000777C8  2170 0001:00077830  2171 0001:00077833
  2172 0001:0007784C  2173 0001:00077851  2184 0001:0007785C  2185 0001:00077884
  2186 0001:0007789B  2187 0001:000778F9  2194 0001:0007791C  2195 0001:0007793D
  2196 0001:00077941  2197 0001:00077949  2199 0001:00077953  2201 0001:00077969
  2204 0001:000779DE  2205 0001:000779E2  2207 0001:000779E4  2199 0001:000779E5
  2208 0001:00077A2A  2214 0001:00077A34  2215 0001:00077A49  2216 0001:00077A51
  2218 0001:00077A57  2219 0001:00077A63  2220 0001:00077A9B  2222 0001:00077AA0
  2223 0001:00077ABC  2226 0001:00077ACD  2228 0001:00077AD6  2230 0001:00077AE5
  2232 0001:00077AF2  2233 0001:00077AFA  2236 0001:00077B17  2238 0001:00077B2B
  2243 0001:00077B59  2259 0001:00077B60  2260 0001:00077B78  2261 0001:00077BAE
  2262 0001:00077BF6  2264 0001:00077C4C  2265 0001:00077C55  2267 0001:00077C62
  2268 0001:00077C6A  2269 0001:00077C76  2270 0001:00077C87  2271 0001:00077C8F
  2272 0001:00077C9B  2273 0001:00077CA9  2275 0001:00077CC0  2276 0001:00077CC8
  2277 0001:00077CD0  2279 0001:00077CE4  2281 0001:00077CEF  2282 0001:00077CFC
  2292 0001:00077D04  2294 0001:00077D29  2295 0001:00077D31  2302 0001:00077D3B
  2304 0001:00077D4C  2305 0001:00077D66  2307 0001:00077D75  2309 0001:00077D82
  2328 0001:00077DF7  2338 0001:00077E28  2340 0001:00077E46  2341 0001:00077E4E
  2343 0001:00077E54  2349 0001:00077E7A  2350 0001:00077EC0  2358 0001:00077ED8
  2359 0001:00077EEE  2360 0001:00077EF5  2361 0001:00077EFD  2362 0001:00077F2A
  2373 0001:00077F30  2374 0001:00077F33  2375 0001:00077F3A  2380 0001:00077F3C
  2381 0001:00077F40  2382 0001:00077F6A  2383 0001:00077F77  2384 0001:00077F84
  2385 0001:00077F91  2388 0001:00077F94  2389 0001:00077FAB  2390 0001:00077FC9
  2391 0001:00077FE4  2392 0001:00077FFF  2393 0001:00078008  2394 0001:00078011
  2395 0001:0007801A  2396 0001:00078023  2397 0001:0007802C  2398 0001:00078035
  2399 0001:0007803E  2400 0001:00078047  2401 0001:00078062  2402 0001:0007807D
  2403 0001:00078098  2404 0001:000780C1  2405 0001:000780DE  2406 0001:00078115
  2411 0001:0007812C  2412 0001:00078130  2413 0001:0007815A  2414 0001:00078167
  2415 0001:00078174  2416 0001:0007819E  2421 0001:000781A4  2422 0001:000781A8
  2423 0001:000781B8  2424 0001:000781C5  2425 0001:000781D2  2426 0001:000781DF
  2427 0001:000781EC  2428 0001:000781F9  2429 0001:00078206  2430 0001:00078213
  2431 0001:00078220  2436 0001:00078224  2437 0001:00078227  2438 0001:00078251
  2439 0001:0007825E  2442 0001:00078260  2443 0001:00078276  2444 0001:00078285
  2445 0001:000782BE  2448 0001:000782C4  2449 0001:000782DA  2450 0001:000782E9
  2451 0001:00078322  2454 0001:00078328  2455 0001:0007833E  2456 0001:0007834D
  2457 0001:00078386  2460 0001:0007838C  2461 0001:0007838F  2463 0001:000783B0
  2465 0001:000783D3  2467 0001:000783F8  2468 0001:0007841D  2469 0001:0007842D
  2470 0001:00078436  2474 0001:0007845C  2475 0001:00078463  2485 0001:00078464
  2486 0001:00078483  2487 0001:0007848F  2489 0001:00078499  2490 0001:000784A8
  2491 0001:000784B6  2492 0001:000784D0  2494 0001:0007850E  2505 0001:00078543
  2526 0001:0007859C  2529 0001:000785A1  2535 0001:000785A4  2536 0001:000785AF
  2537 0001:000785BA  2538 0001:000785C5  2542 0001:000785C8  2551 0001:000785CC
  2554 0001:000785D0  2555 0001:000785D3  2556 0001:000785E5  2559 0001:000785FB
  2565 0001:00078638  2567 0001:000786F5  2561 0001:00078710  2562 0001:00078719
  2564 0001:00078728

Line numbers for EMessages(EMessages.pas) segment .text

    61 0001:00078AAC    62 0001:00078AC2    63 0001:00078AFF    71 0001:00078B04
    72 0001:00078B09    73 0001:00078B19    75 0001:00078B29    76 0001:00078B37
    77 0001:00078B3F    76 0001:00078B55    78 0001:00078B59    80 0001:00078B6C
    81 0001:00078B7A    82 0001:00078B82    81 0001:00078B98    83 0001:00078B9C
    85 0001:00078BAF    86 0001:00078BBD    87 0001:00078BC5    86 0001:00078BDB
    88 0001:00078BDF    90 0001:00078BF2    91 0001:00078C00    92 0001:00078C08
    91 0001:00078C1E    93 0001:00078C22    95 0001:00078C32    96 0001:00078C39
    99 0001:00078C60   100 0001:00078C76   101 0001:00078C96   102 0001:00078CBC
   107 0001:00078CC0   108 0001:00078CD7   109 0001:00078CF5   110 0001:00078D02
   111 0001:00078D0F   112 0001:00078D1C   113 0001:00078D29   114 0001:00078D36
   115 0001:00078D43   116 0001:00078D50   117 0001:00078D5D   118 0001:00078D87
   120 0001:00078DD0   120 0001:00078DD7

Line numbers for EParser(EParser.pas) segment .text

    56 0001:00078E78    57 0001:00078E9B    59 0001:00078E9F    61 0001:00078EA6
    64 0001:00078EBC    66 0001:00078EC0    65 0001:00078EC1    69 0001:00078EF5
    71 0001:00078EFD    73 0001:00078F0D    72 0001:00078F0F    74 0001:00078F46
    76 0001:00078F5F    77 0001:00078F75    78 0001:00078FA5    83 0001:00078FAC
    84 0001:00078FCD    85 0001:00078FD6    88 0001:00078FF5    89 0001:00078FFE
    90 0001:00079014    92 0001:00079033    93 0001:00079037    94 0001:00079058
    95 0001:0007907F    96 0001:000790AC   101 0001:000790B4   102 0001:000790F5
   103 0001:000790F7   105 0001:00079100   106 0001:0007910B   107 0001:00079125
   105 0001:00079128   110 0001:0007912D   111 0001:00079138   110 0001:00079153
   113 0001:0007917F   119 0001:0007918C   120 0001:000791AD   121 0001:000791B2
   122 0001:000791C1   123 0001:000791CF   124 0001:000791D9   125 0001:000791DB
   127 0001:000791F2   128 0001:00079212   130 0001:00079217   131 0001:0007921E
   133 0001:00079220   125 0001:00079223   135 0001:00079233   137 0001:00079263
   142 0001:0007926C   144 0001:000792B4   145 0001:000792C0   146 0001:000792D0
   147 0001:00079310   153 0001:00079320   154 0001:00079340   157 0001:00079347
   159 0001:00079363   155 0001:0007937D   161 0001:000793B9   166 0001:000793C0
   167 0001:000793E0   170 0001:000793E7   172 0001:00079404   174 0001:0007941D
   175 0001:0007941F   178 0001:00079421   180 0001:00079437   181 0001:00079442
   184 0001:0007944D   186 0001:00079466   187 0001:00079468   168 0001:0007946A
   190 0001:000794A8   198 0001:000794B0   199 0001:000794D9   200 0001:000794DE
   201 0001:000794E4   202 0001:00079503   204 0001:00079508   206 0001:00079522
   207 0001:0007953A   208 0001:00079546   211 0001:0007954B   213 0001:00079565
   214 0001:00079579   217 0001:0007958A   218 0001:0007958F   220 0001:000795A0
   223 0001:000795A5   225 0001:000795AD   226 0001:000795C6   229 0001:000795D7
   232 0001:000795E1   234 0001:000795F7   236 0001:00079604   237 0001:00079606
   238 0001:00079612   239 0001:0007961E   240 0001:0007963B   244 0001:00079646
   246 0001:0007965F   247 0001:0007966B   230 0001:0007966D   251 0001:0007968C
   256 0001:0007968E   257 0001:0007969A   259 0001:000796B0   260 0001:000796BD
   254 0001:000796C9   263 0001:00079717   266 0001:00079720   267 0001:00079722
   269 0001:0007972C   270 0001:0007973B   271 0001:0007974A   272 0001:00079759
   274 0001:00079768   275 0001:00079777   276 0001:00079786   277 0001:00079795
   279 0001:000797A4   281 0001:000797B5   282 0001:000797C4   284 0001:000797D3
   285 0001:000797DA   287 0001:00079870   288 0001:00079879   289 0001:0007987E
   290 0001:00079889   298 0001:00079890   299 0001:00079892   301 0001:0007989C
   302 0001:000798AB   303 0001:000798BA   304 0001:000798C9   306 0001:000798D3
   307 0001:000798E2   308 0001:000798F1   309 0001:00079900   311 0001:0007990A
   313 0001:0007991B   314 0001:0007992A   316 0001:00079939   317 0001:00079940
   319 0001:000799B8   320 0001:000799DF   322 0001:000799E4   323 0001:000799E6
   325 0001:000799EC   329 0001:00079A03   330 0001:00079A0F   332 0001:00079A44
   333 0001:00079A4F   336 0001:00079A51   338 0001:00079A6A   339 0001:00079A75
   327 0001:00079A77   343 0001:00079A82   344 0001:00079AB8   346 0001:00079B84
   346 0001:00079B8B

Line numbers for EToolsAPI(EToolsAPI.pas) segment .text

    69 0001:00079C18    91 0001:00079D48   101 0001:00079E70   125 0001:00079F60
   130 0001:00079F64   135 0001:00079F68   140 0001:00079F6C   145 0001:00079F70
   150 0001:00079F74   163 0001:00079F78   164 0001:00079FA4   165 0001:00079FBB
   166 0001:00079FCE   168 0001:0007A036   171 0001:0007A03C   172 0001:0007A03D
   173 0001:0007A055   174 0001:0007A06C   176 0001:0007A0B0   177 0001:0007A0D9
   179 0001:0007A0E3   180 0001:0007A0EF   182 0001:0007A0F7   184 0001:0007A111
   185 0001:0007A11E   189 0001:0007A16B   190 0001:0007A18C   196 0001:0007A1B5
   197 0001:0007A216   200 0001:0007A21C   182 0001:0007A21F   202 0001:0007A226
   203 0001:0007A242   204 0001:0007A262   205 0001:0007A2B1   210 0001:0007A340
   211 0001:0007A356   213 0001:0007A364   214 0001:0007A384   215 0001:0007A3AB
   217 0001:0007A3BE   218 0001:0007A3EA   309 0001:0007A3F0   310 0001:0007A40C
   312 0001:0007A411   322 0001:0007A426   325 0001:0007A458   328 0001:0007A46B
   329 0001:0007A470   332 0001:0007A4AA   337 0001:0007A4B4   338 0001:0007A4DC
   339 0001:0007A4E5   340 0001:0007A4EF   341 0001:0007A504   342 0001:0007A53F
   345 0001:0007A548   346 0001:0007A553   347 0001:0007A55A   348 0001:0007A571
   353 0001:0007A574   355 0001:0007A58C   357 0001:0007A592   358 0001:0007A5AC
   360 0001:0007A5B1   361 0001:0007A5BF   365 0001:0007A5CB   367 0001:0007A5D3
   368 0001:0007A5DD   369 0001:0007A5F5   371 0001:0007A5FC   372 0001:0007A626
   377 0001:0007A62C   378 0001:0007A642   380 0001:0007A648   381 0001:0007A664
   382 0001:0007A699   387 0001:0007A6A0   388 0001:0007A6A7   390 0001:0007A6AD
   391 0001:0007A6BE   392 0001:0007A6DD   393 0001:0007A6E7   396 0001:0007A6EC
   397 0001:0007A704   399 0001:0007A70A   400 0001:0007A759   404 0001:0007A760
   405 0001:0007A762   410 0001:0007A764   419 0001:0007A768   424 0001:0007A76C
   429 0001:0007A770   434 0001:0007A774   439 0001:0007A778   443 0001:0007A77C
   444 0001:0007A7A5   446 0001:0007A7C3   447 0001:0007A7D1   448 0001:0007A7E4
   450 0001:0007A82F   452 0001:0007A860   462 0001:0007A868   463 0001:0007A87C
   464 0001:0007A87E   466 0001:0007A89D   467 0001:0007A8C6   473 0001:0007A8DC
   474 0001:0007A8E2   476 0001:0007A8E5   477 0001:0007A8EC   478 0001:0007A8F0
   479 0001:0007A914   480 0001:0007A925   486 0001:0007A92C   487 0001:0007A931
   488 0001:0007A933   489 0001:0007A93A   491 0001:0007A93E   492 0001:0007A945
   494 0001:0007A958   498 0001:0007A95C   499 0001:0007A966   513 0001:0007A97C
   514 0001:0007A996   515 0001:0007A9A6   516 0001:0007A9AF   518 0001:0007A9C1
   520 0001:0007A9CD   521 0001:0007A9E2   523 0001:0007A9E6   524 0001:0007A9F4
   526 0001:0007A9FD   527 0001:0007AA1C   529 0001:0007AA3B   530 0001:0007AA64
   532 0001:0007AA7C   533 0001:0007AA91   534 0001:0007AA98   536 0001:0007AAA0
   537 0001:0007AAB3   539 0001:0007AAC2   540 0001:0007AAD5   541 0001:0007AAE4
   543 0001:0007AAFF   544 0001:0007AB10   546 0001:0007AB2C   547 0001:0007AB4B
   549 0001:0007AB71   551 0001:0007AB7E   552 0001:0007AB8B   555 0001:0007AB98
   556 0001:0007AB9F   558 0001:0007ABA7   559 0001:0007ABB3   561 0001:0007ABBC
   562 0001:0007ABCF   563 0001:0007ABDE   565 0001:0007ABF1   566 0001:0007AC10
   567 0001:0007AC2A   568 0001:0007AC3A   569 0001:0007AC54   570 0001:0007AC6E
   574 0001:0007AC7E   576 0001:0007AC98   579 0001:0007ACC6   583 0001:0007AE30
   590 0001:0007AE34   591 0001:0007AE3A   593 0001:0007AE3F   594 0001:0007AE5C
   595 0001:0007AE63   597 0001:0007AE67   599 0001:0007AE6C   600 0001:0007AE70
   602 0001:0007AE80   603 0001:0007AE88   605 0001:0007AE8E   606 0001:0007AE9D
   608 0001:0007AEA6   609 0001:0007AEB0   611 0001:0007AEB7   614 0001:0007AEC6
   615 0001:0007AED0   616 0001:0007AED7   622 0001:0007AEDC   623 0001:0007AEF1
   625 0001:0007AF10   626 0001:0007AF2D   627 0001:0007AF3D   628 0001:0007AF73
   633 0001:0007AF88   634 0001:0007AF9B   636 0001:0007AFBA   637 0001:0007AFEE
   649 0001:0007B004   650 0001:0007B025   651 0001:0007B02D   653 0001:0007B04C
   654 0001:0007B059   656 0001:0007B05F   658 0001:0007B071   659 0001:0007B07E
   660 0001:0007B099   656 0001:0007B09A   661 0001:0007B0CA   670 0001:0007B0F4
   671 0001:0007B112   672 0001:0007B116   673 0001:0007B120   676 0001:0007B152
   678 0001:0007B171   679 0001:0007B17E   681 0001:0007B184   682 0001:0007B195
   683 0001:0007B1A6   685 0001:0007B1AA   686 0001:0007B1AD   687 0001:0007B1B8
   689 0001:0007B1BE   692 0001:0007B1F5   698 0001:0007B20C   699 0001:0007B22C
   700 0001:0007B230   701 0001:0007B23B   703 0001:0007B23F   704 0001:0007B24A
   706 0001:0007B250   707 0001:0007B25B   708 0001:0007B264   711 0001:0007B288
   717 0001:0007B290   718 0001:0007B2AA   720 0001:0007B2C9   721 0001:0007B2D6
   722 0001:0007B2E8   723 0001:0007B32A   731 0001:0007B340   732 0001:0007B362
   733 0001:0007B369   734 0001:0007B375   736 0001:0007B37F   737 0001:0007B38A
   738 0001:0007B394   739 0001:0007B3A2   741 0001:0007B3AA   742 0001:0007B3B7
   743 0001:0007B3DA   744 0001:0007B3E4   745 0001:0007B3EF   746 0001:0007B3F3
   748 0001:0007B40A   750 0001:0007B44C   756 0001:0007B454   757 0001:0007B472
   758 0001:0007B47E   760 0001:0007B484   761 0001:0007B48F   762 0001:0007B495
   763 0001:0007B4A3   764 0001:0007B4AD   766 0001:0007B4C5   768 0001:0007B4FA
   774 0001:0007B504   775 0001:0007B522   776 0001:0007B52E   778 0001:0007B534
   779 0001:0007B53F   780 0001:0007B545   781 0001:0007B553   782 0001:0007B55D
   784 0001:0007B575   786 0001:0007B5AA   789 0001:0007B5B4   790 0001:0007B5B7
   791 0001:0007B5C3   792 0001:0007B5CF   813 0001:0007B5D4   814 0001:0007B5ED
   815 0001:0007B60D   816 0001:0007B61A   817 0001:0007B657   820 0001:0007B680
   821 0001:0007B69B   822 0001:0007B69D   825 0001:0007B6DC   826 0001:0007B6E9
   828 0001:0007B70F   830 0001:0007B718   831 0001:0007B73C   832 0001:0007B73E
   835 0001:0007B788   836 0001:0007B7A0   840 0001:0007B7A7   841 0001:0007B7AF
   842 0001:0007B7B5   843 0001:0007B7CB   845 0001:0007B7CF   847 0001:0007B7E6
   848 0001:0007B7F4   850 0001:0007B80B   851 0001:0007B822   853 0001:0007B826
   845 0001:0007B829   856 0001:0007B860   898 0001:0007B868   899 0001:0007B8B0
   900 0001:0007B8B2   902 0001:0007B8C4   904 0001:0007B8CA   908 0001:0007B927
   915 0001:0007B947   916 0001:0007B954   918 0001:0007B95A   920 0001:0007B97D
   921 0001:0007B988   922 0001:0007B995   925 0001:0007B99F   926 0001:0007B9A7
   928 0001:0007B9B7   930 0001:0007B9BD   931 0001:0007B9D5   933 0001:0007B9E0
   934 0001:0007B9F1   936 0001:0007BA09   937 0001:0007BA1F   941 0001:0007BA28
   942 0001:0007BA34   944 0001:0007BA44   945 0001:0007BA4A   946 0001:0007BA4D
   947 0001:0007BA5A   948 0001:0007BA65   949 0001:0007BA7D   950 0001:0007BA8A
   951 0001:0007BA95   953 0001:0007BABD   954 0001:0007BAD5   955 0001:0007BAEA
   956 0001:0007BAFF   958 0001:0007BB17   959 0001:0007BB85   967 0001:0007BBA0
   968 0001:0007BBC1   970 0001:0007BBE4   972 0001:0007BC00   973 0001:0007BC0E
   975 0001:0007BC24   976 0001:0007BC31   981 0001:0007BC92   982 0001:0007BCA2
   986 0001:0007BCE4   973 0001:0007BCE5   987 0001:0007BCEC   970 0001:0007BCEF
   988 0001:0007BD3A   994 0001:0007BDE0   995 0001:0007BDE4   997 0001:0007BDF4
   998 0001:0007BE0F   999 0001:0007BE19   995 0001:0007BE1A  1000 0001:0007BE1F
  1008 0001:0007BE24  1009 0001:0007BE36  1012 0001:0007BE58  1013 0001:0007BE74
  1014 0001:0007BE7E  1015 0001:0007BE83  1017 0001:0007BE96  1018 0001:0007BEA8
  1022 0001:0007BED8  1023 0001:0007BEF4  1027 0001:0007BEF8  1028 0001:0007BF03
  1035 0001:0007BF04  1047 0001:0007BF11  1048 0001:0007BF30  1049 0001:0007BF3A
  1051 0001:0007BF3F  1056 0001:0007BF40  1057 0001:0007BF4A  1058 0001:0007BF54
  1060 0001:0007BF59  1068 0001:0007BF5C  1070 0001:0007BFAD  1064 0001:0007BFC8
  1065 0001:0007BFE2  1067 0001:0007C006

Line numbers for EMain(EMain.pas) segment .text

    60 0001:0007C0CC    65 0001:0007C0D0    66 0001:0007C0E8    68 0001:0007C0EE
    71 0001:0007C10A    73 0001:0007C12E    87 0001:0007C158    89 0001:0007C15F
    99 0001:0007C164   104 0001:0007C168   108 0001:0007C169   109 0001:0007C17F
   113 0001:0007C198   114 0001:0007C1A2   115 0001:0007C1A7   116 0001:0007C1AC
   119 0001:0007C1B1   122 0001:0007C1BC   123 0001:0007C1CF   124 0001:0007C1DE
   125 0001:0007C1EA   126 0001:0007C1FF   130 0001:0007C200   131 0001:0007C20A
   132 0001:0007C20F   134 0001:0007C214   135 0001:0007C21E   143 0001:0007C220
   145 0001:0007C25D   139 0001:0007C274   140 0001:0007C27D   142 0001:0007C28C

Line numbers for ExceptionExpert7(C:\Program Files\EurekaLog 6\Delphi7\ExceptionExpert7.dpk) segment .text

    69 0001:0007C604

Bound resource files

DIALOG.RES
EWait.dfm
EVariables.DFM
EIDEOptions.DFM
EAbout.dfm
EOption.DFM
EMessages.DFM
EurekaLog.res
ExceptionExpert7.res
ExceptionExpert7.drf


Program entry point at 0001:0007C604
